Archive member included to satisfy reference by file (symbol)

c:/program files (x86)/gnu tools arm embedded/7 2017-q4-major/bin/../lib/gcc/arm-none-eabi/7.2.1/../../../../arm-none-eabi/lib/thumb/v6-m\libc_nano.a(lib_a-exit.o)
                              c:/program files (x86)/gnu tools arm embedded/7 2017-q4-major/bin/../lib/gcc/arm-none-eabi/7.2.1/../../../../arm-none-eabi/lib/thumb/v6-m/crt0.o (exit)
c:/program files (x86)/gnu tools arm embedded/7 2017-q4-major/bin/../lib/gcc/arm-none-eabi/7.2.1/../../../../arm-none-eabi/lib/thumb/v6-m\libc_nano.a(lib_a-impure.o)
                              c:/program files (x86)/gnu tools arm embedded/7 2017-q4-major/bin/../lib/gcc/arm-none-eabi/7.2.1/../../../../arm-none-eabi/lib/thumb/v6-m\libc_nano.a(lib_a-exit.o) (_global_impure_ptr)
c:/program files (x86)/gnu tools arm embedded/7 2017-q4-major/bin/../lib/gcc/arm-none-eabi/7.2.1/../../../../arm-none-eabi/lib/thumb/v6-m\libc_nano.a(lib_a-init.o)
                              c:/program files (x86)/gnu tools arm embedded/7 2017-q4-major/bin/../lib/gcc/arm-none-eabi/7.2.1/../../../../arm-none-eabi/lib/thumb/v6-m/crt0.o (__libc_init_array)
c:/program files (x86)/gnu tools arm embedded/7 2017-q4-major/bin/../lib/gcc/arm-none-eabi/7.2.1/../../../../arm-none-eabi/lib/thumb/v6-m\libc_nano.a(lib_a-memset.o)
                              c:/program files (x86)/gnu tools arm embedded/7 2017-q4-major/bin/../lib/gcc/arm-none-eabi/7.2.1/../../../../arm-none-eabi/lib/thumb/v6-m/crt0.o (memset)
c:/program files (x86)/gnu tools arm embedded/7 2017-q4-major/bin/../lib/gcc/arm-none-eabi/7.2.1/../../../../arm-none-eabi/lib/thumb/v6-m\libnosys.a(_exit.o)
                              c:/program files (x86)/gnu tools arm embedded/7 2017-q4-major/bin/../lib/gcc/arm-none-eabi/7.2.1/../../../../arm-none-eabi/lib/thumb/v6-m\libc_nano.a(lib_a-exit.o) (_exit)
c:/program files (x86)/gnu tools arm embedded/7 2017-q4-major/bin/../lib/gcc/arm-none-eabi/7.2.1/thumb/v6-m\libgcc.a(_udivsi3.o)
                              _build/nrf51822_xxaa_app_timer_freertos.c.o (__aeabi_uidiv)
c:/program files (x86)/gnu tools arm embedded/7 2017-q4-major/bin/../lib/gcc/arm-none-eabi/7.2.1/thumb/v6-m\libgcc.a(_divsi3.o)
                              _build/nrf51822_xxaa_bsp.c.o (__aeabi_idiv)
c:/program files (x86)/gnu tools arm embedded/7 2017-q4-major/bin/../lib/gcc/arm-none-eabi/7.2.1/thumb/v6-m\libgcc.a(_dvmd_tls.o)
                              c:/program files (x86)/gnu tools arm embedded/7 2017-q4-major/bin/../lib/gcc/arm-none-eabi/7.2.1/thumb/v6-m\libgcc.a(_udivsi3.o) (__aeabi_idiv0)
c:/program files (x86)/gnu tools arm embedded/7 2017-q4-major/bin/../lib/gcc/arm-none-eabi/7.2.1/../../../../arm-none-eabi/lib/thumb/v6-m\libc_nano.a(lib_a-memcmp.o)
                              _build/nrf51822_xxaa_id_manager.c.o (memcmp)
c:/program files (x86)/gnu tools arm embedded/7 2017-q4-major/bin/../lib/gcc/arm-none-eabi/7.2.1/../../../../arm-none-eabi/lib/thumb/v6-m\libc_nano.a(lib_a-memcpy-stub.o)
                              _build/nrf51822_xxaa_queue.c.o (memcpy)
c:/program files (x86)/gnu tools arm embedded/7 2017-q4-major/bin/../lib/gcc/arm-none-eabi/7.2.1/../../../../arm-none-eabi/lib/thumb/v6-m\libc_nano.a(lib_a-memmove.o)
                              _build/nrf51822_xxaa_ble_hrs.c.o (memmove)
c:/program files (x86)/gnu tools arm embedded/7 2017-q4-major/bin/../lib/gcc/arm-none-eabi/7.2.1/../../../../arm-none-eabi/lib/thumb/v6-m\libc_nano.a(lib_a-strcpy.o)
                              _build/nrf51822_xxaa_SEGGER_RTT.c.o (strcpy)
c:/program files (x86)/gnu tools arm embedded/7 2017-q4-major/bin/../lib/gcc/arm-none-eabi/7.2.1/../../../../arm-none-eabi/lib/thumb/v6-m\libc_nano.a(lib_a-strlen.o)
                              _build/nrf51822_xxaa_main.c.o (strlen)

Allocating common symbols
Common symbol       size              file

nrf_nvic_state      0x8               _build/nrf51822_xxaa_app_util_platform.c.o
xQueueRegistry      0x10              _build/nrf51822_xxaa_queue.c.o
_SEGGER_RTT         0x78              _build/nrf51822_xxaa_SEGGER_RTT.c.o

Discarded input sections

 .text          0x00000000        0x0 c:/program files (x86)/gnu tools arm embedded/7 2017-q4-major/bin/../lib/gcc/arm-none-eabi/7.2.1/thumb/v6-m/crti.o
 .data          0x00000000        0x0 c:/program files (x86)/gnu tools arm embedded/7 2017-q4-major/bin/../lib/gcc/arm-none-eabi/7.2.1/thumb/v6-m/crti.o
 .bss           0x00000000        0x0 c:/program files (x86)/gnu tools arm embedded/7 2017-q4-major/bin/../lib/gcc/arm-none-eabi/7.2.1/thumb/v6-m/crti.o
 .data          0x00000000        0x4 c:/program files (x86)/gnu tools arm embedded/7 2017-q4-major/bin/../lib/gcc/arm-none-eabi/7.2.1/thumb/v6-m/crtbegin.o
 .data          0x00000000        0x0 c:/program files (x86)/gnu tools arm embedded/7 2017-q4-major/bin/../lib/gcc/arm-none-eabi/7.2.1/../../../../arm-none-eabi/lib/thumb/v6-m/crt0.o
[...]
Memory Configuration

Name             Origin             Length             Attributes
FLASH            0x0001b000         0x00025000         xr
RAM              0x20001fe8         0x00002018         xrw
*default*        0x00000000         0xffffffff

Linker script and memory map


.text           0x0001b000     0xe0e0
 *(.isr_vector)
 .isr_vector    0x0001b000       0xc0 _build/nrf51822_xxaa_gcc_startup_nrf51.S.o
                0x0001b000                __isr_vector
 *(.text*)
 .text          0x0001b0c0       0x48 c:/program files (x86)/gnu tools arm embedded/7 2017-q4-major/bin/../lib/gcc/arm-none-eabi/7.2.1/thumb/v6-m/crtbegin.o
 .text          0x0001b108       0x78 c:/program files (x86)/gnu tools arm embedded/7 2017-q4-major/bin/../lib/gcc/arm-none-eabi/7.2.1/../../../../arm-none-eabi/lib/thumb/v6-m/crt0.o
                0x0001b108                _start
                0x0001b108                _mainCRTStartup
 .text.exit     0x0001b180       0x2c c:/program files (x86)/gnu tools arm embedded/7 2017-q4-major/bin/../lib/gcc/arm-none-eabi/7.2.1/../../../../arm-none-eabi/lib/thumb/v6-m\libc_nano.a(lib_a-exit.o)
                0x0001b180                exit
 .text.__libc_init_array
                0x0001b1ac       0x48 c:/program files (x86)/gnu tools arm embedded/7 2017-q4-major/bin/../lib/gcc/arm-none-eabi/7.2.1/../../../../arm-none-eabi/lib/thumb/v6-m\libc_nano.a(lib_a-init.o)
                0x0001b1ac                __libc_init_array
 .text.memset   0x0001b1f4       0x10 c:/program files (x86)/gnu tools arm embedded/7 2017-q4-major/bin/../lib/gcc/arm-none-eabi/7.2.1/../../../../arm-none-eabi/lib/thumb/v6-m\libc_nano.a(lib_a-memset.o)
                0x0001b1f4                memset
 .text._exit    0x0001b204        0x4 c:/program files (x86)/gnu tools arm embedded/7 2017-q4-major/bin/../lib/gcc/arm-none-eabi/7.2.1/../../../../arm-none-eabi/lib/thumb/v6-m\libnosys.a(_exit.o)
                0x0001b204                _exit
 .text.detection_delay_timeout_handler
                0x0001b208       0xa0 _build/nrf51822_xxaa_app_button.c.o
 .text.gpiote_event_handler
                0x0001b2a8       0x5c _build/nrf51822_xxaa_app_button.c.o
 .text.app_button_init
                0x0001b304       0xb0 _build/nrf51822_xxaa_app_button.c.o
                0x0001b304                app_button_init
 .text.app_button_enable
                0x0001b3b4       0x30 _build/nrf51822_xxaa_app_button.c.o
                0x0001b3b4                app_button_enable
 .text.app_error_handler_bare
                0x0001b3e4       0x20 _build/nrf51822_xxaa_app_error.c.o
                0x0001b3e4                app_error_handler_bare
 .text.app_error_fault_handler
                0x0001b404       0x1c _build/nrf51822_xxaa_app_error_weak.c.o
                0x0001b404                app_error_fault_handler
 .text.app_timer_callback
                0x0001b420       0x18 _build/nrf51822_xxaa_app_timer_freertos.c.o
 .text.app_timer_init
                0x0001b438       0x10 _build/nrf51822_xxaa_app_timer_freertos.c.o
                0x0001b438                app_timer_init
 .text.app_timer_create
                0x0001b448       0x5c _build/nrf51822_xxaa_app_timer_freertos.c.o
                0x0001b448                app_timer_create
 .text.app_timer_start
                0x0001b4a4       0xe8 _build/nrf51822_xxaa_app_timer_freertos.c.o
                0x0001b4a4                app_timer_start
 .text.app_timer_stop
                0x0001b58c       0x70 _build/nrf51822_xxaa_app_timer_freertos.c.o
                0x0001b58c                app_timer_stop
 .text.app_util_critical_region_enter
                0x0001b5fc       0x40 _build/nrf51822_xxaa_app_util_platform.c.o
                0x0001b5fc                app_util_critical_region_enter
 .text.app_util_critical_region_exit
                0x0001b63c       0x2c _build/nrf51822_xxaa_app_util_platform.c.o
                0x0001b63c                app_util_critical_region_exit
 .text.gc_record_find_next
                0x0001b668       0xbc _build/nrf51822_xxaa_fds.c.o
 .text.record_find_by_desc
                0x0001b724       0xe8 _build/nrf51822_xxaa_fds.c.o
 .text.queue_process
                0x0001b80c      0x7ec _build/nrf51822_xxaa_fds.c.o
 .text.fs_event_handler
                0x0001bff8        0xc _build/nrf51822_xxaa_fds.c.o
 .text.fds_register
                0x0001c004       0x24 _build/nrf51822_xxaa_fds.c.o
                0x0001c004                fds_register
 .text.fds_init
                0x0001c028      0x300 _build/nrf51822_xxaa_fds.c.o
                0x0001c028                fds_init
 .text.fds_record_open
                0x0001c328       0x4c _build/nrf51822_xxaa_fds.c.o
                0x0001c328                fds_record_open
 .text.fds_record_close
                0x0001c374       0x4c _build/nrf51822_xxaa_fds.c.o
                0x0001c374                fds_record_close
 .text.fds_reserve
                0x0001c3c0       0x74 _build/nrf51822_xxaa_fds.c.o
                0x0001c3c0                fds_reserve
 .text.fds_reserve_cancel
                0x0001c434       0x48 _build/nrf51822_xxaa_fds.c.o
                0x0001c434                fds_reserve_cancel
 .text.fds_record_write
                0x0001c47c      0x21c _build/nrf51822_xxaa_fds.c.o
                0x0001c47c                fds_record_write
 .text.fds_record_write_reserved
                0x0001c698      0x1ac _build/nrf51822_xxaa_fds.c.o
                0x0001c698                fds_record_write_reserved
 .text.fds_record_update
                0x0001c844      0x228 _build/nrf51822_xxaa_fds.c.o
                0x0001c844                fds_record_update
 .text.fds_file_delete
                0x0001ca6c       0x74 _build/nrf51822_xxaa_fds.c.o
                0x0001ca6c                fds_file_delete
 .text.fds_gc   0x0001cae0       0x6c _build/nrf51822_xxaa_fds.c.o
                0x0001cae0                fds_gc
 .text.fds_record_find
                0x0001cb4c       0xd8 _build/nrf51822_xxaa_fds.c.o
                0x0001cb4c                fds_record_find
 .text.fds_record_find_by_key
                0x0001cc24       0xcc _build/nrf51822_xxaa_fds.c.o
                0x0001cc24                fds_record_find_by_key
 .text.fds_record_find_in_file
                0x0001ccf0       0xcc _build/nrf51822_xxaa_fds.c.o
                0x0001ccf0                fds_record_find_in_file
 .text.fds_record_id_from_desc
                0x0001cdbc       0x14 _build/nrf51822_xxaa_fds.c.o
                0x0001cdbc                fds_record_id_from_desc
 .text.sd_flash_write
                0x0001cdd0        0x4 _build/nrf51822_xxaa_fstorage.c.o
 .text.sd_flash_page_erase
                0x0001cdd4        0x4 _build/nrf51822_xxaa_fstorage.c.o
 .text.queue_process
                0x0001cdd8       0xc8 _build/nrf51822_xxaa_fstorage.c.o
 .text.fs_init  0x0001cea0       0xc4 _build/nrf51822_xxaa_fstorage.c.o
                0x0001cea0                fs_init
 .text.fs_store
                0x0001cf64       0xe4 _build/nrf51822_xxaa_fstorage.c.o
                0x0001cf64                fs_store
 .text.fs_erase
                0x0001d048       0xdc _build/nrf51822_xxaa_fstorage.c.o
                0x0001d048                fs_erase
 .text.fs_queued_op_count_get
                0x0001d124       0x18 _build/nrf51822_xxaa_fstorage.c.o
                0x0001d124                fs_queued_op_count_get
 .text.fs_sys_event_handler
                0x0001d13c      0x2e8 _build/nrf51822_xxaa_fstorage.c.o
                0x0001d13c                fs_sys_event_handler
 .text.HardFault_Handler
                0x0001d424       0x34 _build/nrf51822_xxaa_hardfault_handler_gcc.c.o
                0x0001d424                HardFault_Handler
 .text.HardFault_process
                0x0001d458       0x1c _build/nrf51822_xxaa_hardfault_implementation.c.o
                0x0001d458                HardFault_process
 .text.HardFault_c_handler
                0x0001d474        0x8 _build/nrf51822_xxaa_hardfault_implementation.c.o
                0x0001d474                HardFault_c_handler
 .text.sdk_mapped_flags_first_key_index_get
                0x0001d47c       0x58 _build/nrf51822_xxaa_sdk_mapped_flags.c.o
                0x0001d47c                sdk_mapped_flags_first_key_index_get
 .text.sdk_mapped_flags_update_by_key
                0x0001d4d4       0x70 _build/nrf51822_xxaa_sdk_mapped_flags.c.o
                0x0001d4d4                sdk_mapped_flags_update_by_key
 .text.sdk_mapped_flags_bulk_update_by_key
                0x0001d544      0x23c _build/nrf51822_xxaa_sdk_mapped_flags.c.o
                0x0001d544                sdk_mapped_flags_bulk_update_by_key
 .text.sdk_mapped_flags_get_by_key
                0x0001d780       0x64 _build/nrf51822_xxaa_sdk_mapped_flags.c.o
                0x0001d780                sdk_mapped_flags_get_by_key
 .text.sdk_mapped_flags_key_list_get
                0x0001d7e4       0x78 _build/nrf51822_xxaa_sdk_mapped_flags.c.o
                0x0001d7e4                sdk_mapped_flags_key_list_get
 .text.sensorsim_init
                0x0001d85c       0x18 _build/nrf51822_xxaa_sensorsim.c.o
                0x0001d85c                sensorsim_init
 .text.sensorsim_measure
                0x0001d874       0x3c _build/nrf51822_xxaa_sensorsim.c.o
                0x0001d874                sensorsim_measure
 .text.pvPortMalloc
                0x0001d8b0       0x54 _build/nrf51822_xxaa_heap_1.c.o
                0x0001d8b0                pvPortMalloc
 .text.vPortFree
                0x0001d904        0x4 _build/nrf51822_xxaa_heap_1.c.o
                0x0001d904                vPortFree
 .text.vListInitialise
                0x0001d908       0x18 _build/nrf51822_xxaa_list.c.o
                0x0001d908                vListInitialise
 .text.vListInitialiseItem
                0x0001d920        0x8 _build/nrf51822_xxaa_list.c.o
                0x0001d920                vListInitialiseItem
 .text.vListInsertEnd
                0x0001d928       0x18 _build/nrf51822_xxaa_list.c.o
                0x0001d928                vListInsertEnd
 .text.vListInsert
                0x0001d940       0x30 _build/nrf51822_xxaa_list.c.o
                0x0001d940                vListInsert
 .text.uxListRemove
                0x0001d970       0x24 _build/nrf51822_xxaa_list.c.o
                0x0001d970                uxListRemove
 .text.vPortStartFirstTask
                0x0001d994       0x2c _build/nrf51822_xxaa_port.c.o
                0x0001d994                vPortStartFirstTask
 .text.SVC_Handler
                0x0001d9c0        0x4 _build/nrf51822_xxaa_port.c.o
                0x0001d9c0                SVC_Handler
 .text.PendSV_Handler
                0x0001d9c4       0x40 _build/nrf51822_xxaa_port.c.o
                0x0001d9c4                PendSV_Handler
 .text.prvTaskExitError
                0x0001da04       0x38 _build/nrf51822_xxaa_port_cmsis.c.o
 .text.pxPortInitialiseStack
                0x0001da3c       0x20 _build/nrf51822_xxaa_port_cmsis.c.o
                0x0001da3c                pxPortInitialiseStack
 .text.xPortStartScheduler
                0x0001da5c       0x38 _build/nrf51822_xxaa_port_cmsis.c.o
                0x0001da5c                xPortStartScheduler
 .text.vPortTaskYield
                0x0001da94       0x30 _build/nrf51822_xxaa_port_cmsis.c.o
                0x0001da94                vPortTaskYield
 .text.vPortEnterCritical
                0x0001dac4       0x44 _build/nrf51822_xxaa_port_cmsis.c.o
                0x0001dac4                vPortEnterCritical
 .text.vPortExitCritical
                0x0001db08       0x60 _build/nrf51822_xxaa_port_cmsis.c.o
                0x0001db08                vPortExitCritical
 .text.vPortSafeTaskSwitchContext
                0x0001db68       0x60 _build/nrf51822_xxaa_port_cmsis.c.o
                0x0001db68                vPortSafeTaskSwitchContext
 .text.RTC1_IRQHandler
                0x0001dbc8       0x84 _build/nrf51822_xxaa_port_cmsis_systick.c.o
                0x0001dbc8                RTC1_IRQHandler
 .text.vPortSetupTimerInterrupt
                0x0001dc4c       0x4c _build/nrf51822_xxaa_port_cmsis_systick.c.o
                0x0001dc4c                vPortSetupTimerInterrupt
 .text.vPortSuppressTicksAndSleep
                0x0001dc98      0x124 _build/nrf51822_xxaa_port_cmsis_systick.c.o
                0x0001dc98                vPortSuppressTicksAndSleep
 .text.xQueueGenericCreate
                0x0001ddbc       0x6c _build/nrf51822_xxaa_queue.c.o
                0x0001ddbc                xQueueGenericCreate
 .text.xQueueGenericSend
                0x0001de28      0x380 _build/nrf51822_xxaa_queue.c.o
                0x0001de28                xQueueGenericSend
 .text.xQueueGenericSendFromISR
                0x0001e1a8      0x14c _build/nrf51822_xxaa_queue.c.o
                0x0001e1a8                xQueueGenericSendFromISR
 .text.xQueueGiveFromISR
                0x0001e2f4       0x98 _build/nrf51822_xxaa_queue.c.o
                0x0001e2f4                xQueueGiveFromISR
 .text.xQueueGenericReceive
                0x0001e38c      0x2f8 _build/nrf51822_xxaa_queue.c.o
                0x0001e38c                xQueueGenericReceive
 .text.vQueueAddToRegistry
                0x0001e684       0x24 _build/nrf51822_xxaa_queue.c.o
                0x0001e684                vQueueAddToRegistry
 .text.vQueueWaitForMessageRestricted
                0x0001e6a8       0xcc _build/nrf51822_xxaa_queue.c.o
                0x0001e6a8                vQueueWaitForMessageRestricted
 .text.xTaskGenericCreate
                0x0001e774      0x1f0 _build/nrf51822_xxaa_tasks.c.o
                0x0001e774                xTaskGenericCreate
 .text.vTaskResume
                0x0001e964       0x74 _build/nrf51822_xxaa_tasks.c.o
                0x0001e964                vTaskResume
 .text.vTaskStartScheduler
                0x0001e9d8      0x1c4 _build/nrf51822_xxaa_tasks.c.o
                0x0001e9d8                vTaskStartScheduler
 .text.vTaskSuspendAll
                0x0001eb9c       0x10 _build/nrf51822_xxaa_tasks.c.o
                0x0001eb9c                vTaskSuspendAll
 .text.xTaskGetTickCount
                0x0001ebac        0xc _build/nrf51822_xxaa_tasks.c.o
                0x0001ebac                xTaskGetTickCount
 .text.xTaskGetTickCountFromISR
                0x0001ebb8        0xc _build/nrf51822_xxaa_tasks.c.o
                0x0001ebb8                xTaskGetTickCountFromISR
 .text.vTaskStepTick
                0x0001ebc4       0x10 _build/nrf51822_xxaa_tasks.c.o
                0x0001ebc4                vTaskStepTick
 .text.xTaskIncrementTick
                0x0001ebd4      0x134 _build/nrf51822_xxaa_tasks.c.o
                0x0001ebd4                xTaskIncrementTick
 .text.xTaskResumeAll
                0x0001ed08      0x110 _build/nrf51822_xxaa_tasks.c.o
                0x0001ed08                xTaskResumeAll
 .text.prvIdleTask
                0x0001ee18       0xe4 _build/nrf51822_xxaa_tasks.c.o
 .text.vTaskSwitchContext
                0x0001eefc       0x6c _build/nrf51822_xxaa_tasks.c.o
                0x0001eefc                vTaskSwitchContext
 .text.vTaskPlaceOnEventList
                0x0001ef68       0x74 _build/nrf51822_xxaa_tasks.c.o
                0x0001ef68                vTaskPlaceOnEventList
 .text.vTaskPlaceOnEventListRestricted
                0x0001efdc       0x60 _build/nrf51822_xxaa_tasks.c.o
                0x0001efdc                vTaskPlaceOnEventListRestricted
 .text.xTaskRemoveFromEventList
                0x0001f03c       0xa0 _build/nrf51822_xxaa_tasks.c.o
                0x0001f03c                xTaskRemoveFromEventList
 .text.vTaskSetTimeOutState
                0x0001f0dc       0x18 _build/nrf51822_xxaa_tasks.c.o
                0x0001f0dc                vTaskSetTimeOutState
 .text.xTaskCheckForTimeOut
                0x0001f0f4       0x58 _build/nrf51822_xxaa_tasks.c.o
                0x0001f0f4                xTaskCheckForTimeOut
 .text.vTaskMissedYield
                0x0001f14c        0xc _build/nrf51822_xxaa_tasks.c.o
                0x0001f14c                vTaskMissedYield
 .text.eTaskConfirmSleepModeStatus
                0x0001f158       0x20 _build/nrf51822_xxaa_tasks.c.o
                0x0001f158                eTaskConfirmSleepModeStatus
 .text.xTaskGetSchedulerState
                0x0001f178       0x20 _build/nrf51822_xxaa_tasks.c.o
                0x0001f178                xTaskGetSchedulerState
 .text.vTaskPriorityInherit
                0x0001f198       0x70 _build/nrf51822_xxaa_tasks.c.o
                0x0001f198                vTaskPriorityInherit
 .text.xTaskPriorityDisinherit
                0x0001f208       0x54 _build/nrf51822_xxaa_tasks.c.o
                0x0001f208                xTaskPriorityDisinherit
 .text.pvTaskIncrementMutexHeldCount
                0x0001f25c       0x18 _build/nrf51822_xxaa_tasks.c.o
                0x0001f25c                pvTaskIncrementMutexHeldCount
 .text.prvTimerTask
                0x0001f274      0x2e0 _build/nrf51822_xxaa_timers.c.o
 .text.xTimerCreateTimerTask
                0x0001f554       0x8c _build/nrf51822_xxaa_timers.c.o
                0x0001f554                xTimerCreateTimerTask
 .text.xTimerCreate
                0x0001f5e0       0xac _build/nrf51822_xxaa_timers.c.o
                0x0001f5e0                xTimerCreate
 .text.xTimerGenericCommand
                0x0001f68c       0x54 _build/nrf51822_xxaa_timers.c.o
                0x0001f68c                xTimerGenericCommand
 .text.xTimerIsTimerActive
                0x0001f6e0       0x18 _build/nrf51822_xxaa_timers.c.o
                0x0001f6e0                xTimerIsTimerActive
 .text.pvTimerGetTimerID
                0x0001f6f8       0x14 _build/nrf51822_xxaa_timers.c.o
                0x0001f6f8                pvTimerGetTimerID
 .text.bsp_board_led_state_get
                0x0001f70c       0x1c _build/nrf51822_xxaa_boards.c.o
                0x0001f70c                bsp_board_led_state_get
 .text.bsp_board_led_on
                0x0001f728       0x18 _build/nrf51822_xxaa_boards.c.o
                0x0001f728                bsp_board_led_on
 .text.bsp_board_led_off
                0x0001f740       0x1c _build/nrf51822_xxaa_boards.c.o
                0x0001f740                bsp_board_led_off
 .text.bsp_board_leds_off
                0x0001f75c       0x20 _build/nrf51822_xxaa_boards.c.o
                0x0001f75c                bsp_board_leds_off
 .text.bsp_board_leds_on
                0x0001f77c       0x1c _build/nrf51822_xxaa_boards.c.o
                0x0001f77c                bsp_board_leds_on
 .text.bsp_board_led_invert
                0x0001f798       0x30 _build/nrf51822_xxaa_boards.c.o
                0x0001f798                bsp_board_led_invert
 .text.bsp_board_leds_init
                0x0001f7c8       0x34 _build/nrf51822_xxaa_boards.c.o
                0x0001f7c8                bsp_board_leds_init
 .text.bsp_board_button_state_get
                0x0001f7fc       0x1c _build/nrf51822_xxaa_boards.c.o
                0x0001f7fc                bsp_board_button_state_get
 .text.bsp_board_pin_to_button_idx
                0x0001f818       0x18 _build/nrf51822_xxaa_boards.c.o
                0x0001f818                bsp_board_pin_to_button_idx
 .text.bsp_board_button_idx_to_pin
                0x0001f830        0xc _build/nrf51822_xxaa_boards.c.o
                0x0001f830                bsp_board_button_idx_to_pin
 .text.nrf_drv_clock_init
                0x0001f83c       0x58 _build/nrf51822_xxaa_nrf_drv_clock.c.o
                0x0001f83c                nrf_drv_clock_init
 .text.nrf_drv_clock_lfclk_request
                0x0001f894       0x9c _build/nrf51822_xxaa_nrf_drv_clock.c.o
                0x0001f894                nrf_drv_clock_lfclk_request
 .text.POWER_CLOCK_IRQHandler
                0x0001f930       0x78 _build/nrf51822_xxaa_nrf_drv_clock.c.o
                0x0001f930                POWER_CLOCK_IRQHandler
 .text.nrf_drv_clock_on_soc_event
                0x0001f9a8       0x24 _build/nrf51822_xxaa_nrf_drv_clock.c.o
                0x0001f9a8                nrf_drv_clock_on_soc_event
 .text.nrf_drv_clock_on_sd_enable
                0x0001f9cc       0x6c _build/nrf51822_xxaa_nrf_drv_clock.c.o
                0x0001f9cc                nrf_drv_clock_on_sd_enable
 .text.nrf_drv_common_irq_enable
                0x0001fa38       0x68 _build/nrf51822_xxaa_nrf_drv_common.c.o
                0x0001fa38                nrf_drv_common_irq_enable
 .text.nrf_drv_gpiote_init
                0x0001faa0       0x64 _build/nrf51822_xxaa_nrf_drv_gpiote.c.o
                0x0001faa0                nrf_drv_gpiote_init
 .text.nrf_drv_gpiote_is_init
                0x0001fb04       0x14 _build/nrf51822_xxaa_nrf_drv_gpiote.c.o
                0x0001fb04                nrf_drv_gpiote_is_init
 .text.nrf_drv_gpiote_in_init
                0x0001fb18      0x178 _build/nrf51822_xxaa_nrf_drv_gpiote.c.o
                0x0001fb18                nrf_drv_gpiote_in_init
 .text.nrf_drv_gpiote_in_event_enable
                0x0001fc90       0xbc _build/nrf51822_xxaa_nrf_drv_gpiote.c.o
                0x0001fc90                nrf_drv_gpiote_in_event_enable
 .text.nrf_drv_gpiote_in_is_set
                0x0001fd4c       0x14 _build/nrf51822_xxaa_nrf_drv_gpiote.c.o
                0x0001fd4c                nrf_drv_gpiote_in_is_set
 .text.GPIOTE_IRQHandler
                0x0001fd60      0x4e0 _build/nrf51822_xxaa_nrf_drv_gpiote.c.o
                0x0001fd60                GPIOTE_IRQHandler
 .text.UART0_IRQHandler
                0x00020240      0x198 _build/nrf51822_xxaa_nrf_drv_uart.c.o
                0x00020240                UART0_IRQHandler
 .text.alert_timer_handler
                0x000203d8        0xc _build/nrf51822_xxaa_bsp.c.o
 .text.bsp_button_event_handler
                0x000203e4       0xb8 _build/nrf51822_xxaa_bsp.c.o
 .text.leds_timer_handler
                0x0002049c      0x1f8 _build/nrf51822_xxaa_bsp.c.o
 .text.button_timer_handler
                0x00020694       0x30 _build/nrf51822_xxaa_bsp.c.o
 .text.bsp_button_is_pressed
                0x000206c4        0x8 _build/nrf51822_xxaa_bsp.c.o
                0x000206c4                bsp_button_is_pressed
 .text.bsp_indication_set
                0x000206cc      0x238 _build/nrf51822_xxaa_bsp.c.o
                0x000206cc                bsp_indication_set
 .text.bsp_init
                0x00020904       0xac _build/nrf51822_xxaa_bsp.c.o
                0x00020904                bsp_init
 .text.bsp_event_to_button_action_assign
                0x000209b0       0x54 _build/nrf51822_xxaa_bsp.c.o
                0x000209b0                bsp_event_to_button_action_assign
 .text.bsp_wakeup_button_enable
                0x00020a04       0x30 _build/nrf51822_xxaa_bsp.c.o
                0x00020a04                bsp_wakeup_button_enable
 .text.bsp_btn_ble_sleep_mode_prepare
                0x00020a34       0x28 _build/nrf51822_xxaa_bsp_btn_ble.c.o
                0x00020a34                bsp_btn_ble_sleep_mode_prepare
 .text.bsp_btn_ble_on_ble_evt
                0x00020a5c       0xbc _build/nrf51822_xxaa_bsp_btn_ble.c.o
                0x00020a5c                bsp_btn_ble_on_ble_evt
 .text.bsp_btn_ble_init
                0x00020b18       0x80 _build/nrf51822_xxaa_bsp_btn_ble.c.o
                0x00020b18                bsp_btn_ble_init
 .text.sd_ble_gap_disconnect
                0x00020b98        0x4 _build/nrf51822_xxaa_main.c.o
 .text.sd_ble_gap_appearance_set
                0x00020b9c        0x4 _build/nrf51822_xxaa_main.c.o
 .text.sd_ble_gap_ppcp_set
                0x00020ba0        0x4 _build/nrf51822_xxaa_main.c.o
 .text.sd_ble_gap_device_name_set
                0x00020ba4        0x4 _build/nrf51822_xxaa_main.c.o
 .text.sd_ble_gatts_rw_authorize_reply
                0x00020ba8        0x4 _build/nrf51822_xxaa_main.c.o
 .text.sd_ble_user_mem_reply
                0x00020bac        0x4 _build/nrf51822_xxaa_main.c.o
 .text.sd_power_system_off
                0x00020bb0        0x4 _build/nrf51822_xxaa_main.c.o
 .text.conn_params_error_handler
                0x00020bb4        0x8 _build/nrf51822_xxaa_main.c.o
 .text.sensor_contact_detected_timeout_handler
                0x00020bbc       0x1c _build/nrf51822_xxaa_main.c.o
 .text.heart_rate_meas_timeout_handler
                0x00020bd8       0x60 _build/nrf51822_xxaa_main.c.o
 .text.battery_level_meas_timeout_handler
                0x00020c38       0x40 _build/nrf51822_xxaa_main.c.o
 .text.sys_evt_dispatch
                0x00020c78       0x10 _build/nrf51822_xxaa_main.c.o
 .text.ble_evt_dispatch
                0x00020c88       0xcc _build/nrf51822_xxaa_main.c.o
 .text.pm_evt_handler
                0x00020d54       0x64 _build/nrf51822_xxaa_main.c.o
 .text.ble_stack_thread
                0x00020db8      0x49c _build/nrf51822_xxaa_main.c.o
 .text.on_conn_params_evt
                0x00021254       0x24 _build/nrf51822_xxaa_main.c.o
 .text.rr_interval_timeout_handler
                0x00021278       0x2c _build/nrf51822_xxaa_main.c.o
 .text.bsp_event_handler
                0x000212a4       0x68 _build/nrf51822_xxaa_main.c.o
 .text.ble_new_event_handler
                0x0002130c       0x38 _build/nrf51822_xxaa_main.c.o
 .text.on_adv_evt
                0x00021344       0x48 _build/nrf51822_xxaa_main.c.o
 .text.vApplicationIdleHook
                0x0002138c        0xc _build/nrf51822_xxaa_main.c.o
                0x0002138c                vApplicationIdleHook
 .text.startup.main
                0x00021398       0xa8 _build/nrf51822_xxaa_main.c.o
                0x00021398                main
 .text.sd_ble_gap_address_get
                0x00021440        0x4 _build/nrf51822_xxaa_ble_advdata.c.o
 .text.sd_ble_gap_adv_data_set
                0x00021444        0x4 _build/nrf51822_xxaa_ble_advdata.c.o
 .text.sd_ble_gap_appearance_get
                0x00021448        0x4 _build/nrf51822_xxaa_ble_advdata.c.o
 .text.sd_ble_gap_device_name_get
                0x0002144c        0x4 _build/nrf51822_xxaa_ble_advdata.c.o
 .text.sd_ble_uuid_encode
                0x00021450        0x4 _build/nrf51822_xxaa_ble_advdata.c.o
 .text.uuid_list_sized_encode
                0x00021454      0x104 _build/nrf51822_xxaa_ble_advdata.c.o
 .text.adv_data_encode
                0x00021558      0x41c _build/nrf51822_xxaa_ble_advdata.c.o
                0x00021558                adv_data_encode
 .text.ble_advdata_set
                0x00021974      0x480 _build/nrf51822_xxaa_ble_advdata.c.o
                0x00021974                ble_advdata_set
 .text.sd_ble_gap_adv_start
                0x00021df4        0x4 _build/nrf51822_xxaa_ble_advertising.c.o
 .text.sd_ble_gap_adv_stop
                0x00021df8        0x4 _build/nrf51822_xxaa_ble_advertising.c.o
 .text.ble_advertising_start.part.1
                0x00021dfc      0x230 _build/nrf51822_xxaa_ble_advertising.c.o
 .text.ble_advertising_init
                0x0002202c      0x1b0 _build/nrf51822_xxaa_ble_advertising.c.o
                0x0002202c                ble_advertising_init
 .text.ble_advertising_start
                0x000221dc       0x40 _build/nrf51822_xxaa_ble_advertising.c.o
                0x000221dc                ble_advertising_start
 .text.ble_advertising_on_ble_evt
                0x0002221c       0xc0 _build/nrf51822_xxaa_ble_advertising.c.o
                0x0002221c                ble_advertising_on_ble_evt
 .text.ble_advertising_on_sys_evt
                0x000222dc       0x64 _build/nrf51822_xxaa_ble_advertising.c.o
                0x000222dc                ble_advertising_on_sys_evt
 .text.ble_advertising_restart_without_whitelist
                0x00022340       0x74 _build/nrf51822_xxaa_ble_advertising.c.o
                0x00022340                ble_advertising_restart_without_whitelist
 .text.sd_ble_gap_conn_param_update
                0x000223b4        0x4 _build/nrf51822_xxaa_ble_conn_params.c.o
 .text.sd_ble_gap_disconnect
                0x000223b8        0x4 _build/nrf51822_xxaa_ble_conn_params.c.o
 .text.sd_ble_gap_ppcp_set
                0x000223bc        0x4 _build/nrf51822_xxaa_ble_conn_params.c.o
 .text.sd_ble_gap_ppcp_get
                0x000223c0        0x4 _build/nrf51822_xxaa_ble_conn_params.c.o
 .text.update_timeout_handler
                0x000223c4       0x78 _build/nrf51822_xxaa_ble_conn_params.c.o
 .text.conn_params_negotiation
                0x0002243c       0x88 _build/nrf51822_xxaa_ble_conn_params.c.o
 .text.ble_conn_params_init
                0x000224c4       0x78 _build/nrf51822_xxaa_ble_conn_params.c.o
                0x000224c4                ble_conn_params_init
 .text.ble_conn_params_on_ble_evt
                0x0002253c      0x120 _build/nrf51822_xxaa_ble_conn_params.c.o
                0x0002253c                ble_conn_params_on_ble_evt
 .text.ble_conn_state_on_ble_evt
                0x0002265c      0x110 _build/nrf51822_xxaa_ble_conn_state.c.o
                0x0002265c                ble_conn_state_on_ble_evt
 .text.ble_conn_state_role
                0x0002276c       0x30 _build/nrf51822_xxaa_ble_conn_state.c.o
                0x0002276c                ble_conn_state_role
 .text.ble_conn_state_encrypted
                0x0002279c       0x14 _build/nrf51822_xxaa_ble_conn_state.c.o
                0x0002279c                ble_conn_state_encrypted
 .text.ble_conn_state_mitm_protected
                0x000227b0       0x14 _build/nrf51822_xxaa_ble_conn_state.c.o
                0x000227b0                ble_conn_state_mitm_protected
 .text.ble_conn_state_conn_handles
                0x000227c4       0x18 _build/nrf51822_xxaa_ble_conn_state.c.o
                0x000227c4                ble_conn_state_conn_handles
 .text.ble_conn_state_user_flag_acquire
                0x000227dc       0x2c _build/nrf51822_xxaa_ble_conn_state.c.o
                0x000227dc                ble_conn_state_user_flag_acquire
 .text.ble_conn_state_user_flag_get
                0x00022808       0x24 _build/nrf51822_xxaa_ble_conn_state.c.o
                0x00022808                ble_conn_state_user_flag_get
 .text.ble_conn_state_user_flag_set
                0x0002282c       0x24 _build/nrf51822_xxaa_ble_conn_state.c.o
                0x0002282c                ble_conn_state_user_flag_set
 .text.ble_conn_state_user_flag_collection
                0x00022850       0x1c _build/nrf51822_xxaa_ble_conn_state.c.o
                0x00022850                ble_conn_state_user_flag_collection
 .text.ble_srv_is_notification_enabled
                0x0002286c        0x8 _build/nrf51822_xxaa_ble_srv_common.c.o
                0x0002286c                ble_srv_is_notification_enabled
 .text.ble_srv_report_ref_encode
                0x00022874        0xc _build/nrf51822_xxaa_ble_srv_common.c.o
                0x00022874                ble_srv_report_ref_encode
 .text.ble_srv_ascii_to_utf8
                0x00022880       0x14 _build/nrf51822_xxaa_ble_srv_common.c.o
                0x00022880                ble_srv_ascii_to_utf8
 .text.local_db_update_in_evt
                0x00022894       0x80 _build/nrf51822_xxaa_gatt_cache_manager.c.o
 .text.local_db_apply_in_evt.part.1
                0x00022914       0x78 _build/nrf51822_xxaa_gatt_cache_manager.c.o
 .text.service_changed_pending_flags_check.part.2
                0x0002298c      0x104 _build/nrf51822_xxaa_gatt_cache_manager.c.o
 .text.gcm_gscm_evt_handler
                0x00022a90       0x7c _build/nrf51822_xxaa_gatt_cache_manager.c.o
                0x00022a90                gcm_gscm_evt_handler
 .text.gcm_im_evt_handler
                0x00022b0c       0xb4 _build/nrf51822_xxaa_gatt_cache_manager.c.o
                0x00022b0c                gcm_im_evt_handler
 .text.gcm_smd_evt_handler
                0x00022bc0       0x9c _build/nrf51822_xxaa_gatt_cache_manager.c.o
                0x00022bc0                gcm_smd_evt_handler
 .text.gcm_init
                0x00022c5c       0x58 _build/nrf51822_xxaa_gatt_cache_manager.c.o
                0x00022c5c                gcm_init
 .text.gcm_ble_evt_handler
                0x00022cb4      0x12c _build/nrf51822_xxaa_gatt_cache_manager.c.o
                0x00022cb4                gcm_ble_evt_handler
 .text.gcm_local_database_has_changed
                0x00022de0       0x78 _build/nrf51822_xxaa_gatt_cache_manager.c.o
                0x00022de0                gcm_local_database_has_changed
 .text.sd_ble_gatts_service_changed
                0x00022e58        0x4 _build/nrf51822_xxaa_gatts_cache_manager.c.o
 .text.sd_ble_gatts_sys_attr_set
                0x00022e5c        0x4 _build/nrf51822_xxaa_gatts_cache_manager.c.o
 .text.sd_ble_gatts_sys_attr_get
                0x00022e60        0x4 _build/nrf51822_xxaa_gatts_cache_manager.c.o
 .text.gscm_pdb_evt_handler
                0x00022e64       0x78 _build/nrf51822_xxaa_gatts_cache_manager.c.o
                0x00022e64                gscm_pdb_evt_handler
 .text.gscm_init
                0x00022edc       0x10 _build/nrf51822_xxaa_gatts_cache_manager.c.o
                0x00022edc                gscm_init
 .text.gscm_local_db_cache_update
                0x00022eec       0x98 _build/nrf51822_xxaa_gatts_cache_manager.c.o
                0x00022eec                gscm_local_db_cache_update
 .text.gscm_local_db_cache_apply
                0x00022f84       0x9c _build/nrf51822_xxaa_gatts_cache_manager.c.o
                0x00022f84                gscm_local_db_cache_apply
 .text.gscm_local_database_has_changed
                0x00023020       0x48 _build/nrf51822_xxaa_gatts_cache_manager.c.o
                0x00023020                gscm_local_database_has_changed
 .text.gscm_service_changed_ind_needed
                0x00023068       0x20 _build/nrf51822_xxaa_gatts_cache_manager.c.o
                0x00023068                gscm_service_changed_ind_needed
 .text.gscm_service_changed_ind_send
                0x00023088       0x30 _build/nrf51822_xxaa_gatts_cache_manager.c.o
                0x00023088                gscm_service_changed_ind_send
 .text.gscm_db_change_notification_done
                0x000230b8       0x20 _build/nrf51822_xxaa_gatts_cache_manager.c.o
                0x000230b8                gscm_db_change_notification_done
 .text.sd_ble_gap_address_get
                0x000230d8        0x4 _build/nrf51822_xxaa_id_manager.c.o
 .text.sd_ecb_block_encrypt
                0x000230dc        0x4 _build/nrf51822_xxaa_id_manager.c.o
 .text.im_ble_evt_handler
                0x000230e0      0x2fc _build/nrf51822_xxaa_id_manager.c.o
                0x000230e0                im_ble_evt_handler
 .text.im_pdb_evt_handler
                0x000233dc      0x174 _build/nrf51822_xxaa_id_manager.c.o
                0x000233dc                im_pdb_evt_handler
 .text.im_init  0x00023550       0x48 _build/nrf51822_xxaa_id_manager.c.o
                0x00023550                im_init
 .text.im_peer_id_get_by_conn_handle
                0x00023598       0x7c _build/nrf51822_xxaa_id_manager.c.o
                0x00023598                im_peer_id_get_by_conn_handle
 .text.im_ble_addr_get
                0x00023614       0x8c _build/nrf51822_xxaa_id_manager.c.o
                0x00023614                im_ble_addr_get
 .text.im_master_ids_compare
                0x000236a0       0x58 _build/nrf51822_xxaa_id_manager.c.o
                0x000236a0                im_master_ids_compare
 .text.im_peer_id_get_by_master_id
                0x000236f8       0xdc _build/nrf51822_xxaa_id_manager.c.o
                0x000236f8                im_peer_id_get_by_master_id
 .text.im_conn_handle_get
                0x000237d4       0x6c _build/nrf51822_xxaa_id_manager.c.o
                0x000237d4                im_conn_handle_get
 .text.im_master_id_is_valid
                0x00023840       0x40 _build/nrf51822_xxaa_id_manager.c.o
                0x00023840                im_master_id_is_valid
 .text.im_new_peer_id
                0x00023880       0x78 _build/nrf51822_xxaa_id_manager.c.o
                0x00023880                im_new_peer_id
 .text.im_peer_free
                0x000238f8       0xf4 _build/nrf51822_xxaa_id_manager.c.o
                0x000238f8                im_peer_free
 .text.peer_data_delete
                0x000239ec       0xa0 _build/nrf51822_xxaa_peer_data_storage.c.o
 .text.fds_evt_handler
                0x00023a8c      0x138 _build/nrf51822_xxaa_peer_data_storage.c.o
 .text.pds_init
                0x00023bc4       0x6c _build/nrf51822_xxaa_peer_data_storage.c.o
                0x00023bc4                pds_init
 .text.pds_peer_data_read
                0x00023c30       0x88 _build/nrf51822_xxaa_peer_data_storage.c.o
                0x00023c30                pds_peer_data_read
 .text.pds_peer_data_iterate_prepare
                0x00023cb8       0x14 _build/nrf51822_xxaa_peer_data_storage.c.o
                0x00023cb8                pds_peer_data_iterate_prepare
 .text.pds_peer_data_iterate
                0x00023ccc       0x58 _build/nrf51822_xxaa_peer_data_storage.c.o
                0x00023ccc                pds_peer_data_iterate
 .text.pds_space_reserve
                0x00023d24       0x30 _build/nrf51822_xxaa_peer_data_storage.c.o
                0x00023d24                pds_space_reserve
 .text.pds_space_reserve_cancel
                0x00023d54       0x18 _build/nrf51822_xxaa_peer_data_storage.c.o
                0x00023d54                pds_space_reserve_cancel
 .text.pds_peer_data_store
                0x00023d6c       0xc4 _build/nrf51822_xxaa_peer_data_storage.c.o
                0x00023d6c                pds_peer_data_store
 .text.pds_peer_id_allocate
                0x00023e30       0x10 _build/nrf51822_xxaa_peer_data_storage.c.o
                0x00023e30                pds_peer_id_allocate
 .text.pds_peer_id_free
                0x00023e40       0x18 _build/nrf51822_xxaa_peer_data_storage.c.o
                0x00023e40                pds_peer_id_free
 .text.pds_peer_id_is_allocated
                0x00023e58        0x8 _build/nrf51822_xxaa_peer_data_storage.c.o
                0x00023e58                pds_peer_id_is_allocated
 .text.pds_next_peer_id_get
                0x00023e60        0x8 _build/nrf51822_xxaa_peer_data_storage.c.o
                0x00023e60                pds_next_peer_id_get
 .text.pds_next_deleted_peer_id_get
                0x00023e68        0x8 _build/nrf51822_xxaa_peer_data_storage.c.o
                0x00023e68                pds_next_deleted_peer_id_get
 .text.pdb_write_buf_store.part.2
                0x00023e70      0x46c _build/nrf51822_xxaa_peer_database.c.o
 .text.pdb_pds_evt_handler
                0x000242dc      0x5ec _build/nrf51822_xxaa_peer_database.c.o
                0x000242dc                pdb_pds_evt_handler
 .text.pdb_init
                0x000248c8      0x148 _build/nrf51822_xxaa_peer_database.c.o
                0x000248c8                pdb_init
 .text.pdb_peer_allocate
                0x00024a10        0x8 _build/nrf51822_xxaa_peer_database.c.o
                0x00024a10                pdb_peer_allocate
 .text.pdb_peer_free
                0x00024a18      0x55c _build/nrf51822_xxaa_peer_database.c.o
                0x00024a18                pdb_peer_free
 .text.pdb_peer_data_ptr_get
                0x00024f74        0xc _build/nrf51822_xxaa_peer_database.c.o
                0x00024f74                pdb_peer_data_ptr_get
 .text.pdb_write_buf_get
                0x00024f80      0x868 _build/nrf51822_xxaa_peer_database.c.o
                0x00024f80                pdb_write_buf_get
 .text.pdb_write_buf_release
                0x000257e8      0x3bc _build/nrf51822_xxaa_peer_database.c.o
                0x000257e8                pdb_write_buf_release
 .text.pdb_write_buf_store_prepare
                0x00025ba4      0x3e0 _build/nrf51822_xxaa_peer_database.c.o
                0x00025ba4                pdb_write_buf_store_prepare
 .text.pdb_write_buf_store
                0x00025f84       0x14 _build/nrf51822_xxaa_peer_database.c.o
                0x00025f84                pdb_write_buf_store
 .text.pdb_next_peer_id_get
                0x00025f98        0x8 _build/nrf51822_xxaa_peer_database.c.o
                0x00025f98                pdb_next_peer_id_get
 .text.pdb_next_deleted_peer_id_get
                0x00025fa0        0x8 _build/nrf51822_xxaa_peer_database.c.o
                0x00025fa0                pdb_next_deleted_peer_id_get
 .text.pdb_raw_store
                0x00025fa8        0xc _build/nrf51822_xxaa_peer_database.c.o
                0x00025fa8                pdb_raw_store
 .text.peer_id_init
                0x00025fb4       0x2c _build/nrf51822_xxaa_peer_id.c.o
                0x00025fb4                peer_id_init
 .text.peer_id_allocate
                0x00025fe0       0x3c _build/nrf51822_xxaa_peer_id.c.o
                0x00025fe0                peer_id_allocate
 .text.peer_id_delete
                0x0002601c       0x2c _build/nrf51822_xxaa_peer_id.c.o
                0x0002601c                peer_id_delete
 .text.peer_id_free
                0x00026048       0x24 _build/nrf51822_xxaa_peer_id.c.o
                0x00026048                peer_id_free
 .text.peer_id_is_allocated
                0x0002606c       0x18 _build/nrf51822_xxaa_peer_id.c.o
                0x0002606c                peer_id_is_allocated
 .text.peer_id_get_next_used
                0x00026084       0x68 _build/nrf51822_xxaa_peer_id.c.o
                0x00026084                peer_id_get_next_used
 .text.peer_id_get_next_deleted
                0x000260ec       0x44 _build/nrf51822_xxaa_peer_id.c.o
                0x000260ec                peer_id_get_next_deleted
 .text.pm_pdb_evt_handler
                0x00026130      0x1f4 _build/nrf51822_xxaa_peer_manager.c.o
                0x00026130                pm_pdb_evt_handler
 .text.pm_sm_evt_handler
                0x00026324      0x180 _build/nrf51822_xxaa_peer_manager.c.o
                0x00026324                pm_sm_evt_handler
 .text.pm_gcm_evt_handler
                0x000264a4       0x9c _build/nrf51822_xxaa_peer_manager.c.o
                0x000264a4                pm_gcm_evt_handler
 .text.pm_im_evt_handler
                0x00026540       0x78 _build/nrf51822_xxaa_peer_manager.c.o
                0x00026540                pm_im_evt_handler
 .text.pm_on_ble_evt
                0x000265b8       0x24 _build/nrf51822_xxaa_peer_manager.c.o
                0x000265b8                pm_on_ble_evt
 .text.pm_init  0x000265dc       0x90 _build/nrf51822_xxaa_peer_manager.c.o
                0x000265dc                pm_init
 .text.pm_register
                0x0002666c       0x34 _build/nrf51822_xxaa_peer_manager.c.o
                0x0002666c                pm_register
 .text.pm_sec_params_set
                0x000266a0       0x1c _build/nrf51822_xxaa_peer_manager.c.o
                0x000266a0                pm_sec_params_set
 .text.pm_conn_sec_config_reply
                0x000266bc        0x8 _build/nrf51822_xxaa_peer_manager.c.o
                0x000266bc                pm_conn_sec_config_reply
 .text.pm_local_database_has_changed
                0x000266c4       0x14 _build/nrf51822_xxaa_peer_manager.c.o
                0x000266c4                pm_local_database_has_changed
 .text.pm_peers_delete
                0x000266d8       0x50 _build/nrf51822_xxaa_peer_manager.c.o
                0x000266d8                pm_peers_delete
 .text.pm_buffer_init
                0x00026728       0x4c _build/nrf51822_xxaa_pm_buffer.c.o
                0x00026728                pm_buffer_init
 .text.pm_buffer_block_acquire
                0x00026774       0x94 _build/nrf51822_xxaa_pm_buffer.c.o
                0x00026774                pm_buffer_block_acquire
 .text.pm_buffer_ptr_get
                0x00026808       0x34 _build/nrf51822_xxaa_pm_buffer.c.o
                0x00026808                pm_buffer_ptr_get
 .text.pm_buffer_release
                0x0002683c       0x30 _build/nrf51822_xxaa_pm_buffer.c.o
                0x0002683c                pm_buffer_release
 .text.pm_mutex_init
                0x0002686c       0x14 _build/nrf51822_xxaa_pm_mutex.c.o
                0x0002686c                pm_mutex_init
 .text.pm_mutex_lock
                0x00026880       0x48 _build/nrf51822_xxaa_pm_mutex.c.o
                0x00026880                pm_mutex_lock
 .text.pm_mutex_unlock
                0x000268c8       0x3c _build/nrf51822_xxaa_pm_mutex.c.o
                0x000268c8                pm_mutex_unlock
 .text.pm_mutex_lock_first_available
                0x00026904       0x80 _build/nrf51822_xxaa_pm_mutex.c.o
                0x00026904                pm_mutex_lock_first_available
 .text.pm_mutex_lock_status_get
                0x00026984       0x20 _build/nrf51822_xxaa_pm_mutex.c.o
                0x00026984                pm_mutex_lock_status_get
 .text.sd_ble_gap_authenticate
                0x000269a4        0x4 _build/nrf51822_xxaa_security_dispatcher.c.o
 .text.sd_ble_gap_sec_params_reply
                0x000269a8        0x4 _build/nrf51822_xxaa_security_dispatcher.c.o
 .text.sd_ble_gap_encrypt
                0x000269ac        0x4 _build/nrf51822_xxaa_security_dispatcher.c.o
 .text.sd_ble_gap_sec_info_reply
                0x000269b0        0x4 _build/nrf51822_xxaa_security_dispatcher.c.o
 .text.pairing_failure
                0x000269b4       0x80 _build/nrf51822_xxaa_security_dispatcher.c.o
 .text.smd_pdb_evt_handler
                0x00026a34       0x40 _build/nrf51822_xxaa_security_dispatcher.c.o
                0x00026a34                smd_pdb_evt_handler
 .text.smd_init
                0x00026a74       0x60 _build/nrf51822_xxaa_security_dispatcher.c.o
                0x00026a74                smd_init
 .text.smd_params_reply
                0x00026ad4      0x1cc _build/nrf51822_xxaa_security_dispatcher.c.o
                0x00026ad4                smd_params_reply
 .text.smd_link_secure
                0x00026ca0      0x258 _build/nrf51822_xxaa_security_dispatcher.c.o
                0x00026ca0                smd_link_secure
 .text.smd_ble_evt_handler
                0x00026ef8      0x3a4 _build/nrf51822_xxaa_security_dispatcher.c.o
                0x00026ef8                smd_ble_evt_handler
 .text.link_secure
                0x0002729c      0x178 _build/nrf51822_xxaa_security_manager.c.o
 .text.smd_params_reply_perform
                0x00027414      0x178 _build/nrf51822_xxaa_security_manager.c.o
 .text.sm_smd_evt_handler
                0x0002758c      0x170 _build/nrf51822_xxaa_security_manager.c.o
                0x0002758c                sm_smd_evt_handler
 .text.sm_pdb_evt_handler
                0x000276fc      0x180 _build/nrf51822_xxaa_security_manager.c.o
                0x000276fc                sm_pdb_evt_handler
 .text.sm_init  0x0002787c       0x9c _build/nrf51822_xxaa_security_manager.c.o
                0x0002787c                sm_init
 .text.sm_ble_evt_handler
                0x00027918      0x194 _build/nrf51822_xxaa_security_manager.c.o
                0x00027918                sm_ble_evt_handler
 .text.sm_sec_params_set
                0x00027aac       0x84 _build/nrf51822_xxaa_security_manager.c.o
                0x00027aac                sm_sec_params_set
 .text.sm_conn_sec_config_reply
                0x00027b30       0x18 _build/nrf51822_xxaa_security_manager.c.o
                0x00027b30                sm_conn_sec_config_reply
 .text          0x00027b48       0x4c _build/nrf51822_xxaa_gcc_startup_nrf51.S.o
                0x00027b48                Reset_Handler
                0x00027b88                NMI_Handler
                0x00027b90                SysTick_Handler
                0x00027b92                RTC0_IRQHandler
                0x00027b92                SPI0_TWI0_IRQHandler
                0x00027b92                RADIO_IRQHandler
                0x00027b92                LPCOMP_IRQHandler
                0x00027b92                SWI4_IRQHandler
                0x00027b92                TEMP_IRQHandler
                0x00027b92                QDEC_IRQHandler
                0x00027b92                SWI5_IRQHandler
                0x00027b92                TIMER0_IRQHandler
                0x00027b92                TIMER2_IRQHandler
                0x00027b92                SWI0_IRQHandler
                0x00027b92                TIMER1_IRQHandler
                0x00027b92                ECB_IRQHandler
                0x00027b92                Default_Handler
                0x00027b92                ADC_IRQHandler
                0x00027b92                SWI3_IRQHandler
                0x00027b92                CCM_AAR_IRQHandler
                0x00027b92                WDT_IRQHandler
                0x00027b92                RNG_IRQHandler
                0x00027b92                SPI1_TWI1_IRQHandler
                0x00027b92                SWI1_IRQHandler
 .text.SystemInit
                0x00027b94       0xe4 _build/nrf51822_xxaa_system_nrf51.c.o
                0x00027b94                SystemInit
 .text.sd_ble_gatts_service_add
                0x00027c78        0x4 _build/nrf51822_xxaa_ble_bas.c.o
 .text.sd_ble_gatts_characteristic_add
                0x00027c7c        0x4 _build/nrf51822_xxaa_ble_bas.c.o
 .text.sd_ble_gatts_descriptor_add
                0x00027c80        0x4 _build/nrf51822_xxaa_ble_bas.c.o
 .text.sd_ble_gatts_value_set
                0x00027c84        0x4 _build/nrf51822_xxaa_ble_bas.c.o
 .text.sd_ble_gatts_hvx
                0x00027c88        0x4 _build/nrf51822_xxaa_ble_bas.c.o
 .text.ble_bas_on_ble_evt
                0x00027c8c       0x60 _build/nrf51822_xxaa_ble_bas.c.o
                0x00027c8c                ble_bas_on_ble_evt
 .text.ble_bas_init
                0x00027cec      0x1b8 _build/nrf51822_xxaa_ble_bas.c.o
                0x00027cec                ble_bas_init
 .text.ble_bas_battery_level_update
                0x00027ea4       0x84 _build/nrf51822_xxaa_ble_bas.c.o
                0x00027ea4                ble_bas_battery_level_update
 .text.sd_ble_gatts_service_add
                0x00027f28        0x4 _build/nrf51822_xxaa_ble_dis.c.o
 .text.sd_ble_gatts_characteristic_add
                0x00027f2c        0x4 _build/nrf51822_xxaa_ble_dis.c.o
 .text.char_add
                0x00027f30       0xc8 _build/nrf51822_xxaa_ble_dis.c.o
 .text.ble_dis_init
                0x00027ff8      0x2ec _build/nrf51822_xxaa_ble_dis.c.o
                0x00027ff8                ble_dis_init
 .text.sd_ble_gatts_service_add
                0x000282e4        0x4 _build/nrf51822_xxaa_ble_hrs.c.o
 .text.sd_ble_gatts_characteristic_add
                0x000282e8        0x4 _build/nrf51822_xxaa_ble_hrs.c.o
 .text.sd_ble_gatts_hvx
                0x000282ec        0x4 _build/nrf51822_xxaa_ble_hrs.c.o
 .text.ble_hrs_on_ble_evt
                0x000282f0       0x54 _build/nrf51822_xxaa_ble_hrs.c.o
                0x000282f0                ble_hrs_on_ble_evt
 .text.ble_hrs_init
                0x00028344      0x29c _build/nrf51822_xxaa_ble_hrs.c.o
                0x00028344                ble_hrs_init
 .text.ble_hrs_heart_rate_measurement_send
                0x000285e0      0x13c _build/nrf51822_xxaa_ble_hrs.c.o
                0x000285e0                ble_hrs_heart_rate_measurement_send
 .text.ble_hrs_rr_interval_add
                0x0002871c       0x34 _build/nrf51822_xxaa_ble_hrs.c.o
                0x0002871c                ble_hrs_rr_interval_add
 .text.ble_hrs_sensor_contact_detected_update
                0x00028750        0x8 _build/nrf51822_xxaa_ble_hrs.c.o
                0x00028750                ble_hrs_sensor_contact_detected_update
 .text.sd_evt_get
                0x00028758        0x4 _build/nrf51822_xxaa_softdevice_handler.c.o
 .text.sd_softdevice_enable
                0x0002875c        0x4 _build/nrf51822_xxaa_softdevice_handler.c.o
 .text.sd_ble_enable
                0x00028760        0x4 _build/nrf51822_xxaa_softdevice_handler.c.o
 .text.sd_ble_evt_get
                0x00028764        0x4 _build/nrf51822_xxaa_softdevice_handler.c.o
 .text.softdevice_fault_handler
                0x00028768        0x8 _build/nrf51822_xxaa_softdevice_handler.c.o
                0x00028768                softdevice_fault_handler
 .text.intern_softdevice_events_execute.part.1
                0x00028770       0xd8 _build/nrf51822_xxaa_softdevice_handler.c.o
 .text.intern_softdevice_events_execute
                0x00028848       0x14 _build/nrf51822_xxaa_softdevice_handler.c.o
                0x00028848                intern_softdevice_events_execute
 .text.softdevice_handler_is_enabled
                0x0002885c        0xc _build/nrf51822_xxaa_softdevice_handler.c.o
                0x0002885c                softdevice_handler_is_enabled
 .text.softdevice_handler_init
                0x00028868       0xa0 _build/nrf51822_xxaa_softdevice_handler.c.o
                0x00028868                softdevice_handler_init
 .text.softdevice_ble_evt_handler_set
                0x00028908       0x14 _build/nrf51822_xxaa_softdevice_handler.c.o
                0x00028908                softdevice_ble_evt_handler_set
 .text.softdevice_sys_evt_handler_set
                0x0002891c       0x14 _build/nrf51822_xxaa_softdevice_handler.c.o
                0x0002891c                softdevice_sys_evt_handler_set
 .text.SWI2_IRQHandler
                0x00028930       0x30 _build/nrf51822_xxaa_softdevice_handler.c.o
                0x00028930                SWI2_IRQHandler
 .text.softdevice_enable_get_default_config
                0x00028960       0x30 _build/nrf51822_xxaa_softdevice_handler.c.o
                0x00028960                softdevice_enable_get_default_config
 .text.softdevice_enable
                0x00028990       0x1c _build/nrf51822_xxaa_softdevice_handler.c.o
                0x00028990                softdevice_enable
 .text          0x000289ac      0x114 c:/program files (x86)/gnu tools arm embedded/7 2017-q4-major/bin/../lib/gcc/arm-none-eabi/7.2.1/thumb/v6-m\libgcc.a(_udivsi3.o)
                0x000289ac                __aeabi_uidiv
                0x000289ac                __udivsi3
                0x00028ab8                __aeabi_uidivmod
 .text          0x00028ac0      0x1d4 c:/program files (x86)/gnu tools arm embedded/7 2017-q4-major/bin/../lib/gcc/arm-none-eabi/7.2.1/thumb/v6-m\libgcc.a(_divsi3.o)
                0x00028ac0                __divsi3
                0x00028ac0                __aeabi_idiv
                0x00028c8c                __aeabi_idivmod
 .text          0x00028c94        0x4 c:/program files (x86)/gnu tools arm embedded/7 2017-q4-major/bin/../lib/gcc/arm-none-eabi/7.2.1/thumb/v6-m\libgcc.a(_dvmd_tls.o)
                0x00028c94                __aeabi_idiv0
                0x00028c94                __aeabi_ldiv0
 .text.memcmp   0x00028c98       0x1e c:/program files (x86)/gnu tools arm embedded/7 2017-q4-major/bin/../lib/gcc/arm-none-eabi/7.2.1/../../../../arm-none-eabi/lib/thumb/v6-m\libc_nano.a(lib_a-memcmp.o)
                0x00028c98                memcmp
 .text.memcpy   0x00028cb6       0x12 c:/program files (x86)/gnu tools arm embedded/7 2017-q4-major/bin/../lib/gcc/arm-none-eabi/7.2.1/../../../../arm-none-eabi/lib/thumb/v6-m\libc_nano.a(lib_a-memcpy-stub.o)
                0x00028cb6                memcpy
 .text.memmove  0x00028cc8       0x26 c:/program files (x86)/gnu tools arm embedded/7 2017-q4-major/bin/../lib/gcc/arm-none-eabi/7.2.1/../../../../arm-none-eabi/lib/thumb/v6-m\libc_nano.a(lib_a-memmove.o)
                0x00028cc8                memmove
 .text          0x00028cee        0xe c:/program files (x86)/gnu tools arm embedded/7 2017-q4-major/bin/../lib/gcc/arm-none-eabi/7.2.1/../../../../arm-none-eabi/lib/thumb/v6-m\libc_nano.a(lib_a-strlen.o)
                0x00028cee                strlen
 *(.init)
 .init          0x00028cfc        0x4 c:/program files (x86)/gnu tools arm embedded/7 2017-q4-major/bin/../lib/gcc/arm-none-eabi/7.2.1/thumb/v6-m/crti.o
                0x00028cfc                _init
 .init          0x00028d00        0x8 c:/program files (x86)/gnu tools arm embedded/7 2017-q4-major/bin/../lib/gcc/arm-none-eabi/7.2.1/thumb/v6-m/crtn.o
 *(.fini)
 .fini          0x00028d08        0x4 c:/program files (x86)/gnu tools arm embedded/7 2017-q4-major/bin/../lib/gcc/arm-none-eabi/7.2.1/thumb/v6-m/crti.o
                0x00028d08                _fini
 .fini          0x00028d0c        0x8 c:/program files (x86)/gnu tools arm embedded/7 2017-q4-major/bin/../lib/gcc/arm-none-eabi/7.2.1/thumb/v6-m/crtn.o
 *crtbegin.o(.ctors)
 *crtbegin?.o(.ctors)
 *(EXCLUDE_FILE(*crtend.o *crtend?.o) .ctors)
 *(SORT_BY_NAME(.ctors.*))
 *(.ctors)
 *crtbegin.o(.dtors)
 *crtbegin?.o(.dtors)
 *(EXCLUDE_FILE(*crtend.o *crtend?.o) .dtors)
 *(SORT_BY_NAME(.dtors.*))
 *(.dtors)
 *(.rodata*)
 .rodata._global_impure_ptr
                0x00028d14        0x4 c:/program files (x86)/gnu tools arm embedded/7 2017-q4-major/bin/../lib/gcc/arm-none-eabi/7.2.1/../../../../arm-none-eabi/lib/thumb/v6-m\libc_nano.a(lib_a-impure.o)
                0x00028d14                _global_impure_ptr
 .rodata.m_detection_delay_timer_id
                0x00028d18        0x4 _build/nrf51822_xxaa_app_button.c.o
 .rodata.app_timer_create.str1.4
                0x00028d1c        0x2 _build/nrf51822_xxaa_app_timer_freertos.c.o
 *fill*         0x00028d1e        0x2 
 .rodata.queue_process
                0x00028d20       0xb4 _build/nrf51822_xxaa_fds.c.o
 .rodata.fds_init
                0x00028dd4       0x30 _build/nrf51822_xxaa_fds.c.o
 .rodata.m_fds_tl_dirty
                0x00028e04        0x4 _build/nrf51822_xxaa_fds.c.o
 .rodata.page_tag_data.6286
                0x00028e08        0x8 _build/nrf51822_xxaa_fds.c.o
 .rodata.page_tag_swap.6282
                0x00028e10        0x8 _build/nrf51822_xxaa_fds.c.o
 .rodata.xTimerCreateTimerTask.str1.4
                0x00028e18       0x10 _build/nrf51822_xxaa_timers.c.o
 .rodata.m_board_btn_list
                0x00028e28        0x2 _build/nrf51822_xxaa_boards.c.o
 *fill*         0x00028e2a        0x2 
 .rodata.m_board_led_list
                0x00028e2c        0x3 _build/nrf51822_xxaa_boards.c.o
 *fill*         0x00028e2f        0x1 
 .rodata.leds_timer_handler
                0x00028e30       0x60 _build/nrf51822_xxaa_bsp.c.o
 .rodata.bsp_indication_set
                0x00028e90       0x60 _build/nrf51822_xxaa_bsp.c.o
 .rodata.app_buttons
                0x00028ef0       0x10 _build/nrf51822_xxaa_bsp.c.o
 .rodata.m_alert_timer_id
                0x00028f00        0x4 _build/nrf51822_xxaa_bsp.c.o
 .rodata.m_button_timer_id
                0x00028f04        0x4 _build/nrf51822_xxaa_bsp.c.o
 .rodata.m_leds_timer_id
                0x00028f08        0x4 _build/nrf51822_xxaa_bsp.c.o
 .rodata.pm_evt_handler
                0x00028f0c       0x2c _build/nrf51822_xxaa_main.c.o
 .rodata        0x00028f38        0x4 _build/nrf51822_xxaa_main.c.o
 .rodata.ble_stack_thread.str1.4
                0x00028f3c       0x34 _build/nrf51822_xxaa_main.c.o
 .rodata.main.str1.4
                0x00028f70        0x4 _build/nrf51822_xxaa_main.c.o
 .rodata.ble_advertising_start.part.1
                0x00028f74       0x14 _build/nrf51822_xxaa_ble_advertising.c.o
 .rodata.m_conn_params_timer_id
                0x00028f88        0x4 _build/nrf51822_xxaa_ble_conn_params.c.o
 .rodata        0x00028f8c       0x10 _build/nrf51822_xxaa_gatts_cache_manager.c.o
 .rodata.service_changed_pending.7157
                0x00028f9c        0x4 _build/nrf51822_xxaa_gatts_cache_manager.c.o
 .rodata.service_changed_pending.7220
                0x00028fa0        0x4 _build/nrf51822_xxaa_gatts_cache_manager.c.o
 .rodata.fds_evt_handler
                0x00028fa4       0x18 _build/nrf51822_xxaa_peer_data_storage.c.o
 .rodata.pdb_pds_evt_handler
                0x00028fbc       0x50 _build/nrf51822_xxaa_peer_database.c.o
 .rodata.m_evt_handlers
                0x0002900c       0x14 _build/nrf51822_xxaa_peer_database.c.o
 .rodata.pm_pdb_evt_handler
                0x00029020       0x28 _build/nrf51822_xxaa_peer_manager.c.o
 .rodata.pm_sm_evt_handler
                0x00029048       0x34 _build/nrf51822_xxaa_peer_manager.c.o
 .rodata.pm_gcm_evt_handler
                0x0002907c       0x28 _build/nrf51822_xxaa_peer_manager.c.o
 .rodata.smd_ble_evt_handler
                0x000290a4       0x38 _build/nrf51822_xxaa_security_dispatcher.c.o
 *(.eh_frame*)
 .eh_frame      0x000290dc        0x0 c:/program files (x86)/gnu tools arm embedded/7 2017-q4-major/bin/../lib/gcc/arm-none-eabi/7.2.1/thumb/v6-m/crtbegin.o
 .eh_frame      0x000290dc        0x4 c:/program files (x86)/gnu tools arm embedded/7 2017-q4-major/bin/../lib/gcc/arm-none-eabi/7.2.1/thumb/v6-m/crtend.o

.glue_7         0x000290e0        0x0
 .glue_7        0x000290e0        0x0 linker stubs

.glue_7t        0x000290e0        0x0
 .glue_7t       0x000290e0        0x0 linker stubs

.vfp11_veneer   0x000290e0        0x0
 .vfp11_veneer  0x000290e0        0x0 linker stubs

.v4_bx          0x000290e0        0x0
 .v4_bx         0x000290e0        0x0 linker stubs

.iplt           0x000290e0        0x0
 .iplt          0x000290e0        0x0 c:/program files (x86)/gnu tools arm embedded/7 2017-q4-major/bin/../lib/gcc/arm-none-eabi/7.2.1/thumb/v6-m/crtbegin.o

.ARM.extab
 *(.ARM.extab* .gnu.linkonce.armextab.*)
                0x000290e0                __exidx_start = .

.ARM.exidx      0x000290e0        0x8
 *(.ARM.exidx* .gnu.linkonce.armexidx.*)
 .ARM.exidx     0x000290e0        0x8 c:/program files (x86)/gnu tools arm embedded/7 2017-q4-major/bin/../lib/gcc/arm-none-eabi/7.2.1/../../../../arm-none-eabi/lib/thumb/v6-m/crt0.o
                0x000290e8                __exidx_end = .
                0x000290e8                __etext = .

.rel.dyn        0x000290e8        0x0
 .rel.iplt      0x000290e8        0x0 c:/program files (x86)/gnu tools arm embedded/7 2017-q4-major/bin/../lib/gcc/arm-none-eabi/7.2.1/thumb/v6-m/crtbegin.o

.data           0x20001fe8       0x98 load address 0x000290e8
                0x20001fe8                __data_start__ = .
 *(vtable)
 *(.data*)
 .data.impure_data
                0x20001fe8       0x60 c:/program files (x86)/gnu tools arm embedded/7 2017-q4-major/bin/../lib/gcc/arm-none-eabi/7.2.1/../../../../arm-none-eabi/lib/thumb/v6-m\libc_nano.a(lib_a-impure.o)
 .data.xNextTaskUnblockTime
                0x20002048        0x4 _build/nrf51822_xxaa_tasks.c.o
 .data.m_adv_uuids
                0x2000204c        0xc _build/nrf51822_xxaa_main.c.o
 .data.m_conn_handle
                0x20002058        0x2 _build/nrf51822_xxaa_main.c.o
 .data.m_rr_interval_enabled
                0x2000205a        0x1 _build/nrf51822_xxaa_main.c.o
 *fill*         0x2000205b        0x1 
 .data.m_whitelist
                0x2000205c       0x10 _build/nrf51822_xxaa_ble_advertising.c.o
 .data.m_flag_sec_proc
                0x2000206c        0x1 _build/nrf51822_xxaa_security_dispatcher.c.o
 .data.m_flag_sec_proc_new_peer
                0x2000206d        0x1 _build/nrf51822_xxaa_security_dispatcher.c.o
 .data.m_flag_sec_proc_pairing
                0x2000206e        0x1 _build/nrf51822_xxaa_security_dispatcher.c.o
 .data.m_flag_link_secure_force_repairing
                0x2000206f        0x1 _build/nrf51822_xxaa_security_manager.c.o
 .data.m_flag_link_secure_null_params
                0x20002070        0x1 _build/nrf51822_xxaa_security_manager.c.o
 .data.m_flag_link_secure_pending_busy
                0x20002071        0x1 _build/nrf51822_xxaa_security_manager.c.o
 .data.m_flag_link_secure_pending_flash_full
                0x20002072        0x1 _build/nrf51822_xxaa_security_manager.c.o
 .data.m_flag_params_reply_pending_busy
                0x20002073        0x1 _build/nrf51822_xxaa_security_manager.c.o
 .data.m_flag_params_reply_pending_flash_full
                0x20002074        0x1 _build/nrf51822_xxaa_security_manager.c.o
 .data.m_flag_reject_pairing
                0x20002075        0x1 _build/nrf51822_xxaa_security_manager.c.o
                0x20002078                . = ALIGN (0x4)
 *fill*         0x20002076        0x2 
                0x20002078                PROVIDE (__preinit_array_start, .)
 *(.preinit_array)
                0x20002078                PROVIDE (__preinit_array_end, .)
                0x20002078                . = ALIGN (0x4)
                0x20002078                PROVIDE (__init_array_start, .)
 *(SORT_BY_NAME(.init_array.*))
 *(.init_array)
 .init_array    0x20002078        0x4 c:/program files (x86)/gnu tools arm embedded/7 2017-q4-major/bin/../lib/gcc/arm-none-eabi/7.2.1/thumb/v6-m/crtbegin.o
                0x2000207c                PROVIDE (__init_array_end, .)
                0x2000207c                . = ALIGN (0x4)
                [!provide]                PROVIDE (__fini_array_start, .)
 *(SORT_BY_NAME(.fini_array.*))
 *(.fini_array)
 .fini_array    0x2000207c        0x4 c:/program files (x86)/gnu tools arm embedded/7 2017-q4-major/bin/../lib/gcc/arm-none-eabi/7.2.1/thumb/v6-m/crtbegin.o
                [!provide]                PROVIDE (__fini_array_end, .)
 *(.jcr*)
                0x20002080                . = ALIGN (0x4)
                0x20002080                __data_end__ = .
LOAD c:/program files (x86)/gnu tools arm embedded/7 2017-q4-major/bin/../lib/gcc/arm-none-eabi/7.2.1/thumb/v6-m/crti.o
LOAD c:/program files (x86)/gnu tools arm embedded/7 2017-q4-major/bin/../lib/gcc/arm-none-eabi/7.2.1/thumb/v6-m/crtbegin.o
LOAD c:/program files (x86)/gnu tools arm embedded/7 2017-q4-major/bin/../lib/gcc/arm-none-eabi/7.2.1/../../../../arm-none-eabi/lib/thumb/v6-m/crt0.o
LOAD c:/program files (x86)/gnu tools arm embedded/7 2017-q4-major/bin/../lib/gcc/arm-none-eabi/7.2.1/../../../../arm-none-eabi/lib/thumb/v6-m\libc_nano.a
LOAD c:/program files (x86)/gnu tools arm embedded/7 2017-q4-major/bin/../lib/gcc/arm-none-eabi/7.2.1/../../../../arm-none-eabi/lib/thumb/v6-m\libnosys.a
LOAD _build/nrf51822_xxaa_nrf_log_backend_serial.c.o
LOAD _build/nrf51822_xxaa_nrf_log_frontend.c.o
LOAD _build/nrf51822_xxaa_app_button.c.o
LOAD _build/nrf51822_xxaa_app_error.c.o
LOAD _build/nrf51822_xxaa_app_error_weak.c.o
LOAD _build/nrf51822_xxaa_app_timer_freertos.c.o
LOAD _build/nrf51822_xxaa_app_util_platform.c.o
LOAD _build/nrf51822_xxaa_crc16.c.o
LOAD _build/nrf51822_xxaa_fds.c.o
LOAD _build/nrf51822_xxaa_fstorage.c.o
LOAD _build/nrf51822_xxaa_hardfault_handler_gcc.c.o
LOAD _build/nrf51822_xxaa_hardfault_implementation.c.o
LOAD _build/nrf51822_xxaa_nrf_assert.c.o
LOAD _build/nrf51822_xxaa_sdk_errors.c.o
LOAD _build/nrf51822_xxaa_sdk_mapped_flags.c.o
LOAD _build/nrf51822_xxaa_sensorsim.c.o
LOAD _build/nrf51822_xxaa_croutine.c.o
LOAD _build/nrf51822_xxaa_event_groups.c.o
LOAD _build/nrf51822_xxaa_heap_1.c.o
LOAD _build/nrf51822_xxaa_list.c.o
LOAD _build/nrf51822_xxaa_port.c.o
LOAD _build/nrf51822_xxaa_port_cmsis.c.o
LOAD _build/nrf51822_xxaa_port_cmsis_systick.c.o
LOAD _build/nrf51822_xxaa_queue.c.o
LOAD _build/nrf51822_xxaa_tasks.c.o
LOAD _build/nrf51822_xxaa_timers.c.o
LOAD _build/nrf51822_xxaa_boards.c.o
LOAD _build/nrf51822_xxaa_nrf_drv_clock.c.o
LOAD _build/nrf51822_xxaa_nrf_drv_common.c.o
LOAD _build/nrf51822_xxaa_nrf_drv_gpiote.c.o
LOAD _build/nrf51822_xxaa_nrf_drv_uart.c.o
LOAD _build/nrf51822_xxaa_bsp.c.o
LOAD _build/nrf51822_xxaa_bsp_btn_ble.c.o
LOAD _build/nrf51822_xxaa_bsp_nfc.c.o
LOAD _build/nrf51822_xxaa_main.c.o
LOAD _build/nrf51822_xxaa_RTT_Syscalls_GCC.c.o
LOAD _build/nrf51822_xxaa_SEGGER_RTT.c.o
LOAD _build/nrf51822_xxaa_SEGGER_RTT_printf.c.o
LOAD _build/nrf51822_xxaa_ble_advdata.c.o
LOAD _build/nrf51822_xxaa_ble_advertising.c.o
LOAD _build/nrf51822_xxaa_ble_conn_params.c.o
LOAD _build/nrf51822_xxaa_ble_conn_state.c.o
LOAD _build/nrf51822_xxaa_ble_srv_common.c.o
LOAD _build/nrf51822_xxaa_gatt_cache_manager.c.o
LOAD _build/nrf51822_xxaa_gatts_cache_manager.c.o
LOAD _build/nrf51822_xxaa_id_manager.c.o
LOAD _build/nrf51822_xxaa_nrf_ble_gatt.c.o
LOAD _build/nrf51822_xxaa_peer_data.c.o
LOAD _build/nrf51822_xxaa_peer_data_storage.c.o
LOAD _build/nrf51822_xxaa_peer_database.c.o
LOAD _build/nrf51822_xxaa_peer_id.c.o
LOAD _build/nrf51822_xxaa_peer_manager.c.o
LOAD _build/nrf51822_xxaa_pm_buffer.c.o
LOAD _build/nrf51822_xxaa_pm_mutex.c.o
LOAD _build/nrf51822_xxaa_security_dispatcher.c.o
LOAD _build/nrf51822_xxaa_security_manager.c.o
LOAD _build/nrf51822_xxaa_gcc_startup_nrf51.S.o
LOAD _build/nrf51822_xxaa_system_nrf51.c.o
LOAD _build/nrf51822_xxaa_ble_bas.c.o
LOAD _build/nrf51822_xxaa_ble_dis.c.o
LOAD _build/nrf51822_xxaa_ble_hrs.c.o
LOAD _build/nrf51822_xxaa_softdevice_handler.c.o
LOAD c:/program files (x86)/gnu tools arm embedded/7 2017-q4-major/bin/../lib/gcc/arm-none-eabi/7.2.1/../../../../arm-none-eabi/lib/thumb/v6-m\libm.a
START GROUP
LOAD c:/program files (x86)/gnu tools arm embedded/7 2017-q4-major/bin/../lib/gcc/arm-none-eabi/7.2.1/thumb/v6-m\libgcc.a
LOAD c:/program files (x86)/gnu tools arm embedded/7 2017-q4-major/bin/../lib/gcc/arm-none-eabi/7.2.1/../../../../arm-none-eabi/lib/thumb/v6-m\libc_nano.a
END GROUP
START GROUP
LOAD c:/program files (x86)/gnu tools arm embedded/7 2017-q4-major/bin/../lib/gcc/arm-none-eabi/7.2.1/thumb/v6-m\libgcc.a
LOAD c:/program files (x86)/gnu tools arm embedded/7 2017-q4-major/bin/../lib/gcc/arm-none-eabi/7.2.1/../../../../arm-none-eabi/lib/thumb/v6-m\libc_nano.a
END GROUP
LOAD c:/program files (x86)/gnu tools arm embedded/7 2017-q4-major/bin/../lib/gcc/arm-none-eabi/7.2.1/thumb/v6-m/crtend.o
LOAD c:/program files (x86)/gnu tools arm embedded/7 2017-q4-major/bin/../lib/gcc/arm-none-eabi/7.2.1/thumb/v6-m/crtn.o
START GROUP
LOAD c:/program files (x86)/gnu tools arm embedded/7 2017-q4-major/bin/../lib/gcc/arm-none-eabi/7.2.1/thumb/v6-m\libgcc.a
LOAD c:/program files (x86)/gnu tools arm embedded/7 2017-q4-major/bin/../lib/gcc/arm-none-eabi/7.2.1/../../../../arm-none-eabi/lib/thumb/v6-m\libc.a
LOAD c:/program files (x86)/gnu tools arm embedded/7 2017-q4-major/bin/../lib/gcc/arm-none-eabi/7.2.1/../../../../arm-none-eabi/lib/thumb/v6-m\libnosys.a
END GROUP

.igot.plt       0x20002080        0x0 load address 0x00029180
 .igot.plt      0x20002080        0x0 c:/program files (x86)/gnu tools arm embedded/7 2017-q4-major/bin/../lib/gcc/arm-none-eabi/7.2.1/thumb/v6-m/crtbegin.o

.fs_data        0x20002080       0x10 load address 0x00029180
                0x20002080                PROVIDE (__start_fs_data, .)
 *(.fs_data)
 .fs_data       0x20002080       0x10 _build/nrf51822_xxaa_fds.c.o
                0x20002090                PROVIDE (__stop_fs_data, .)

.pwr_mgmt_data  0x20002090        0x0
                [!provide]                PROVIDE (__start_pwr_mgmt_data, .)
 *(.pwr_mgmt_data)
                [!provide]                PROVIDE (__stop_pwr_mgmt_data, .)

.bss            0x20002090     0x1cf0 load address 0x00029190
                0x20002090                . = ALIGN (0x4)
                0x20002090                __bss_start__ = .
 *(.bss*)
 .bss           0x20002090       0x1c c:/program files (x86)/gnu tools arm embedded/7 2017-q4-major/bin/../lib/gcc/arm-none-eabi/7.2.1/thumb/v6-m/crtbegin.o
 .bss.m_button_count
                0x200020ac        0x1 _build/nrf51822_xxaa_app_button.c.o
 *fill*         0x200020ad        0x3 
 .bss.m_detection_delay
                0x200020b0        0x4 _build/nrf51822_xxaa_app_button.c.o
 .bss.m_detection_delay_timer_id_data
                0x200020b4       0x20 _build/nrf51822_xxaa_app_button.c.o
 .bss.m_pin_state
                0x200020d4        0x4 _build/nrf51822_xxaa_app_button.c.o
 .bss.m_pin_transition
                0x200020d8        0x4 _build/nrf51822_xxaa_app_button.c.o
 .bss.mp_buttons
                0x200020dc        0x4 _build/nrf51822_xxaa_app_button.c.o
 .bss.m_prescaler
                0x200020e0        0x4 _build/nrf51822_xxaa_app_timer_freertos.c.o
 .bss.desc.6515
                0x200020e4        0xc _build/nrf51822_xxaa_fds.c.o
 .bss.m_cb_table
                0x200020f0       0x20 _build/nrf51822_xxaa_fds.c.o
 .bss.m_chunk_queue
                0x20002110       0x48 _build/nrf51822_xxaa_fds.c.o
 .bss.m_flags   0x20002158        0x1 _build/nrf51822_xxaa_fds.c.o
 *fill*         0x20002159        0x3 
 .bss.m_gc      0x2000215c       0x10 _build/nrf51822_xxaa_fds.c.o
 .bss.m_latest_rec_id
                0x2000216c        0x4 _build/nrf51822_xxaa_fds.c.o
 .bss.m_op_queue
                0x20002170       0x78 _build/nrf51822_xxaa_fds.c.o
 .bss.m_pages   0x200021e8       0x20 _build/nrf51822_xxaa_fds.c.o
 .bss.m_swap_page
                0x20002208        0x8 _build/nrf51822_xxaa_fds.c.o
 .bss.m_users   0x20002210        0x1 _build/nrf51822_xxaa_fds.c.o
 *fill*         0x20002211        0x1 
 .bss.page.6516
                0x20002212        0x2 _build/nrf51822_xxaa_fds.c.o
 .bss.tok.6421  0x20002214        0x8 _build/nrf51822_xxaa_fds.c.o
 .bss.m_flags   0x2000221c        0x1 _build/nrf51822_xxaa_fstorage.c.o
 *fill*         0x2000221d        0x3 
 .bss.m_queue   0x20002220       0x68 _build/nrf51822_xxaa_fstorage.c.o
 .bss.m_retry_count
                0x20002288        0x1 _build/nrf51822_xxaa_fstorage.c.o
 *fill*         0x20002289        0x3 
 .bss.pucAlignedHeap.7406
                0x2000228c        0x4 _build/nrf51822_xxaa_heap_1.c.o
 .bss.ucHeap    0x20002290     0x1000 _build/nrf51822_xxaa_heap_1.c.o
 .bss.xNextFreeByte
                0x20003290        0x4 _build/nrf51822_xxaa_heap_1.c.o
 .bss.uxCriticalNesting
                0x20003294        0x4 _build/nrf51822_xxaa_port_cmsis.c.o
 .bss.uxYieldFlag
                0x20003298        0x4 _build/nrf51822_xxaa_port_cmsis.c.o
 .bss.pxCurrentTCB
                0x2000329c        0x4 _build/nrf51822_xxaa_tasks.c.o
                0x2000329c                pxCurrentTCB
 .bss.pxDelayedTaskList
                0x200032a0        0x4 _build/nrf51822_xxaa_tasks.c.o
 .bss.pxOverflowDelayedTaskList
                0x200032a4        0x4 _build/nrf51822_xxaa_tasks.c.o
 .bss.pxReadyTasksLists
                0x200032a8       0x3c _build/nrf51822_xxaa_tasks.c.o
 .bss.uxCurrentNumberOfTasks
                0x200032e4        0x4 _build/nrf51822_xxaa_tasks.c.o
 .bss.uxPendedTicks
                0x200032e8        0x4 _build/nrf51822_xxaa_tasks.c.o
 .bss.uxSchedulerSuspended
                0x200032ec        0x4 _build/nrf51822_xxaa_tasks.c.o
 .bss.uxTaskNumber
                0x200032f0        0x4 _build/nrf51822_xxaa_tasks.c.o
 .bss.uxTasksDeleted
                0x200032f4        0x4 _build/nrf51822_xxaa_tasks.c.o
 .bss.uxTopReadyPriority
                0x200032f8        0x4 _build/nrf51822_xxaa_tasks.c.o
 .bss.xDelayedTaskList1
                0x200032fc       0x14 _build/nrf51822_xxaa_tasks.c.o
 .bss.xDelayedTaskList2
                0x20003310       0x14 _build/nrf51822_xxaa_tasks.c.o
 .bss.xIdleTaskHandle
                0x20003324        0x4 _build/nrf51822_xxaa_tasks.c.o
 .bss.xNumOfOverflows
                0x20003328        0x4 _build/nrf51822_xxaa_tasks.c.o
 .bss.xPendingReadyList
                0x2000332c       0x14 _build/nrf51822_xxaa_tasks.c.o
 .bss.xSchedulerRunning
                0x20003340        0x4 _build/nrf51822_xxaa_tasks.c.o
 .bss.xSuspendedTaskList
                0x20003344       0x14 _build/nrf51822_xxaa_tasks.c.o
 .bss.xTasksWaitingTermination
                0x20003358       0x14 _build/nrf51822_xxaa_tasks.c.o
 .bss.xTickCount
                0x2000336c        0x4 _build/nrf51822_xxaa_tasks.c.o
 .bss.xYieldPending
                0x20003370        0x4 _build/nrf51822_xxaa_tasks.c.o
 .bss.pxCurrentTimerList
                0x20003374        0x4 _build/nrf51822_xxaa_timers.c.o
 .bss.pxOverflowTimerList
                0x20003378        0x4 _build/nrf51822_xxaa_timers.c.o
 .bss.xActiveTimerList1
                0x2000337c       0x14 _build/nrf51822_xxaa_timers.c.o
 .bss.xActiveTimerList2
                0x20003390       0x14 _build/nrf51822_xxaa_timers.c.o
 .bss.xLastTime.7662
                0x200033a4        0x4 _build/nrf51822_xxaa_timers.c.o
 .bss.xTimerQueue
                0x200033a8        0x4 _build/nrf51822_xxaa_timers.c.o
 .bss.xTimerTaskHandle
                0x200033ac        0x4 _build/nrf51822_xxaa_timers.c.o
 .bss.m_clock_cb
                0x200033b0       0x14 _build/nrf51822_xxaa_nrf_drv_clock.c.o
 .bss.m_cb      0x200033c4       0x48 _build/nrf51822_xxaa_nrf_drv_gpiote.c.o
 .bss.m_cb      0x2000340c       0x1c _build/nrf51822_xxaa_nrf_drv_uart.c.o
 .bss.current_long_push_pin_no.6089
                0x20003428        0x1 _build/nrf51822_xxaa_bsp.c.o
 *fill*         0x20003429        0x3 
 .bss.m_alert_timer_id_data
                0x2000342c       0x20 _build/nrf51822_xxaa_bsp.c.o
 .bss.m_app_ticks_per_100ms
                0x2000344c        0x4 _build/nrf51822_xxaa_bsp.c.o
 .bss.m_button_timer_id_data
                0x20003450       0x20 _build/nrf51822_xxaa_bsp.c.o
 .bss.m_events_list
                0x20003470        0x6 _build/nrf51822_xxaa_bsp.c.o
 *fill*         0x20003476        0x2 
 .bss.m_indication_type
                0x20003478        0x4 _build/nrf51822_xxaa_bsp.c.o
 .bss.m_leds_clear
                0x2000347c        0x1 _build/nrf51822_xxaa_bsp.c.o
 *fill*         0x2000347d        0x3 
 .bss.m_leds_timer_id_data
                0x20003480       0x20 _build/nrf51822_xxaa_bsp.c.o
 .bss.m_registered_callback
                0x200034a0        0x4 _build/nrf51822_xxaa_bsp.c.o
 .bss.m_stable_state
                0x200034a4        0x1 _build/nrf51822_xxaa_bsp.c.o
 *fill*         0x200034a5        0x3 
 .bss.release_event_at_push.6090
                0x200034a8        0x2 _build/nrf51822_xxaa_bsp.c.o
 *fill*         0x200034aa        0x2 
 .bss.m_error_handler
                0x200034ac        0x4 _build/nrf51822_xxaa_bsp_btn_ble.c.o
 .bss.m_num_connections
                0x200034b0        0x4 _build/nrf51822_xxaa_bsp_btn_ble.c.o
 .bss.APP_TIMER_BUF.9524
                0x200034b4       0x78 _build/nrf51822_xxaa_main.c.o
 .bss.BLE_EVT_BUFFER.9617
                0x2000352c       0x48 _build/nrf51822_xxaa_main.c.o
 .bss.cnt.9510  0x20003574        0x4 _build/nrf51822_xxaa_main.c.o
 .bss.m_bas     0x20003578       0x18 _build/nrf51822_xxaa_main.c.o
 .bss.m_battery_sim_cfg
                0x20003590       0x10 _build/nrf51822_xxaa_main.c.o
 .bss.m_battery_sim_state
                0x200035a0        0x8 _build/nrf51822_xxaa_main.c.o
 .bss.m_battery_timer
                0x200035a8        0x4 _build/nrf51822_xxaa_main.c.o
 .bss.m_ble_event_ready
                0x200035ac        0x4 _build/nrf51822_xxaa_main.c.o
 .bss.m_ble_stack_thread
                0x200035b0        0x4 _build/nrf51822_xxaa_main.c.o
 .bss.m_heart_rate_sim_cfg
                0x200035b4       0x10 _build/nrf51822_xxaa_main.c.o
 .bss.m_heart_rate_sim_state
                0x200035c4        0x8 _build/nrf51822_xxaa_main.c.o
 .bss.m_heart_rate_timer
                0x200035cc        0x4 _build/nrf51822_xxaa_main.c.o
 .bss.m_hrs     0x200035d0       0x50 _build/nrf51822_xxaa_main.c.o
 .bss.m_rr_interval_sim_cfg
                0x20003620       0x10 _build/nrf51822_xxaa_main.c.o
 .bss.m_rr_interval_sim_state
                0x20003630        0x8 _build/nrf51822_xxaa_main.c.o
 .bss.m_rr_interval_timer
                0x20003638        0x4 _build/nrf51822_xxaa_main.c.o
 .bss.m_sensor_contact_timer
                0x2000363c        0x4 _build/nrf51822_xxaa_main.c.o
 .bss.sensor_contact_detected.9520
                0x20003640        0x1 _build/nrf51822_xxaa_main.c.o
 .bss.m_adv_evt
                0x20003641        0x1 _build/nrf51822_xxaa_ble_advertising.c.o
 .bss.m_adv_mode_current
                0x20003642        0x1 _build/nrf51822_xxaa_ble_advertising.c.o
 *fill*         0x20003643        0x1 
 .bss.m_adv_modes_config
                0x20003644       0x20 _build/nrf51822_xxaa_ble_advertising.c.o
 .bss.m_advdata
                0x20003664       0x3c _build/nrf51822_xxaa_ble_advertising.c.o
 .bss.m_advertising_start_pending
                0x200036a0        0x1 _build/nrf51822_xxaa_ble_advertising.c.o
 *fill*         0x200036a1        0x1 
 .bss.m_current_slave_link_conn_handle
                0x200036a2        0x2 _build/nrf51822_xxaa_ble_advertising.c.o
 .bss.m_error_handler
                0x200036a4        0x4 _build/nrf51822_xxaa_ble_advertising.c.o
 .bss.m_evt_handler
                0x200036a8        0x4 _build/nrf51822_xxaa_ble_advertising.c.o
 .bss.m_initialized
                0x200036ac        0x1 _build/nrf51822_xxaa_ble_advertising.c.o
 *fill*         0x200036ad        0x3 
 .bss.m_manuf_data_array
                0x200036b0       0x1f _build/nrf51822_xxaa_ble_advertising.c.o
 *fill*         0x200036cf        0x1 
 .bss.m_manuf_specific_data
                0x200036d0        0xc _build/nrf51822_xxaa_ble_advertising.c.o
 .bss.m_p_whitelist_addrs
                0x200036dc       0x20 _build/nrf51822_xxaa_ble_advertising.c.o
 .bss.m_p_whitelist_irks
                0x200036fc       0x20 _build/nrf51822_xxaa_ble_advertising.c.o
 .bss.m_peer_addr_reply_expected
                0x2000371c        0x1 _build/nrf51822_xxaa_ble_advertising.c.o
 *fill*         0x2000371d        0x3 
 .bss.m_peer_address
                0x20003720        0x7 _build/nrf51822_xxaa_ble_advertising.c.o
 *fill*         0x20003727        0x1 
 .bss.m_service_data
                0x20003728        0xc _build/nrf51822_xxaa_ble_advertising.c.o
 .bss.m_service_data_array
                0x20003734       0x1f _build/nrf51822_xxaa_ble_advertising.c.o
 *fill*         0x20003753        0x1 
 .bss.m_slave_conn_int
                0x20003754        0x4 _build/nrf51822_xxaa_ble_advertising.c.o
 .bss.m_whitelist_addrs
                0x20003758       0x38 _build/nrf51822_xxaa_ble_advertising.c.o
 .bss.m_whitelist_irks
                0x20003790       0x80 _build/nrf51822_xxaa_ble_advertising.c.o
 .bss.m_whitelist_reply_expected
                0x20003810        0x1 _build/nrf51822_xxaa_ble_advertising.c.o
 .bss.m_whitelist_temporarily_disabled
                0x20003811        0x1 _build/nrf51822_xxaa_ble_advertising.c.o
 .bss.m_change_param
                0x20003812        0x1 _build/nrf51822_xxaa_ble_conn_params.c.o
 *fill*         0x20003813        0x1 
 .bss.m_conn_handle
                0x20003814        0x2 _build/nrf51822_xxaa_ble_conn_params.c.o
 *fill*         0x20003816        0x2 
 .bss.m_conn_params_config
                0x20003818       0x1c _build/nrf51822_xxaa_ble_conn_params.c.o
 .bss.m_conn_params_timer_id_data
                0x20003834       0x20 _build/nrf51822_xxaa_ble_conn_params.c.o
 .bss.m_current_conn_params
                0x20003854        0x8 _build/nrf51822_xxaa_ble_conn_params.c.o
 .bss.m_preferred_conn_params
                0x2000385c        0x8 _build/nrf51822_xxaa_ble_conn_params.c.o
 .bss.m_update_count
                0x20003864        0x1 _build/nrf51822_xxaa_ble_conn_params.c.o
 *fill*         0x20003865        0x3 
 .bss.m_bcs     0x20003868       0x34 _build/nrf51822_xxaa_ble_conn_state.c.o
 .bss.m_flag_local_db_apply_pending
                0x2000389c        0x1 _build/nrf51822_xxaa_gatt_cache_manager.c.o
 .bss.m_flag_local_db_update_pending
                0x2000389d        0x1 _build/nrf51822_xxaa_gatt_cache_manager.c.o
 .bss.m_flag_service_changed_pending
                0x2000389e        0x1 _build/nrf51822_xxaa_gatt_cache_manager.c.o
 .bss.m_flag_service_changed_sent
                0x2000389f        0x1 _build/nrf51822_xxaa_gatt_cache_manager.c.o
 .bss.m_current_sc_store_peer_id
                0x200038a0        0x2 _build/nrf51822_xxaa_gatts_cache_manager.c.o
 .bss.start_handle.7212
                0x200038a2        0x2 _build/nrf51822_xxaa_gatts_cache_manager.c.o
 .bss.m_conn_state_user_flag_id
                0x200038a4        0x1 _build/nrf51822_xxaa_id_manager.c.o
 *fill*         0x200038a5        0x3 
 .bss.m_connections
                0x200038a8       0x60 _build/nrf51822_xxaa_id_manager.c.o
 .bss.m_current_id_addr
                0x20003908        0x7 _build/nrf51822_xxaa_id_manager.c.o
 *fill*         0x2000390f        0x1 
 .bss.m_fds_ftok
                0x20003910        0x8 _build/nrf51822_xxaa_peer_data_storage.c.o
 .bss.m_peer_delete_ongoing
                0x20003918        0x1 _build/nrf51822_xxaa_peer_data_storage.c.o
 .bss.m_peer_delete_queued
                0x20003919        0x1 _build/nrf51822_xxaa_peer_data_storage.c.o
 *fill*         0x2000391a        0x2 
 .bss.buffer_memory.7234
                0x2000391c      0x280 _build/nrf51822_xxaa_peer_database.c.o
 .bss.m_n_writes
                0x20003b9c        0x4 _build/nrf51822_xxaa_peer_database.c.o
 .bss.m_write_buffer
                0x20003ba0       0x10 _build/nrf51822_xxaa_peer_database.c.o
 .bss.m_write_buffer_records
                0x20003bb0       0xa0 _build/nrf51822_xxaa_peer_database.c.o
 .bss.mutex_memory.7235
                0x20003c50        0x1 _build/nrf51822_xxaa_peer_database.c.o
 *fill*         0x20003c51        0x3 
 .bss.m_pi      0x20003c54       0x40 _build/nrf51822_xxaa_peer_id.c.o
 .bss.m_bonding_flag_id
                0x20003c94        0x1 _build/nrf51822_xxaa_peer_manager.c.o
 *fill*         0x20003c95        0x3 
 .bss.m_current_highest_peer_rank
                0x20003c98        0x4 _build/nrf51822_xxaa_peer_manager.c.o
 .bss.m_deleting_all
                0x20003c9c        0x1 _build/nrf51822_xxaa_peer_manager.c.o
 *fill*         0x20003c9d        0x3 
 .bss.m_evt_handlers
                0x20003ca0        0xc _build/nrf51822_xxaa_peer_manager.c.o
 .bss.m_highest_ranked_peer
                0x20003cac        0x2 _build/nrf51822_xxaa_peer_manager.c.o
 .bss.m_module_initialized
                0x20003cae        0x1 _build/nrf51822_xxaa_peer_manager.c.o
 .bss.m_n_registrants
                0x20003caf        0x1 _build/nrf51822_xxaa_peer_manager.c.o
 .bss.m_pairing_flag_id
                0x20003cb0        0x1 _build/nrf51822_xxaa_peer_manager.c.o
 .bss.m_peer_rank_initialized
                0x20003cb1        0x1 _build/nrf51822_xxaa_peer_manager.c.o
 *fill*         0x20003cb2        0x2 
 .bss.m_peer_rank_token
                0x20003cb4        0x4 _build/nrf51822_xxaa_peer_manager.c.o
 .bss.m_peer_pk
                0x20003cb8       0x40 _build/nrf51822_xxaa_security_dispatcher.c.o
 .bss.m_p_public_key
                0x20003cf8        0x4 _build/nrf51822_xxaa_security_manager.c.o
 .bss.m_sec_params
                0x20003cfc        0x5 _build/nrf51822_xxaa_security_manager.c.o
 .bss.m_sec_params_valid
                0x20003d01        0x1 _build/nrf51822_xxaa_security_manager.c.o
 *fill*         0x20003d02        0x2 
 .bss.fw_rev_handles
                0x20003d04        0x8 _build/nrf51822_xxaa_ble_dis.c.o
 .bss.hw_rev_handles
                0x20003d0c        0x8 _build/nrf51822_xxaa_ble_dis.c.o
 .bss.manufact_name_handles
                0x20003d14        0x8 _build/nrf51822_xxaa_ble_dis.c.o
 .bss.model_num_handles
                0x20003d1c        0x8 _build/nrf51822_xxaa_ble_dis.c.o
 .bss.pnp_id_handles
                0x20003d24        0x8 _build/nrf51822_xxaa_ble_dis.c.o
 .bss.reg_cert_data_list_handles
                0x20003d2c        0x8 _build/nrf51822_xxaa_ble_dis.c.o
 .bss.serial_num_handles
                0x20003d34        0x8 _build/nrf51822_xxaa_ble_dis.c.o
 .bss.service_handle
                0x20003d3c        0x2 _build/nrf51822_xxaa_ble_dis.c.o
 *fill*         0x20003d3e        0x2 
 .bss.sw_rev_handles
                0x20003d40        0x8 _build/nrf51822_xxaa_ble_dis.c.o
 .bss.sys_id_handles
                0x20003d48        0x8 _build/nrf51822_xxaa_ble_dis.c.o
 .bss.m_ble_evt_buffer_size
                0x20003d50        0x2 _build/nrf51822_xxaa_softdevice_handler.c.o
 *fill*         0x20003d52        0x2 
 .bss.m_ble_evt_handler
                0x20003d54        0x4 _build/nrf51822_xxaa_softdevice_handler.c.o
 .bss.m_evt_schedule_func
                0x20003d58        0x4 _build/nrf51822_xxaa_softdevice_handler.c.o
 .bss.m_softdevice_enabled
                0x20003d5c        0x1 _build/nrf51822_xxaa_softdevice_handler.c.o
 .bss.m_suspended
                0x20003d5d        0x1 _build/nrf51822_xxaa_softdevice_handler.c.o
 *fill*         0x20003d5e        0x2 
 .bss.m_sys_evt_handler
                0x20003d60        0x4 _build/nrf51822_xxaa_softdevice_handler.c.o
 .bss.mp_ble_evt_buffer
                0x20003d64        0x4 _build/nrf51822_xxaa_softdevice_handler.c.o
 *(COMMON)
 COMMON         0x20003d68        0x8 _build/nrf51822_xxaa_app_util_platform.c.o
                0x20003d68                nrf_nvic_state
 COMMON         0x20003d70       0x10 _build/nrf51822_xxaa_queue.c.o
                0x20003d70                xQueueRegistry
                0x20003d80                . = ALIGN (0x4)
                0x20003d80                __bss_end__ = .

.heap           0x20003d80       0x80
                0x20003d80                __HeapBase = .
                0x20003d80                __end__ = .
                [!provide]                PROVIDE (end, .)
 *(.heap*)
 .heap          0x20003d80       0x80 _build/nrf51822_xxaa_gcc_startup_nrf51.S.o
                0x20003e00                __HeapLimit = .

.stack_dummy    0x20003d80      0x200
 *(.stack*)
 .stack         0x20003d80      0x200 _build/nrf51822_xxaa_gcc_startup_nrf51.S.o
                0x20004000                __StackTop = (ORIGIN (RAM) + LENGTH (RAM))
                0x20003e00                __StackLimit = (__StackTop - SIZEOF (.stack_dummy))
                0x20004000                PROVIDE (__stack, __StackTop)
                0x00000001                ASSERT ((__StackLimit >= __HeapLimit), region RAM overflowed with stack)
OUTPUT(_build/nrf51822_xxaa.out elf32-littlearm)

.ARM.attributes
                0x00000000       0x28
 .ARM.attributes
                0x00000000       0x1e c:/program files (x86)/gnu tools arm embedded/7 2017-q4-major/bin/../lib/gcc/arm-none-eabi/7.2.1/thumb/v6-m/crti.o
 .ARM.attributes
                0x0000001e       0x2c c:/program files (x86)/gnu tools arm embedded/7 2017-q4-major/bin/../lib/gcc/arm-none-eabi/7.2.1/thumb/v6-m/crtbegin.o
 .ARM.attributes
                0x0000004a       0x1b c:/program files (x86)/gnu tools arm embedded/7 2017-q4-major/bin/../lib/gcc/arm-none-eabi/7.2.1/../../../../arm-none-eabi/lib/thumb/v6-m/crt0.o
 .ARM.attributes
                0x00000065       0x2c c:/program files (x86)/gnu tools arm embedded/7 2017-q4-major/bin/../lib/gcc/arm-none-eabi/7.2.1/../../../../arm-none-eabi/lib/thumb/v6-m\libc_nano.a(lib_a-exit.o)
 .ARM.attributes
                0x00000091       0x2c c:/program files (x86)/gnu tools arm embedded/7 2017-q4-major/bin/../lib/gcc/arm-none-eabi/7.2.1/../../../../arm-none-eabi/lib/thumb/v6-m\libc_nano.a(lib_a-impure.o)
 .ARM.attributes
                0x000000bd       0x2c c:/program files (x86)/gnu tools arm embedded/7 2017-q4-major/bin/../lib/gcc/arm-none-eabi/7.2.1/../../../../arm-none-eabi/lib/thumb/v6-m\libc_nano.a(lib_a-init.o)
 .ARM.attributes
                0x000000e9       0x2c c:/program files (x86)/gnu tools arm embedded/7 2017-q4-major/bin/../lib/gcc/arm-none-eabi/7.2.1/../../../../arm-none-eabi/lib/thumb/v6-m\libc_nano.a(lib_a-memset.o)
 .ARM.attributes
                0x00000115       0x2c c:/program files (x86)/gnu tools arm embedded/7 2017-q4-major/bin/../lib/gcc/arm-none-eabi/7.2.1/../../../../arm-none-eabi/lib/thumb/v6-m\libnosys.a(_exit.o)
 .ARM.attributes
                0x00000141       0x31 _build/nrf51822_xxaa_app_button.c.o
 .ARM.attributes
                0x00000172       0x31 _build/nrf51822_xxaa_app_error.c.o
 .ARM.attributes
                0x000001a3       0x31 _build/nrf51822_xxaa_app_error_weak.c.o
 .ARM.attributes
                0x000001d4       0x31 _build/nrf51822_xxaa_app_timer_freertos.c.o
 .ARM.attributes
                0x00000205       0x31 _build/nrf51822_xxaa_app_util_platform.c.o
 .ARM.attributes
                0x00000236       0x31 _build/nrf51822_xxaa_fds.c.o
 .ARM.attributes
                0x00000267       0x31 _build/nrf51822_xxaa_fstorage.c.o
 .ARM.attributes
                0x00000298       0x31 _build/nrf51822_xxaa_hardfault_handler_gcc.c.o
 .ARM.attributes
                0x000002c9       0x31 _build/nrf51822_xxaa_hardfault_implementation.c.o
 .ARM.attributes
                0x000002fa       0x31 _build/nrf51822_xxaa_sdk_mapped_flags.c.o
 .ARM.attributes
                0x0000032b       0x31 _build/nrf51822_xxaa_sensorsim.c.o
 .ARM.attributes
                0x0000035c       0x31 _build/nrf51822_xxaa_heap_1.c.o
 .ARM.attributes
                0x0000038d       0x31 _build/nrf51822_xxaa_list.c.o
 .ARM.attributes
                0x000003be       0x31 _build/nrf51822_xxaa_port.c.o
 .ARM.attributes
                0x000003ef       0x31 _build/nrf51822_xxaa_port_cmsis.c.o
 .ARM.attributes
                0x00000420       0x31 _build/nrf51822_xxaa_port_cmsis_systick.c.o
 .ARM.attributes
                0x00000451       0x31 _build/nrf51822_xxaa_queue.c.o
 .ARM.attributes
                0x00000482       0x31 _build/nrf51822_xxaa_tasks.c.o
 .ARM.attributes
                0x000004b3       0x31 _build/nrf51822_xxaa_timers.c.o
 .ARM.attributes
                0x000004e4       0x31 _build/nrf51822_xxaa_boards.c.o
 .ARM.attributes
                0x00000515       0x31 _build/nrf51822_xxaa_nrf_drv_clock.c.o
 .ARM.attributes
                0x00000546       0x31 _build/nrf51822_xxaa_nrf_drv_common.c.o
 .ARM.attributes
                0x00000577       0x31 _build/nrf51822_xxaa_nrf_drv_gpiote.c.o
 .ARM.attributes
                0x000005a8       0x31 _build/nrf51822_xxaa_nrf_drv_uart.c.o
 .ARM.attributes
                0x000005d9       0x31 _build/nrf51822_xxaa_bsp.c.o
 .ARM.attributes
                0x0000060a       0x31 _build/nrf51822_xxaa_bsp_btn_ble.c.o
 .ARM.attributes
                0x0000063b       0x31 _build/nrf51822_xxaa_main.c.o
 .ARM.attributes
                0x0000066c       0x31 _build/nrf51822_xxaa_ble_advdata.c.o
 .ARM.attributes
                0x0000069d       0x31 _build/nrf51822_xxaa_ble_advertising.c.o
 .ARM.attributes
                0x000006ce       0x31 _build/nrf51822_xxaa_ble_conn_params.c.o
 .ARM.attributes
                0x000006ff       0x31 _build/nrf51822_xxaa_ble_conn_state.c.o
 .ARM.attributes
                0x00000730       0x31 _build/nrf51822_xxaa_ble_srv_common.c.o
 .ARM.attributes
                0x00000761       0x31 _build/nrf51822_xxaa_gatt_cache_manager.c.o
 .ARM.attributes
                0x00000792       0x31 _build/nrf51822_xxaa_gatts_cache_manager.c.o
 .ARM.attributes
                0x000007c3       0x31 _build/nrf51822_xxaa_id_manager.c.o
 .ARM.attributes
                0x000007f4       0x31 _build/nrf51822_xxaa_peer_data_storage.c.o
 .ARM.attributes
                0x00000825       0x31 _build/nrf51822_xxaa_peer_database.c.o
 .ARM.attributes