Archive member included to satisfy reference by file (symbol)

c:/program files (x86)/gnu tools arm embedded/7 2017-q4-major/bin/../lib/gcc/arm-none-eabi/7.2.1/../../../../arm-none-eabi/lib/thumb/v6-m\libc_nano.a(lib_a-exit.o)
                              c:/program files (x86)/gnu tools arm embedded/7 2017-q4-major/bin/../lib/gcc/arm-none-eabi/7.2.1/../../../../arm-none-eabi/lib/thumb/v6-m/crt0.o (exit)
c:/program files (x86)/gnu tools arm embedded/7 2017-q4-major/bin/../lib/gcc/arm-none-eabi/7.2.1/../../../../arm-none-eabi/lib/thumb/v6-m\libc_nano.a(lib_a-impure.o)
                              c:/program files (x86)/gnu tools arm embedded/7 2017-q4-major/bin/../lib/gcc/arm-none-eabi/7.2.1/../../../../arm-none-eabi/lib/thumb/v6-m\libc_nano.a(lib_a-exit.o) (_global_impure_ptr)
c:/program files (x86)/gnu tools arm embedded/7 2017-q4-major/bin/../lib/gcc/arm-none-eabi/7.2.1/../../../../arm-none-eabi/lib/thumb/v6-m\libc_nano.a(lib_a-init.o)
                              c:/program files (x86)/gnu tools arm embedded/7 2017-q4-major/bin/../lib/gcc/arm-none-eabi/7.2.1/../../../../arm-none-eabi/lib/thumb/v6-m/crt0.o (__libc_init_array)
c:/program files (x86)/gnu tools arm embedded/7 2017-q4-major/bin/../lib/gcc/arm-none-eabi/7.2.1/../../../../arm-none-eabi/lib/thumb/v6-m\libc_nano.a(lib_a-memset.o)
                              c:/program files (x86)/gnu tools arm embedded/7 2017-q4-major/bin/../lib/gcc/arm-none-eabi/7.2.1/../../../../arm-none-eabi/lib/thumb/v6-m/crt0.o (memset)
c:/program files (x86)/gnu tools arm embedded/7 2017-q4-major/bin/../lib/gcc/arm-none-eabi/7.2.1/../../../../arm-none-eabi/lib/thumb/v6-m\libnosys.a(_exit.o)
                              c:/program files (x86)/gnu tools arm embedded/7 2017-q4-major/bin/../lib/gcc/arm-none-eabi/7.2.1/../../../../arm-none-eabi/lib/thumb/v6-m\libc_nano.a(lib_a-exit.o) (_exit)
c:/program files (x86)/gnu tools arm embedded/7 2017-q4-major/bin/../lib/gcc/arm-none-eabi/7.2.1/thumb/v6-m\libgcc.a(_udivsi3.o)
                              _build/nrf51822_xxaa_bsp.c.o (__aeabi_uidiv)
c:/program files (x86)/gnu tools arm embedded/7 2017-q4-major/bin/../lib/gcc/arm-none-eabi/7.2.1/thumb/v6-m\libgcc.a(_divsi3.o)
                              _build/nrf51822_xxaa_bsp.c.o (__aeabi_idiv)
c:/program files (x86)/gnu tools arm embedded/7 2017-q4-major/bin/../lib/gcc/arm-none-eabi/7.2.1/thumb/v6-m\libgcc.a(_dvmd_tls.o)
                              c:/program files (x86)/gnu tools arm embedded/7 2017-q4-major/bin/../lib/gcc/arm-none-eabi/7.2.1/thumb/v6-m\libgcc.a(_udivsi3.o) (__aeabi_idiv0)
c:/program files (x86)/gnu tools arm embedded/7 2017-q4-major/bin/../lib/gcc/arm-none-eabi/7.2.1/../../../../arm-none-eabi/lib/thumb/v6-m\libc_nano.a(lib_a-memcpy-stub.o)
                              _build/nrf51822_xxaa_SEGGER_RTT.c.o (memcpy)
c:/program files (x86)/gnu tools arm embedded/7 2017-q4-major/bin/../lib/gcc/arm-none-eabi/7.2.1/../../../../arm-none-eabi/lib/thumb/v6-m\libc_nano.a(lib_a-printf.o)
                              _build/nrf51822_xxaa_main.c.o (printf)
c:/program files (x86)/gnu tools arm embedded/7 2017-q4-major/bin/../lib/gcc/arm-none-eabi/7.2.1/../../../../arm-none-eabi/lib/thumb/v6-m\libc_nano.a(lib_a-strcpy.o)
                              _build/nrf51822_xxaa_SEGGER_RTT.c.o (strcpy)
c:/program files (x86)/gnu tools arm embedded/7 2017-q4-major/bin/../lib/gcc/arm-none-eabi/7.2.1/../../../../arm-none-eabi/lib/thumb/v6-m\libc_nano.a(lib_a-strlen.o)
                              _build/nrf51822_xxaa_main.c.o (strlen)
c:/program files (x86)/gnu tools arm embedded/7 2017-q4-major/bin/../lib/gcc/arm-none-eabi/7.2.1/../../../../arm-none-eabi/lib/thumb/v6-m\libc_nano.a(lib_a-findfp.o)
                              c:/program files (x86)/gnu tools arm embedded/7 2017-q4-major/bin/../lib/gcc/arm-none-eabi/7.2.1/../../../../arm-none-eabi/lib/thumb/v6-m\libc_nano.a(lib_a-printf.o) (__sinit)
c:/program files (x86)/gnu tools arm embedded/7 2017-q4-major/bin/../lib/gcc/arm-none-eabi/7.2.1/../../../../arm-none-eabi/lib/thumb/v6-m\libc_nano.a(lib_a-fwalk.o)
                              c:/program files (x86)/gnu tools arm embedded/7 2017-q4-major/bin/../lib/gcc/arm-none-eabi/7.2.1/../../../../arm-none-eabi/lib/thumb/v6-m\libc_nano.a(lib_a-findfp.o) (_fwalk)
c:/program files (x86)/gnu tools arm embedded/7 2017-q4-major/bin/../lib/gcc/arm-none-eabi/7.2.1/../../../../arm-none-eabi/lib/thumb/v6-m\libc_nano.a(lib_a-nano-mallocr.o)
                              c:/program files (x86)/gnu tools arm embedded/7 2017-q4-major/bin/../lib/gcc/arm-none-eabi/7.2.1/../../../../arm-none-eabi/lib/thumb/v6-m\libc_nano.a(lib_a-findfp.o) (_malloc_r)
c:/program files (x86)/gnu tools arm embedded/7 2017-q4-major/bin/../lib/gcc/arm-none-eabi/7.2.1/../../../../arm-none-eabi/lib/thumb/v6-m\libc_nano.a(lib_a-nano-vfprintf.o)
[...]
Memory Configuration

Name             Origin             Length             Attributes
FLASH            0x0001b000         0x00025000         xr
RAM              0x20001fe8         0x00002018         xrw
*default*        0x00000000         0xffffffff

Linker script and memory map


.text           0x0001b000     0x57c4
 *(.isr_vector)
 .isr_vector    0x0001b000       0xc0 _build/nrf51822_xxaa_gcc_startup_nrf51.S.o
                0x0001b000                __isr_vector
 *(.text*)
 .text          0x0001b0c0       0x48 c:/program files (x86)/gnu tools arm embedded/7 2017-q4-major/bin/../lib/gcc/arm-none-eabi/7.2.1/thumb/v6-m/crtbegin.o
 .text          0x0001b108       0x78 c:/program files (x86)/gnu tools arm embedded/7 2017-q4-major/bin/../lib/gcc/arm-none-eabi/7.2.1/../../../../arm-none-eabi/lib/thumb/v6-m/crt0.o
                0x0001b108                _start
                0x0001b108                _mainCRTStartup
 .text.exit     0x0001b180       0x2c c:/program files (x86)/gnu tools arm embedded/7 2017-q4-major/bin/../lib/gcc/arm-none-eabi/7.2.1/../../../../arm-none-eabi/lib/thumb/v6-m\libc_nano.a(lib_a-exit.o)
                0x0001b180                exit
 .text.__libc_init_array
                0x0001b1ac       0x48 c:/program files (x86)/gnu tools arm embedded/7 2017-q4-major/bin/../lib/gcc/arm-none-eabi/7.2.1/../../../../arm-none-eabi/lib/thumb/v6-m\libc_nano.a(lib_a-init.o)
                0x0001b1ac                __libc_init_array
 .text.memset   0x0001b1f4       0x10 c:/program files (x86)/gnu tools arm embedded/7 2017-q4-major/bin/../lib/gcc/arm-none-eabi/7.2.1/../../../../arm-none-eabi/lib/thumb/v6-m\libc_nano.a(lib_a-memset.o)
                0x0001b1f4                memset
 .text._exit    0x0001b204        0x4 c:/program files (x86)/gnu tools arm embedded/7 2017-q4-major/bin/../lib/gcc/arm-none-eabi/7.2.1/../../../../arm-none-eabi/lib/thumb/v6-m\libnosys.a(_exit.o)
                0x0001b204                _exit
 .text.detection_delay_timeout_handler
                0x0001b208       0xa0 _build/nrf51822_xxaa_app_button.c.o
 .text.gpiote_event_handler
                0x0001b2a8       0x5c _build/nrf51822_xxaa_app_button.c.o
 .text.app_button_init
                0x0001b304       0xb0 _build/nrf51822_xxaa_app_button.c.o
                0x0001b304                app_button_init
 .text.app_button_enable
                0x0001b3b4       0x30 _build/nrf51822_xxaa_app_button.c.o
                0x0001b3b4                app_button_enable
 .text.app_error_handler_bare
                0x0001b3e4       0x20 _build/nrf51822_xxaa_app_error.c.o
                0x0001b3e4                app_error_handler_bare
 .text.app_error_fault_handler
                0x0001b404       0x1c _build/nrf51822_xxaa_app_error_weak.c.o
                0x0001b404                app_error_fault_handler
 .text.app_fifo_init
                0x0001b420       0x24 _build/nrf51822_xxaa_app_fifo.c.o
                0x0001b420                app_fifo_init
 .text.app_fifo_put
                0x0001b444       0x24 _build/nrf51822_xxaa_app_fifo.c.o
                0x0001b444                app_fifo_put
 .text.app_fifo_get
                0x0001b468       0x24 _build/nrf51822_xxaa_app_fifo.c.o
                0x0001b468                app_fifo_get
 .text.RTC1_IRQHandler
                0x0001b48c       0xdc _build/nrf51822_xxaa_app_timer.c.o
                0x0001b48c                RTC1_IRQHandler
 .text.SWI0_IRQHandler
                0x0001b568      0x4e8 _build/nrf51822_xxaa_app_timer.c.o
                0x0001b568                SWI0_IRQHandler
 .text.app_timer_init
                0x0001ba50      0x124 _build/nrf51822_xxaa_app_timer.c.o
                0x0001ba50                app_timer_init
 .text.app_timer_create
                0x0001bb74       0x2c _build/nrf51822_xxaa_app_timer.c.o
                0x0001bb74                app_timer_create
 .text.app_timer_start
                0x0001bba0       0xc4 _build/nrf51822_xxaa_app_timer.c.o
                0x0001bba0                app_timer_start
 .text.app_timer_stop
                0x0001bc64       0x88 _build/nrf51822_xxaa_app_timer.c.o
                0x0001bc64                app_timer_stop
 .text.uart_event_handler
                0x0001bcec       0xcc _build/nrf51822_xxaa_app_uart_fifo.c.o
 .text.app_uart_init
                0x0001bdb8       0xbc _build/nrf51822_xxaa_app_uart_fifo.c.o
                0x0001bdb8                app_uart_init
 .text.app_uart_get
                0x0001be74       0x40 _build/nrf51822_xxaa_app_uart_fifo.c.o
                0x0001be74                app_uart_get
 .text.app_uart_put
                0x0001beb4       0x48 _build/nrf51822_xxaa_app_uart_fifo.c.o
                0x0001beb4                app_uart_put
 .text.app_util_critical_region_enter
                0x0001befc       0x40 _build/nrf51822_xxaa_app_util_platform.c.o
                0x0001befc                app_util_critical_region_enter
 .text.app_util_critical_region_exit
                0x0001bf3c       0x2c _build/nrf51822_xxaa_app_util_platform.c.o
                0x0001bf3c                app_util_critical_region_exit
 .text.fs_queued_op_count_get
                0x0001bf68       0x18 _build/nrf51822_xxaa_fstorage.c.o
                0x0001bf68                fs_queued_op_count_get
 .text._write   0x0001bf80       0x1c _build/nrf51822_xxaa_retarget.c.o
                0x0001bf80                _write
 .text._read    0x0001bf9c       0x14 _build/nrf51822_xxaa_retarget.c.o
                0x0001bf9c                _read
 .text.bsp_board_led_state_get
                0x0001bfb0       0x1c _build/nrf51822_xxaa_boards.c.o
                0x0001bfb0                bsp_board_led_state_get
 .text.bsp_board_led_on
                0x0001bfcc       0x18 _build/nrf51822_xxaa_boards.c.o
                0x0001bfcc                bsp_board_led_on
 .text.bsp_board_led_off
                0x0001bfe4       0x1c _build/nrf51822_xxaa_boards.c.o
                0x0001bfe4                bsp_board_led_off
 .text.bsp_board_leds_off
                0x0001c000       0x20 _build/nrf51822_xxaa_boards.c.o
                0x0001c000                bsp_board_leds_off
 .text.bsp_board_leds_on
                0x0001c020       0x1c _build/nrf51822_xxaa_boards.c.o
                0x0001c020                bsp_board_leds_on
 .text.bsp_board_led_invert
                0x0001c03c       0x30 _build/nrf51822_xxaa_boards.c.o
                0x0001c03c                bsp_board_led_invert
 .text.bsp_board_leds_init
                0x0001c06c       0x34 _build/nrf51822_xxaa_boards.c.o
                0x0001c06c                bsp_board_leds_init
 .text.bsp_board_button_state_get
                0x0001c0a0       0x1c _build/nrf51822_xxaa_boards.c.o
                0x0001c0a0                bsp_board_button_state_get
 .text.bsp_board_pin_to_button_idx
                0x0001c0bc       0x18 _build/nrf51822_xxaa_boards.c.o
                0x0001c0bc                bsp_board_pin_to_button_idx
 .text.bsp_board_button_idx_to_pin
                0x0001c0d4        0xc _build/nrf51822_xxaa_boards.c.o
                0x0001c0d4                bsp_board_button_idx_to_pin
 .text.POWER_CLOCK_IRQHandler
                0x0001c0e0       0x78 _build/nrf51822_xxaa_nrf_drv_clock.c.o
                0x0001c0e0                POWER_CLOCK_IRQHandler
 .text.nrf_drv_clock_on_soc_event
                0x0001c158       0x24 _build/nrf51822_xxaa_nrf_drv_clock.c.o
                0x0001c158                nrf_drv_clock_on_soc_event
 .text.nrf_drv_clock_on_sd_enable
                0x0001c17c       0x6c _build/nrf51822_xxaa_nrf_drv_clock.c.o
                0x0001c17c                nrf_drv_clock_on_sd_enable
 .text.nrf_drv_common_irq_enable
                0x0001c1e8       0x68 _build/nrf51822_xxaa_nrf_drv_common.c.o
                0x0001c1e8                nrf_drv_common_irq_enable
 .text.nrf_drv_gpiote_init
                0x0001c250       0x64 _build/nrf51822_xxaa_nrf_drv_gpiote.c.o
                0x0001c250                nrf_drv_gpiote_init
 .text.nrf_drv_gpiote_is_init
                0x0001c2b4       0x14 _build/nrf51822_xxaa_nrf_drv_gpiote.c.o
                0x0001c2b4                nrf_drv_gpiote_is_init
 .text.nrf_drv_gpiote_in_init
                0x0001c2c8      0x178 _build/nrf51822_xxaa_nrf_drv_gpiote.c.o
                0x0001c2c8                nrf_drv_gpiote_in_init
 .text.nrf_drv_gpiote_in_event_enable
                0x0001c440       0xbc _build/nrf51822_xxaa_nrf_drv_gpiote.c.o
                0x0001c440                nrf_drv_gpiote_in_event_enable
 .text.nrf_drv_gpiote_in_is_set
                0x0001c4fc       0x14 _build/nrf51822_xxaa_nrf_drv_gpiote.c.o
                0x0001c4fc                nrf_drv_gpiote_in_is_set
 .text.GPIOTE_IRQHandler
                0x0001c510      0x4e0 _build/nrf51822_xxaa_nrf_drv_gpiote.c.o
                0x0001c510                GPIOTE_IRQHandler
 .text.nrf_drv_uart_init
                0x0001c9f0      0x14c _build/nrf51822_xxaa_nrf_drv_uart.c.o
                0x0001c9f0                nrf_drv_uart_init
 .text.nrf_drv_uart_tx
                0x0001cb3c       0xfc _build/nrf51822_xxaa_nrf_drv_uart.c.o
                0x0001cb3c                nrf_drv_uart_tx
 .text.nrf_drv_uart_tx_in_progress
                0x0001cc38       0x1c _build/nrf51822_xxaa_nrf_drv_uart.c.o
                0x0001cc38                nrf_drv_uart_tx_in_progress
 .text.nrf_drv_uart_rx
                0x0001cc54      0x1c0 _build/nrf51822_xxaa_nrf_drv_uart.c.o
                0x0001cc54                nrf_drv_uart_rx
 .text.nrf_drv_uart_rx_enable
                0x0001ce14       0x3c _build/nrf51822_xxaa_nrf_drv_uart.c.o
                0x0001ce14                nrf_drv_uart_rx_enable
 .text.UART0_IRQHandler
                0x0001ce50      0x198 _build/nrf51822_xxaa_nrf_drv_uart.c.o
                0x0001ce50                UART0_IRQHandler
 .text.alert_timer_handler
                0x0001cfe8        0xc _build/nrf51822_xxaa_bsp.c.o
 .text.bsp_button_event_handler
                0x0001cff4       0xb8 _build/nrf51822_xxaa_bsp.c.o
 .text.leds_timer_handler
                0x0001d0ac      0x1f8 _build/nrf51822_xxaa_bsp.c.o
 .text.button_timer_handler
                0x0001d2a4       0x30 _build/nrf51822_xxaa_bsp.c.o
 .text.bsp_button_is_pressed
                0x0001d2d4        0x8 _build/nrf51822_xxaa_bsp.c.o
                0x0001d2d4                bsp_button_is_pressed
 .text.bsp_indication_set
                0x0001d2dc      0x238 _build/nrf51822_xxaa_bsp.c.o
                0x0001d2dc                bsp_indication_set
 .text.bsp_init
                0x0001d514       0xac _build/nrf51822_xxaa_bsp.c.o
                0x0001d514                bsp_init
 .text.bsp_event_to_button_action_assign
                0x0001d5c0       0x54 _build/nrf51822_xxaa_bsp.c.o
                0x0001d5c0                bsp_event_to_button_action_assign
 .text.bsp_wakeup_button_enable
                0x0001d614       0x30 _build/nrf51822_xxaa_bsp.c.o
                0x0001d614                bsp_wakeup_button_enable
 .text.bsp_btn_ble_sleep_mode_prepare
                0x0001d644       0x28 _build/nrf51822_xxaa_bsp_btn_ble.c.o
                0x0001d644                bsp_btn_ble_sleep_mode_prepare
 .text.bsp_btn_ble_on_ble_evt
                0x0001d66c       0xbc _build/nrf51822_xxaa_bsp_btn_ble.c.o
                0x0001d66c                bsp_btn_ble_on_ble_evt
 .text.bsp_btn_ble_init
                0x0001d728       0x80 _build/nrf51822_xxaa_bsp_btn_ble.c.o
                0x0001d728                bsp_btn_ble_init
 .text.sd_ble_gap_disconnect
                0x0001d7a8        0x4 _build/nrf51822_xxaa_main.c.o
 .text.sd_ble_gap_ppcp_set
                0x0001d7ac        0x4 _build/nrf51822_xxaa_main.c.o
 .text.sd_ble_gap_device_name_set
                0x0001d7b0        0x4 _build/nrf51822_xxaa_main.c.o
 .text.sd_ble_gap_sec_params_reply
                0x0001d7b4        0x4 _build/nrf51822_xxaa_main.c.o
 .text.sd_ble_gatts_rw_authorize_reply
                0x0001d7b8        0x4 _build/nrf51822_xxaa_main.c.o
 .text.sd_ble_gatts_sys_attr_set
                0x0001d7bc        0x4 _build/nrf51822_xxaa_main.c.o
 .text.sd_ble_user_mem_reply
                0x0001d7c0        0x4 _build/nrf51822_xxaa_main.c.o
 .text.sd_power_system_off
                0x0001d7c4        0x4 _build/nrf51822_xxaa_main.c.o
 .text.sd_app_evt_wait
                0x0001d7c8        0x4 _build/nrf51822_xxaa_main.c.o
 .text.conn_params_error_handler
                0x0001d7cc        0x8 _build/nrf51822_xxaa_main.c.o
 .text.ble_evt_dispatch
                0x0001d7d4       0xf4 _build/nrf51822_xxaa_main.c.o
 .text.nus_data_handler
                0x0001d8c8       0x30 _build/nrf51822_xxaa_main.c.o
 .text.on_conn_params_evt
                0x0001d8f8       0x24 _build/nrf51822_xxaa_main.c.o
 .text.bsp_event_handler
                0x0001d91c       0x68 _build/nrf51822_xxaa_main.c.o
                0x0001d91c                bsp_event_handler
 .text.uart_event_handle
                0x0001d984       0x64 _build/nrf51822_xxaa_main.c.o
                0x0001d984                uart_event_handle
 .text.on_adv_evt
                0x0001d9e8       0x48 _build/nrf51822_xxaa_main.c.o
 .text.startup.main
                0x0001da30      0x234 _build/nrf51822_xxaa_main.c.o
                0x0001da30                main
 .text.sd_ble_gap_address_get
                0x0001dc64        0x4 _build/nrf51822_xxaa_ble_advdata.c.o
 .text.sd_ble_gap_adv_data_set
                0x0001dc68        0x4 _build/nrf51822_xxaa_ble_advdata.c.o
 .text.sd_ble_gap_appearance_get
                0x0001dc6c        0x4 _build/nrf51822_xxaa_ble_advdata.c.o
 .text.sd_ble_gap_device_name_get
                0x0001dc70        0x4 _build/nrf51822_xxaa_ble_advdata.c.o
 .text.sd_ble_uuid_encode
                0x0001dc74        0x4 _build/nrf51822_xxaa_ble_advdata.c.o
 .text.uuid_list_sized_encode
                0x0001dc78      0x104 _build/nrf51822_xxaa_ble_advdata.c.o
 .text.adv_data_encode
                0x0001dd7c      0x41c _build/nrf51822_xxaa_ble_advdata.c.o
                0x0001dd7c                adv_data_encode
 .text.ble_advdata_set
                0x0001e198      0x480 _build/nrf51822_xxaa_ble_advdata.c.o
                0x0001e198                ble_advdata_set
 .text.sd_ble_gap_adv_start
                0x0001e618        0x4 _build/nrf51822_xxaa_ble_advertising.c.o
 .text.sd_ble_gap_adv_stop
                0x0001e61c        0x4 _build/nrf51822_xxaa_ble_advertising.c.o
 .text.ble_advertising_start.part.1
                0x0001e620      0x230 _build/nrf51822_xxaa_ble_advertising.c.o
 .text.ble_advertising_init
                0x0001e850      0x1b0 _build/nrf51822_xxaa_ble_advertising.c.o
                0x0001e850                ble_advertising_init
 .text.ble_advertising_start
                0x0001ea00       0x40 _build/nrf51822_xxaa_ble_advertising.c.o
                0x0001ea00                ble_advertising_start
 .text.ble_advertising_on_ble_evt
                0x0001ea40       0xc0 _build/nrf51822_xxaa_ble_advertising.c.o
                0x0001ea40                ble_advertising_on_ble_evt
 .text.ble_advertising_restart_without_whitelist
                0x0001eb00       0x74 _build/nrf51822_xxaa_ble_advertising.c.o
                0x0001eb00                ble_advertising_restart_without_whitelist
 .text.sd_ble_gap_conn_param_update
                0x0001eb74        0x4 _build/nrf51822_xxaa_ble_conn_params.c.o
 .text.sd_ble_gap_disconnect
                0x0001eb78        0x4 _build/nrf51822_xxaa_ble_conn_params.c.o
 .text.sd_ble_gap_ppcp_set
                0x0001eb7c        0x4 _build/nrf51822_xxaa_ble_conn_params.c.o
 .text.sd_ble_gap_ppcp_get
                0x0001eb80        0x4 _build/nrf51822_xxaa_ble_conn_params.c.o
 .text.update_timeout_handler
                0x0001eb84       0x78 _build/nrf51822_xxaa_ble_conn_params.c.o
 .text.conn_params_negotiation
                0x0001ebfc       0x88 _build/nrf51822_xxaa_ble_conn_params.c.o
 .text.ble_conn_params_init
                0x0001ec84       0x78 _build/nrf51822_xxaa_ble_conn_params.c.o
                0x0001ec84                ble_conn_params_init
 .text.ble_conn_params_on_ble_evt
                0x0001ecfc      0x120 _build/nrf51822_xxaa_ble_conn_params.c.o
                0x0001ecfc                ble_conn_params_on_ble_evt
 .text.ble_srv_is_notification_enabled
                0x0001ee1c        0x8 _build/nrf51822_xxaa_ble_srv_common.c.o
                0x0001ee1c                ble_srv_is_notification_enabled
 .text          0x0001ee24       0x4c _build/nrf51822_xxaa_gcc_startup_nrf51.S.o
                0x0001ee24                Reset_Handler
                0x0001ee64                NMI_Handler
                0x0001ee66                HardFault_Handler
                0x0001ee68                SVC_Handler
                0x0001ee6a                PendSV_Handler
                0x0001ee6c                SysTick_Handler
                0x0001ee6e                RTC0_IRQHandler
                0x0001ee6e                SPI0_TWI0_IRQHandler
                0x0001ee6e                LPCOMP_IRQHandler
                0x0001ee6e                SWI4_IRQHandler
                0x0001ee6e                TEMP_IRQHandler
                0x0001ee6e                QDEC_IRQHandler
                0x0001ee6e                SWI5_IRQHandler
                0x0001ee6e                TIMER0_IRQHandler
                0x0001ee6e                RADIO_IRQHandler
                0x0001ee6e                TIMER1_IRQHandler
                0x0001ee6e                ECB_IRQHandler
                0x0001ee6e                Default_Handler
                0x0001ee6e                ADC_IRQHandler
                0x0001ee6e                SWI3_IRQHandler
                0x0001ee6e                CCM_AAR_IRQHandler
                0x0001ee6e                WDT_IRQHandler
                0x0001ee6e                TIMER2_IRQHandler
                0x0001ee6e                RNG_IRQHandler
                0x0001ee6e                SPI1_TWI1_IRQHandler
                0x0001ee6e                SWI1_IRQHandler
 .text.SystemInit
                0x0001ee70       0xe4 _build/nrf51822_xxaa_system_nrf51.c.o
                0x0001ee70                SystemInit
 .text.sd_ble_gatts_service_add
                0x0001ef54        0x4 _build/nrf51822_xxaa_ble_nus.c.o
 .text.sd_ble_gatts_characteristic_add
                0x0001ef58        0x4 _build/nrf51822_xxaa_ble_nus.c.o
 .text.sd_ble_gatts_hvx
                0x0001ef5c        0x4 _build/nrf51822_xxaa_ble_nus.c.o
 .text.sd_ble_uuid_vs_add
                0x0001ef60        0x4 _build/nrf51822_xxaa_ble_nus.c.o
 .text.ble_nus_on_ble_evt
                0x0001ef64       0x64 _build/nrf51822_xxaa_ble_nus.c.o
                0x0001ef64                ble_nus_on_ble_evt
 .text.ble_nus_init
                0x0001efc8      0x1bc _build/nrf51822_xxaa_ble_nus.c.o
                0x0001efc8                ble_nus_init
 .text.ble_nus_string_send
                0x0001f184       0x5c _build/nrf51822_xxaa_ble_nus.c.o
                0x0001f184                ble_nus_string_send
 .text.sd_evt_get
                0x0001f1e0        0x4 _build/nrf51822_xxaa_softdevice_handler.c.o
 .text.sd_softdevice_enable
                0x0001f1e4        0x4 _build/nrf51822_xxaa_softdevice_handler.c.o
 .text.sd_ble_enable
                0x0001f1e8        0x4 _build/nrf51822_xxaa_softdevice_handler.c.o
 .text.sd_ble_evt_get
                0x0001f1ec        0x4 _build/nrf51822_xxaa_softdevice_handler.c.o
 .text.softdevice_fault_handler
                0x0001f1f0        0x8 _build/nrf51822_xxaa_softdevice_handler.c.o
                0x0001f1f0                softdevice_fault_handler
 .text.intern_softdevice_events_execute.part.1
                0x0001f1f8       0xd8 _build/nrf51822_xxaa_softdevice_handler.c.o
 .text.softdevice_handler_is_enabled
                0x0001f2d0        0xc _build/nrf51822_xxaa_softdevice_handler.c.o
                0x0001f2d0                softdevice_handler_is_enabled
 .text.softdevice_handler_init
                0x0001f2dc       0xa0 _build/nrf51822_xxaa_softdevice_handler.c.o
                0x0001f2dc                softdevice_handler_init
 .text.softdevice_ble_evt_handler_set
                0x0001f37c       0x14 _build/nrf51822_xxaa_softdevice_handler.c.o
                0x0001f37c                softdevice_ble_evt_handler_set
 .text.SWI2_IRQHandler
                0x0001f390       0x30 _build/nrf51822_xxaa_softdevice_handler.c.o
                0x0001f390                SWI2_IRQHandler
 .text.softdevice_enable_get_default_config
                0x0001f3c0       0x30 _build/nrf51822_xxaa_softdevice_handler.c.o
                0x0001f3c0                softdevice_enable_get_default_config
 .text.softdevice_enable
                0x0001f3f0       0x1c _build/nrf51822_xxaa_softdevice_handler.c.o
                0x0001f3f0                softdevice_enable
 .text          0x0001f40c      0x114 c:/program files (x86)/gnu tools arm embedded/7 2017-q4-major/bin/../lib/gcc/arm-none-eabi/7.2.1/thumb/v6-m\libgcc.a(_udivsi3.o)
                0x0001f40c                __aeabi_uidiv
                0x0001f40c                __udivsi3
                0x0001f518                __aeabi_uidivmod
 .text          0x0001f520      0x1d4 c:/program files (x86)/gnu tools arm embedded/7 2017-q4-major/bin/../lib/gcc/arm-none-eabi/7.2.1/thumb/v6-m\libgcc.a(_divsi3.o)
                0x0001f520                __divsi3
                0x0001f520                __aeabi_idiv
                0x0001f6ec                __aeabi_idivmod
 .text          0x0001f6f4        0x4 c:/program files (x86)/gnu tools arm embedded/7 2017-q4-major/bin/../lib/gcc/arm-none-eabi/7.2.1/thumb/v6-m\libgcc.a(_dvmd_tls.o)
                0x0001f6f4                __aeabi_idiv0
                0x0001f6f4                __aeabi_ldiv0
 .text.memcpy   0x0001f6f8       0x12 c:/program files (x86)/gnu tools arm embedded/7 2017-q4-major/bin/../lib/gcc/arm-none-eabi/7.2.1/../../../../arm-none-eabi/lib/thumb/v6-m\libc_nano.a(lib_a-memcpy-stub.o)
                0x0001f6f8                memcpy
 *fill*         0x0001f70a        0x2 
 .text.printf   0x0001f70c       0x34 c:/program files (x86)/gnu tools arm embedded/7 2017-q4-major/bin/../lib/gcc/arm-none-eabi/7.2.1/../../../../arm-none-eabi/lib/thumb/v6-m\libc_nano.a(lib_a-printf.o)
                0x0001f70c                iprintf
                0x0001f70c                printf
 .text          0x0001f740        0xe c:/program files (x86)/gnu tools arm embedded/7 2017-q4-major/bin/../lib/gcc/arm-none-eabi/7.2.1/../../../../arm-none-eabi/lib/thumb/v6-m\libc_nano.a(lib_a-strlen.o)
                0x0001f740                strlen
 *fill*         0x0001f74e        0x2 
 .text.std      0x0001f750       0x48 c:/program files (x86)/gnu tools arm embedded/7 2017-q4-major/bin/../lib/gcc/arm-none-eabi/7.2.1/../../../../arm-none-eabi/lib/thumb/v6-m\libc_nano.a(lib_a-findfp.o)
 .text._cleanup_r
                0x0001f798       0x10 c:/program files (x86)/gnu tools arm embedded/7 2017-q4-major/bin/../lib/gcc/arm-none-eabi/7.2.1/../../../../arm-none-eabi/lib/thumb/v6-m\libc_nano.a(lib_a-findfp.o)
                0x0001f798                _cleanup_r
 .text.__sfmoreglue
                0x0001f7a8       0x2c c:/program files (x86)/gnu tools arm embedded/7 2017-q4-major/bin/../lib/gcc/arm-none-eabi/7.2.1/../../../../arm-none-eabi/lib/thumb/v6-m\libc_nano.a(lib_a-findfp.o)
                0x0001f7a8                __sfmoreglue
 .text.__sinit  0x0001f7d4       0x68 c:/program files (x86)/gnu tools arm embedded/7 2017-q4-major/bin/../lib/gcc/arm-none-eabi/7.2.1/../../../../arm-none-eabi/lib/thumb/v6-m\libc_nano.a(lib_a-findfp.o)
                0x0001f7d4                __sinit
 .text.__sfp    0x0001f83c       0x7c c:/program files (x86)/gnu tools arm embedded/7 2017-q4-major/bin/../lib/gcc/arm-none-eabi/7.2.1/../../../../arm-none-eabi/lib/thumb/v6-m\libc_nano.a(lib_a-findfp.o)
                0x0001f83c                __sfp
 .text._fwalk_reent
                0x0001f8b8       0x42 c:/program files (x86)/gnu tools arm embedded/7 2017-q4-major/bin/../lib/gcc/arm-none-eabi/7.2.1/../../../../arm-none-eabi/lib/thumb/v6-m\libc_nano.a(lib_a-fwalk.o)
                0x0001f8b8                _fwalk_reent
 *fill*         0x0001f8fa        0x2 
 .text._malloc_r
                0x0001f8fc       0xbc c:/program files (x86)/gnu tools arm embedded/7 2017-q4-major/bin/../lib/gcc/arm-none-eabi/7.2.1/../../../../arm-none-eabi/lib/thumb/v6-m\libc_nano.a(lib_a-nano-mallocr.o)
                0x0001f8fc                _malloc_r
 .text.__sfputc_r
                0x0001f9b8       0x2a c:/program files (x86)/gnu tools arm embedded/7 2017-q4-major/bin/../lib/gcc/arm-none-eabi/7.2.1/../../../../arm-none-eabi/lib/thumb/v6-m\libc_nano.a(lib_a-nano-vfprintf.o)
 .text.__sfputs_r
                0x0001f9e2       0x24 c:/program files (x86)/gnu tools arm embedded/7 2017-q4-major/bin/../lib/gcc/arm-none-eabi/7.2.1/../../../../arm-none-eabi/lib/thumb/v6-m\libc_nano.a(lib_a-nano-vfprintf.o)
                0x0001f9e2                __sfputs_r
 *fill*         0x0001fa06        0x2 
 .text._vfprintf_r
                0x0001fa08      0x22c c:/program files (x86)/gnu tools arm embedded/7 2017-q4-major/bin/../lib/gcc/arm-none-eabi/7.2.1/../../../../arm-none-eabi/lib/thumb/v6-m\libc_nano.a(lib_a-nano-vfprintf.o)
                0x0001fa08                _vfprintf_r
                0x0001fa08                _vfiprintf_r
 .text._printf_common
                0x0001fc34       0xda c:/program files (x86)/gnu tools arm embedded/7 2017-q4-major/bin/../lib/gcc/arm-none-eabi/7.2.1/../../../../arm-none-eabi/lib/thumb/v6-m\libc_nano.a(lib_a-nano-vfprintf_i.o)
                0x0001fc34                _printf_common
 *fill*         0x0001fd0e        0x2 
 .text._printf_i
                0x0001fd10      0x210 c:/program files (x86)/gnu tools arm embedded/7 2017-q4-major/bin/../lib/gcc/arm-none-eabi/7.2.1/../../../../arm-none-eabi/lib/thumb/v6-m\libc_nano.a(lib_a-nano-vfprintf_i.o)
                0x0001fd10                _printf_i
 .text._sbrk_r  0x0001ff20       0x24 c:/program files (x86)/gnu tools arm embedded/7 2017-q4-major/bin/../lib/gcc/arm-none-eabi/7.2.1/../../../../arm-none-eabi/lib/thumb/v6-m\libc_nano.a(lib_a-sbrkr.o)
                0x0001ff20                _sbrk_r
 .text.__sread  0x0001ff44       0x28 c:/program files (x86)/gnu tools arm embedded/7 2017-q4-major/bin/../lib/gcc/arm-none-eabi/7.2.1/../../../../arm-none-eabi/lib/thumb/v6-m\libc_nano.a(lib_a-stdio.o)
                0x0001ff44                __sread
 .text.__swrite
                0x0001ff6c       0x38 c:/program files (x86)/gnu tools arm embedded/7 2017-q4-major/bin/../lib/gcc/arm-none-eabi/7.2.1/../../../../arm-none-eabi/lib/thumb/v6-m\libc_nano.a(lib_a-stdio.o)
                0x0001ff6c                __swrite
 .text.__sseek  0x0001ffa4       0x2c c:/program files (x86)/gnu tools arm embedded/7 2017-q4-major/bin/../lib/gcc/arm-none-eabi/7.2.1/../../../../arm-none-eabi/lib/thumb/v6-m\libc_nano.a(lib_a-stdio.o)
                0x0001ffa4                __sseek
 .text.__sclose
                0x0001ffd0        0xc c:/program files (x86)/gnu tools arm embedded/7 2017-q4-major/bin/../lib/gcc/arm-none-eabi/7.2.1/../../../../arm-none-eabi/lib/thumb/v6-m\libc_nano.a(lib_a-stdio.o)
                0x0001ffd0                __sclose
 .text.__swbuf_r
                0x0001ffdc       0xac c:/program files (x86)/gnu tools arm embedded/7 2017-q4-major/bin/../lib/gcc/arm-none-eabi/7.2.1/../../../../arm-none-eabi/lib/thumb/v6-m\libc_nano.a(lib_a-wbuf.o)
                0x0001ffdc                __swbuf_r
 .text._write_r
                0x00020088       0x28 c:/program files (x86)/gnu tools arm embedded/7 2017-q4-major/bin/../lib/gcc/arm-none-eabi/7.2.1/../../../../arm-none-eabi/lib/thumb/v6-m\libc_nano.a(lib_a-writer.o)
                0x00020088                _write_r
 .text.__swsetup_r
                0x000200b0       0xec c:/program files (x86)/gnu tools arm embedded/7 2017-q4-major/bin/../lib/gcc/arm-none-eabi/7.2.1/../../../../arm-none-eabi/lib/thumb/v6-m\libc_nano.a(lib_a-wsetup.o)
                0x000200b0                __swsetup_r
 .text._close_r
                0x0002019c       0x24 c:/program files (x86)/gnu tools arm embedded/7 2017-q4-major/bin/../lib/gcc/arm-none-eabi/7.2.1/../../../../arm-none-eabi/lib/thumb/v6-m\libc_nano.a(lib_a-closer.o)
                0x0002019c                _close_r
 .text.__sflush_r
                0x000201c0      0x114 c:/program files (x86)/gnu tools arm embedded/7 2017-q4-major/bin/../lib/gcc/arm-none-eabi/7.2.1/../../../../arm-none-eabi/lib/thumb/v6-m\libc_nano.a(lib_a-fflush.o)
                0x000201c0                __sflush_r
 .text._fflush_r
                0x000202d4       0x58 c:/program files (x86)/gnu tools arm embedded/7 2017-q4-major/bin/../lib/gcc/arm-none-eabi/7.2.1/../../../../arm-none-eabi/lib/thumb/v6-m\libc_nano.a(lib_a-fflush.o)
                0x000202d4                _fflush_r
 .text._lseek_r
                0x0002032c       0x28 c:/program files (x86)/gnu tools arm embedded/7 2017-q4-major/bin/../lib/gcc/arm-none-eabi/7.2.1/../../../../arm-none-eabi/lib/thumb/v6-m\libc_nano.a(lib_a-lseekr.o)
                0x0002032c                _lseek_r
 .text.__swhatbuf_r
                0x00020354       0x50 c:/program files (x86)/gnu tools arm embedded/7 2017-q4-major/bin/../lib/gcc/arm-none-eabi/7.2.1/../../../../arm-none-eabi/lib/thumb/v6-m\libc_nano.a(lib_a-makebuf.o)
                0x00020354                __swhatbuf_r
 .text.__smakebuf_r
                0x000203a4       0x88 c:/program files (x86)/gnu tools arm embedded/7 2017-q4-major/bin/../lib/gcc/arm-none-eabi/7.2.1/../../../../arm-none-eabi/lib/thumb/v6-m\libc_nano.a(lib_a-makebuf.o)
                0x000203a4                __smakebuf_r
 .text.memchr   0x0002042c       0x16 c:/program files (x86)/gnu tools arm embedded/7 2017-q4-major/bin/../lib/gcc/arm-none-eabi/7.2.1/../../../../arm-none-eabi/lib/thumb/v6-m\libc_nano.a(lib_a-memchr-stub.o)
                0x0002042c                memchr
 .text.__malloc_lock
                0x00020442        0x2 c:/program files (x86)/gnu tools arm embedded/7 2017-q4-major/bin/../lib/gcc/arm-none-eabi/7.2.1/../../../../arm-none-eabi/lib/thumb/v6-m\libc_nano.a(lib_a-mlock.o)
                0x00020442                __malloc_lock
 .text.__malloc_unlock
                0x00020444        0x2 c:/program files (x86)/gnu tools arm embedded/7 2017-q4-major/bin/../lib/gcc/arm-none-eabi/7.2.1/../../../../arm-none-eabi/lib/thumb/v6-m\libc_nano.a(lib_a-mlock.o)
                0x00020444                __malloc_unlock
 *fill*         0x00020446        0x2 
 .text._free_r  0x00020448       0x94 c:/program files (x86)/gnu tools arm embedded/7 2017-q4-major/bin/../lib/gcc/arm-none-eabi/7.2.1/../../../../arm-none-eabi/lib/thumb/v6-m\libc_nano.a(lib_a-nano-freer.o)
                0x00020448                _free_r
 .text._read_r  0x000204dc       0x28 c:/program files (x86)/gnu tools arm embedded/7 2017-q4-major/bin/../lib/gcc/arm-none-eabi/7.2.1/../../../../arm-none-eabi/lib/thumb/v6-m\libc_nano.a(lib_a-readr.o)
                0x000204dc                _read_r
 .text._fstat_r
                0x00020504       0x24 c:/program files (x86)/gnu tools arm embedded/7 2017-q4-major/bin/../lib/gcc/arm-none-eabi/7.2.1/../../../../arm-none-eabi/lib/thumb/v6-m\libc_nano.a(lib_a-fstatr.o)
                0x00020504                _fstat_r
 .text._isatty_r
                0x00020528       0x24 c:/program files (x86)/gnu tools arm embedded/7 2017-q4-major/bin/../lib/gcc/arm-none-eabi/7.2.1/../../../../arm-none-eabi/lib/thumb/v6-m\libc_nano.a(lib_a-isattyr.o)
                0x00020528                _isatty_r
 .text._close   0x0002054c       0x10 c:/program files (x86)/gnu tools arm embedded/7 2017-q4-major/bin/../lib/gcc/arm-none-eabi/7.2.1/../../../../arm-none-eabi/lib/thumb/v6-m\libnosys.a(close.o)
                0x0002054c                _close
 .text._fstat   0x0002055c       0x10 c:/program files (x86)/gnu tools arm embedded/7 2017-q4-major/bin/../lib/gcc/arm-none-eabi/7.2.1/../../../../arm-none-eabi/lib/thumb/v6-m\libnosys.a(fstat.o)
                0x0002055c                _fstat
 .text._isatty  0x0002056c       0x10 c:/program files (x86)/gnu tools arm embedded/7 2017-q4-major/bin/../lib/gcc/arm-none-eabi/7.2.1/../../../../arm-none-eabi/lib/thumb/v6-m\libnosys.a(isatty.o)
                0x0002056c                _isatty
 .text._lseek   0x0002057c       0x10 c:/program files (x86)/gnu tools arm embedded/7 2017-q4-major/bin/../lib/gcc/arm-none-eabi/7.2.1/../../../../arm-none-eabi/lib/thumb/v6-m\libnosys.a(lseek.o)
                0x0002057c                _lseek
 .text._sbrk    0x0002058c       0x1c c:/program files (x86)/gnu tools arm embedded/7 2017-q4-major/bin/../lib/gcc/arm-none-eabi/7.2.1/../../../../arm-none-eabi/lib/thumb/v6-m\libnosys.a(sbrk.o)
                0x0002058c                _sbrk
 *(.init)
 .init          0x000205a8        0x4 c:/program files (x86)/gnu tools arm embedded/7 2017-q4-major/bin/../lib/gcc/arm-none-eabi/7.2.1/thumb/v6-m/crti.o
                0x000205a8                _init
 .init          0x000205ac        0x8 c:/program files (x86)/gnu tools arm embedded/7 2017-q4-major/bin/../lib/gcc/arm-none-eabi/7.2.1/thumb/v6-m/crtn.o
 *(.fini)
 .fini          0x000205b4        0x4 c:/program files (x86)/gnu tools arm embedded/7 2017-q4-major/bin/../lib/gcc/arm-none-eabi/7.2.1/thumb/v6-m/crti.o
                0x000205b4                _fini
 .fini          0x000205b8        0x8 c:/program files (x86)/gnu tools arm embedded/7 2017-q4-major/bin/../lib/gcc/arm-none-eabi/7.2.1/thumb/v6-m/crtn.o
 *crtbegin.o(.ctors)
 *crtbegin?.o(.ctors)
 *(EXCLUDE_FILE(*crtend.o *crtend?.o) .ctors)
 *(SORT_BY_NAME(.ctors.*))
 *(.ctors)
 *crtbegin.o(.dtors)
 *crtbegin?.o(.dtors)
 *(EXCLUDE_FILE(*crtend.o *crtend?.o) .dtors)
 *(SORT_BY_NAME(.dtors.*))
 *(.dtors)
 *(.rodata*)
 .rodata._global_impure_ptr
                0x000205c0        0x4 c:/program files (x86)/gnu tools arm embedded/7 2017-q4-major/bin/../lib/gcc/arm-none-eabi/7.2.1/../../../../arm-none-eabi/lib/thumb/v6-m\libc_nano.a(lib_a-impure.o)
                0x000205c0                _global_impure_ptr
 .rodata.m_detection_delay_timer_id
                0x000205c4        0x4 _build/nrf51822_xxaa_app_button.c.o
 .rodata        0x000205c8       0x20 _build/nrf51822_xxaa_app_uart_fifo.c.o
 .rodata.m_board_btn_list
                0x000205e8        0x2 _build/nrf51822_xxaa_boards.c.o
 *fill*         0x000205ea        0x2 
 .rodata.m_board_led_list
                0x000205ec        0x3 _build/nrf51822_xxaa_boards.c.o
 *fill*         0x000205ef        0x1 
 .rodata.leds_timer_handler
                0x000205f0       0x60 _build/nrf51822_xxaa_bsp.c.o
 .rodata.bsp_indication_set
                0x00020650       0x60 _build/nrf51822_xxaa_bsp.c.o
 .rodata.app_buttons
                0x000206b0       0x10 _build/nrf51822_xxaa_bsp.c.o
 .rodata.m_alert_timer_id
                0x000206c0        0x4 _build/nrf51822_xxaa_bsp.c.o
 .rodata.m_button_timer_id
                0x000206c4        0x4 _build/nrf51822_xxaa_bsp.c.o
 .rodata.m_leds_timer_id
                0x000206c8        0x4 _build/nrf51822_xxaa_bsp.c.o
 .rodata        0x000206cc       0x1c _build/nrf51822_xxaa_main.c.o
 .rodata.main.str1.4
                0x000206e8       0x1c _build/nrf51822_xxaa_main.c.o
 .rodata.ble_advertising_start.part.1
                0x00020704       0x14 _build/nrf51822_xxaa_ble_advertising.c.o
 .rodata.m_conn_params_timer_id
                0x00020718        0x4 _build/nrf51822_xxaa_ble_conn_params.c.o
 .rodata        0x0002071c       0x10 _build/nrf51822_xxaa_ble_nus.c.o
 .rodata.__sf_fake_stderr
                0x0002072c       0x20 c:/program files (x86)/gnu tools arm embedded/7 2017-q4-major/bin/../lib/gcc/arm-none-eabi/7.2.1/../../../../arm-none-eabi/lib/thumb/v6-m\libc_nano.a(lib_a-findfp.o)
                0x0002072c                __sf_fake_stderr
 .rodata.__sf_fake_stdin
                0x0002074c       0x20 c:/program files (x86)/gnu tools arm embedded/7 2017-q4-major/bin/../lib/gcc/arm-none-eabi/7.2.1/../../../../arm-none-eabi/lib/thumb/v6-m\libc_nano.a(lib_a-findfp.o)
                0x0002074c                __sf_fake_stdin
 .rodata.__sf_fake_stdout
                0x0002076c       0x20 c:/program files (x86)/gnu tools arm embedded/7 2017-q4-major/bin/../lib/gcc/arm-none-eabi/7.2.1/../../../../arm-none-eabi/lib/thumb/v6-m\libc_nano.a(lib_a-findfp.o)
                0x0002076c                __sf_fake_stdout
 .rodata._vfprintf_r.str1.1
                0x0002078c       0x11 c:/program files (x86)/gnu tools arm embedded/7 2017-q4-major/bin/../lib/gcc/arm-none-eabi/7.2.1/../../../../arm-none-eabi/lib/thumb/v6-m\libc_nano.a(lib_a-nano-vfprintf.o)
 .rodata._printf_i.str1.1
                0x0002079d       0x22 c:/program files (x86)/gnu tools arm embedded/7 2017-q4-major/bin/../lib/gcc/arm-none-eabi/7.2.1/../../../../arm-none-eabi/lib/thumb/v6-m\libc_nano.a(lib_a-nano-vfprintf_i.o)
 *(.eh_frame*)
 *fill*         0x000207bf        0x1 
 .eh_frame      0x000207c0        0x0 c:/program files (x86)/gnu tools arm embedded/7 2017-q4-major/bin/../lib/gcc/arm-none-eabi/7.2.1/thumb/v6-m/crtbegin.o
 .eh_frame      0x000207c0        0x4 c:/program files (x86)/gnu tools arm embedded/7 2017-q4-major/bin/../lib/gcc/arm-none-eabi/7.2.1/thumb/v6-m/crtend.o

.glue_7         0x000207c4        0x0
 .glue_7        0x000207c4        0x0 linker stubs

.glue_7t        0x000207c4        0x0
 .glue_7t       0x000207c4        0x0 linker stubs

.vfp11_veneer   0x000207c4        0x0
 .vfp11_veneer  0x000207c4        0x0 linker stubs

.v4_bx          0x000207c4        0x0
 .v4_bx         0x000207c4        0x0 linker stubs

.iplt           0x000207c4        0x0
 .iplt          0x000207c4        0x0 c:/program files (x86)/gnu tools arm embedded/7 2017-q4-major/bin/../lib/gcc/arm-none-eabi/7.2.1/thumb/v6-m/crtbegin.o

.ARM.extab
 *(.ARM.extab* .gnu.linkonce.armextab.*)
                0x000207c4                __exidx_start = .

.ARM.exidx      0x000207c4        0x8
 *(.ARM.exidx* .gnu.linkonce.armexidx.*)
 .ARM.exidx     0x000207c4        0x8 c:/program files (x86)/gnu tools arm embedded/7 2017-q4-major/bin/../lib/gcc/arm-none-eabi/7.2.1/../../../../arm-none-eabi/lib/thumb/v6-m/crt0.o
                0x000207cc                __exidx_end = .
                0x000207cc                __etext = .

.rel.dyn        0x000207cc        0x0
 .rel.iplt      0x000207cc        0x0 c:/program files (x86)/gnu tools arm embedded/7 2017-q4-major/bin/../lib/gcc/arm-none-eabi/7.2.1/thumb/v6-m/crtbegin.o

.data           0x20001fe8       0x90 load address 0x000207cc
                0x20001fe8                __data_start__ = .
 *(vtable)
 *(.data*)
 .data._impure_ptr
                0x20001fe8        0x4 c:/program files (x86)/gnu tools arm embedded/7 2017-q4-major/bin/../lib/gcc/arm-none-eabi/7.2.1/../../../../arm-none-eabi/lib/thumb/v6-m\libc_nano.a(lib_a-impure.o)
                0x20001fe8                _impure_ptr
 .data.impure_data
                0x20001fec       0x60 c:/program files (x86)/gnu tools arm embedded/7 2017-q4-major/bin/../lib/gcc/arm-none-eabi/7.2.1/../../../../arm-none-eabi/lib/thumb/v6-m\libc_nano.a(lib_a-impure.o)
 .data.app_uart_inst
                0x2000204c        0x8 _build/nrf51822_xxaa_app_uart_fifo.c.o
 .data.m_adv_uuids
                0x20002054        0x4 _build/nrf51822_xxaa_main.c.o
 .data.m_conn_handle
                0x20002058        0x2 _build/nrf51822_xxaa_main.c.o
 *fill*         0x2000205a        0x2 
 .data.m_whitelist
                0x2000205c       0x10 _build/nrf51822_xxaa_ble_advertising.c.o
 .data.SystemCoreClock
                0x2000206c        0x4 _build/nrf51822_xxaa_system_nrf51.c.o
                0x2000206c                SystemCoreClock
                0x20002070                . = ALIGN (0x4)
                0x20002070                PROVIDE (__preinit_array_start, .)
 *(.preinit_array)
                0x20002070                PROVIDE (__preinit_array_end, .)
                0x20002070                . = ALIGN (0x4)
                0x20002070                PROVIDE (__init_array_start, .)
 *(SORT_BY_NAME(.init_array.*))
 *(.init_array)
 .init_array    0x20002070        0x4 c:/program files (x86)/gnu tools arm embedded/7 2017-q4-major/bin/../lib/gcc/arm-none-eabi/7.2.1/thumb/v6-m/crtbegin.o
                0x20002074                PROVIDE (__init_array_end, .)
                0x20002074                . = ALIGN (0x4)
                [!provide]                PROVIDE (__fini_array_start, .)
 *(SORT_BY_NAME(.fini_array.*))
 *(.fini_array)
 .fini_array    0x20002074        0x4 c:/program files (x86)/gnu tools arm embedded/7 2017-q4-major/bin/../lib/gcc/arm-none-eabi/7.2.1/thumb/v6-m/crtbegin.o
                [!provide]                PROVIDE (__fini_array_end, .)
 *(.jcr*)
                0x20002078                . = ALIGN (0x4)
                0x20002078                __data_end__ = .
LOAD c:/program files (x86)/gnu tools arm embedded/7 2017-q4-major/bin/../lib/gcc/arm-none-eabi/7.2.1/thumb/v6-m/crti.o
LOAD c:/program files (x86)/gnu tools arm embedded/7 2017-q4-major/bin/../lib/gcc/arm-none-eabi/7.2.1/thumb/v6-m/crtbegin.o
LOAD c:/program files (x86)/gnu tools arm embedded/7 2017-q4-major/bin/../lib/gcc/arm-none-eabi/7.2.1/../../../../arm-none-eabi/lib/thumb/v6-m/crt0.o
LOAD c:/program files (x86)/gnu tools arm embedded/7 2017-q4-major/bin/../lib/gcc/arm-none-eabi/7.2.1/../../../../arm-none-eabi/lib/thumb/v6-m\libc_nano.a
LOAD c:/program files (x86)/gnu tools arm embedded/7 2017-q4-major/bin/../lib/gcc/arm-none-eabi/7.2.1/../../../../arm-none-eabi/lib/thumb/v6-m\libnosys.a
LOAD _build/nrf51822_xxaa_nrf_log_backend_serial.c.o
LOAD _build/nrf51822_xxaa_nrf_log_frontend.c.o
LOAD _build/nrf51822_xxaa_app_button.c.o
LOAD _build/nrf51822_xxaa_app_error.c.o
LOAD _build/nrf51822_xxaa_app_error_weak.c.o
LOAD _build/nrf51822_xxaa_app_fifo.c.o
LOAD _build/nrf51822_xxaa_app_timer.c.o
LOAD _build/nrf51822_xxaa_app_uart_fifo.c.o
LOAD _build/nrf51822_xxaa_app_util_platform.c.o
LOAD _build/nrf51822_xxaa_fstorage.c.o
LOAD _build/nrf51822_xxaa_hardfault_implementation.c.o
LOAD _build/nrf51822_xxaa_nrf_assert.c.o
LOAD _build/nrf51822_xxaa_retarget.c.o
LOAD _build/nrf51822_xxaa_sdk_errors.c.o
LOAD _build/nrf51822_xxaa_boards.c.o
LOAD _build/nrf51822_xxaa_nrf_drv_clock.c.o
LOAD _build/nrf51822_xxaa_nrf_drv_common.c.o
LOAD _build/nrf51822_xxaa_nrf_drv_gpiote.c.o
LOAD _build/nrf51822_xxaa_nrf_drv_uart.c.o
LOAD _build/nrf51822_xxaa_bsp.c.o
LOAD _build/nrf51822_xxaa_bsp_btn_ble.c.o
LOAD _build/nrf51822_xxaa_bsp_nfc.c.o
LOAD _build/nrf51822_xxaa_main.c.o
LOAD _build/nrf51822_xxaa_RTT_Syscalls_GCC.c.o
LOAD _build/nrf51822_xxaa_SEGGER_RTT.c.o
LOAD _build/nrf51822_xxaa_SEGGER_RTT_printf.c.o
LOAD _build/nrf51822_xxaa_ble_advdata.c.o
LOAD _build/nrf51822_xxaa_ble_advertising.c.o
LOAD _build/nrf51822_xxaa_ble_conn_params.c.o
LOAD _build/nrf51822_xxaa_ble_srv_common.c.o
LOAD _build/nrf51822_xxaa_gcc_startup_nrf51.S.o
LOAD _build/nrf51822_xxaa_system_nrf51.c.o
LOAD _build/nrf51822_xxaa_ble_nus.c.o
LOAD _build/nrf51822_xxaa_softdevice_handler.c.o
LOAD c:/program files (x86)/gnu tools arm embedded/7 2017-q4-major/bin/../lib/gcc/arm-none-eabi/7.2.1/../../../../arm-none-eabi/lib/thumb/v6-m\libm.a
START GROUP
LOAD c:/program files (x86)/gnu tools arm embedded/7 2017-q4-major/bin/../lib/gcc/arm-none-eabi/7.2.1/thumb/v6-m\libgcc.a
LOAD c:/program files (x86)/gnu tools arm embedded/7 2017-q4-major/bin/../lib/gcc/arm-none-eabi/7.2.1/../../../../arm-none-eabi/lib/thumb/v6-m\libc_nano.a
END GROUP
START GROUP
LOAD c:/program files (x86)/gnu tools arm embedded/7 2017-q4-major/bin/../lib/gcc/arm-none-eabi/7.2.1/thumb/v6-m\libgcc.a
LOAD c:/program files (x86)/gnu tools arm embedded/7 2017-q4-major/bin/../lib/gcc/arm-none-eabi/7.2.1/../../../../arm-none-eabi/lib/thumb/v6-m\libc_nano.a
END GROUP
LOAD c:/program files (x86)/gnu tools arm embedded/7 2017-q4-major/bin/../lib/gcc/arm-none-eabi/7.2.1/thumb/v6-m/crtend.o
LOAD c:/program files (x86)/gnu tools arm embedded/7 2017-q4-major/bin/../lib/gcc/arm-none-eabi/7.2.1/thumb/v6-m/crtn.o
START GROUP
LOAD c:/program files (x86)/gnu tools arm embedded/7 2017-q4-major/bin/../lib/gcc/arm-none-eabi/7.2.1/thumb/v6-m\libgcc.a
LOAD c:/program files (x86)/gnu tools arm embedded/7 2017-q4-major/bin/../lib/gcc/arm-none-eabi/7.2.1/../../../../arm-none-eabi/lib/thumb/v6-m\libc.a
LOAD c:/program files (x86)/gnu tools arm embedded/7 2017-q4-major/bin/../lib/gcc/arm-none-eabi/7.2.1/../../../../arm-none-eabi/lib/thumb/v6-m\libnosys.a
END GROUP

.igot.plt       0x20002078        0x0 load address 0x0002085c
 .igot.plt      0x20002078        0x0 c:/program files (x86)/gnu tools arm embedded/7 2017-q4-major/bin/../lib/gcc/arm-none-eabi/7.2.1/thumb/v6-m/crtbegin.o

.fs_data        0x20002078        0x0
                0x20002078                PROVIDE (__start_fs_data, .)
 *(.fs_data)
                0x20002078                PROVIDE (__stop_fs_data, .)

.pwr_mgmt_data  0x20002078        0x0
                [!provide]                PROVIDE (__start_pwr_mgmt_data, .)
 *(.pwr_mgmt_data)
                [!provide]                PROVIDE (__stop_pwr_mgmt_data, .)

.bss            0x20002078      0x758 load address 0x0002085c
                0x20002078                . = ALIGN (0x4)
                0x20002078                __bss_start__ = .
 *(.bss*)
 .bss           0x20002078       0x1c c:/program files (x86)/gnu tools arm embedded/7 2017-q4-major/bin/../lib/gcc/arm-none-eabi/7.2.1/thumb/v6-m/crtbegin.o
 .bss.m_button_count
                0x20002094        0x1 _build/nrf51822_xxaa_app_button.c.o
 *fill*         0x20002095        0x3 
 .bss.m_detection_delay
                0x20002098        0x4 _build/nrf51822_xxaa_app_button.c.o
 .bss.m_detection_delay_timer_id_data
                0x2000209c       0x20 _build/nrf51822_xxaa_app_button.c.o
 .bss.m_pin_state
                0x200020bc        0x4 _build/nrf51822_xxaa_app_button.c.o
 .bss.m_pin_transition
                0x200020c0        0x4 _build/nrf51822_xxaa_app_button.c.o
 .bss.mp_buttons
                0x200020c4        0x4 _build/nrf51822_xxaa_app_button.c.o
 .bss.m_evt_schedule_func
                0x200020c8        0x4 _build/nrf51822_xxaa_app_timer.c.o
 .bss.m_op_queue
                0x200020cc        0x8 _build/nrf51822_xxaa_app_timer.c.o
 .bss.m_rtc1_reset
                0x200020d4        0x1 _build/nrf51822_xxaa_app_timer.c.o
 .bss.m_rtc1_running
                0x200020d5        0x1 _build/nrf51822_xxaa_app_timer.c.o
 *fill*         0x200020d6        0x2 
 .bss.m_ticks_elapsed
                0x200020d8        0x8 _build/nrf51822_xxaa_app_timer.c.o
 .bss.m_ticks_elapsed_q_read_ind
                0x200020e0        0x1 _build/nrf51822_xxaa_app_timer.c.o
 .bss.m_ticks_elapsed_q_write_ind
                0x200020e1        0x1 _build/nrf51822_xxaa_app_timer.c.o
 *fill*         0x200020e2        0x2 
 .bss.m_ticks_latest
                0x200020e4        0x4 _build/nrf51822_xxaa_app_timer.c.o
 .bss.mp_timer_id_head
                0x200020e8        0x4 _build/nrf51822_xxaa_app_timer.c.o
 .bss.m_event_handler
                0x200020ec        0x4 _build/nrf51822_xxaa_app_uart_fifo.c.o
 .bss.m_rx_fifo
                0x200020f0       0x10 _build/nrf51822_xxaa_app_uart_fifo.c.o
 .bss.m_rx_ovf  0x20002100        0x1 _build/nrf51822_xxaa_app_uart_fifo.c.o
 *fill*         0x20002101        0x3 
 .bss.m_tx_fifo
                0x20002104       0x10 _build/nrf51822_xxaa_app_uart_fifo.c.o
 .bss.rx_buffer
                0x20002114        0x1 _build/nrf51822_xxaa_app_uart_fifo.c.o
 *fill*         0x20002115        0x3 
 .bss.tx_buffer
                0x20002118        0x1 _build/nrf51822_xxaa_app_uart_fifo.c.o
 *fill*         0x20002119        0x3 
 .bss.m_queue   0x2000211c       0x68 _build/nrf51822_xxaa_fstorage.c.o
 .bss.m_clock_cb
                0x20002184       0x14 _build/nrf51822_xxaa_nrf_drv_clock.c.o
 .bss.m_cb      0x20002198       0x48 _build/nrf51822_xxaa_nrf_drv_gpiote.c.o
 .bss.m_cb      0x200021e0       0x1c _build/nrf51822_xxaa_nrf_drv_uart.c.o
 .bss.current_long_push_pin_no.6089
                0x200021fc        0x1 _build/nrf51822_xxaa_bsp.c.o
 *fill*         0x200021fd        0x3 
 .bss.m_alert_timer_id_data
                0x20002200       0x20 _build/nrf51822_xxaa_bsp.c.o
 .bss.m_app_ticks_per_100ms
                0x20002220        0x4 _build/nrf51822_xxaa_bsp.c.o
 .bss.m_button_timer_id_data
                0x20002224       0x20 _build/nrf51822_xxaa_bsp.c.o
 .bss.m_events_list
                0x20002244        0x6 _build/nrf51822_xxaa_bsp.c.o
 *fill*         0x2000224a        0x2 
 .bss.m_indication_type
                0x2000224c        0x4 _build/nrf51822_xxaa_bsp.c.o
 .bss.m_leds_clear
                0x20002250        0x1 _build/nrf51822_xxaa_bsp.c.o
 *fill*         0x20002251        0x3 
 .bss.m_leds_timer_id_data
                0x20002254       0x20 _build/nrf51822_xxaa_bsp.c.o
 .bss.m_registered_callback
                0x20002274        0x4 _build/nrf51822_xxaa_bsp.c.o
 .bss.m_stable_state
                0x20002278        0x1 _build/nrf51822_xxaa_bsp.c.o
 *fill*         0x20002279        0x3 
 .bss.release_event_at_push.6090
                0x2000227c        0x2 _build/nrf51822_xxaa_bsp.c.o
 *fill*         0x2000227e        0x2 
 .bss.m_error_handler
                0x20002280        0x4 _build/nrf51822_xxaa_bsp_btn_ble.c.o
 .bss.m_num_connections
                0x20002284        0x4 _build/nrf51822_xxaa_bsp_btn_ble.c.o
 .bss.APP_TIMER_BUF.8105
                0x20002288       0x78 _build/nrf51822_xxaa_main.c.o
 .bss.BLE_EVT_BUFFER.8041
                0x20002300       0x48 _build/nrf51822_xxaa_main.c.o
 .bss.data_array.8062
                0x20002348       0x14 _build/nrf51822_xxaa_main.c.o
 .bss.index.8063
                0x2000235c        0x1 _build/nrf51822_xxaa_main.c.o
 *fill*         0x2000235d        0x3 
 .bss.m_nus     0x20002360       0x1c _build/nrf51822_xxaa_main.c.o
 .bss.rx_buf.8077
                0x2000237c      0x100 _build/nrf51822_xxaa_main.c.o
 .bss.tx_buf.8078
                0x2000247c      0x100 _build/nrf51822_xxaa_main.c.o
 .bss.m_adv_evt
                0x2000257c        0x1 _build/nrf51822_xxaa_ble_advertising.c.o
 .bss.m_adv_mode_current
                0x2000257d        0x1 _build/nrf51822_xxaa_ble_advertising.c.o
 *fill*         0x2000257e        0x2 
 .bss.m_adv_modes_config
                0x20002580       0x20 _build/nrf51822_xxaa_ble_advertising.c.o
 .bss.m_advdata
                0x200025a0       0x3c _build/nrf51822_xxaa_ble_advertising.c.o
 .bss.m_advertising_start_pending
                0x200025dc        0x1 _build/nrf51822_xxaa_ble_advertising.c.o
 *fill*         0x200025dd        0x1 
 .bss.m_current_slave_link_conn_handle
                0x200025de        0x2 _build/nrf51822_xxaa_ble_advertising.c.o
 .bss.m_error_handler
                0x200025e0        0x4 _build/nrf51822_xxaa_ble_advertising.c.o
 .bss.m_evt_handler
                0x200025e4        0x4 _build/nrf51822_xxaa_ble_advertising.c.o
 .bss.m_initialized
                0x200025e8        0x1 _build/nrf51822_xxaa_ble_advertising.c.o
 *fill*         0x200025e9        0x3 
 .bss.m_manuf_data_array
                0x200025ec       0x1f _build/nrf51822_xxaa_ble_advertising.c.o
 *fill*         0x2000260b        0x1 
 .bss.m_manuf_specific_data
                0x2000260c        0xc _build/nrf51822_xxaa_ble_advertising.c.o
 .bss.m_p_whitelist_addrs
                0x20002618       0x20 _build/nrf51822_xxaa_ble_advertising.c.o
 .bss.m_p_whitelist_irks
                0x20002638       0x20 _build/nrf51822_xxaa_ble_advertising.c.o
 .bss.m_peer_addr_reply_expected
                0x20002658        0x1 _build/nrf51822_xxaa_ble_advertising.c.o
 *fill*         0x20002659        0x3 
 .bss.m_peer_address
                0x2000265c        0x7 _build/nrf51822_xxaa_ble_advertising.c.o
 *fill*         0x20002663        0x1 
 .bss.m_service_data
                0x20002664        0xc _build/nrf51822_xxaa_ble_advertising.c.o
 .bss.m_service_data_array
                0x20002670       0x1f _build/nrf51822_xxaa_ble_advertising.c.o
 *fill*         0x2000268f        0x1 
 .bss.m_slave_conn_int
                0x20002690        0x4 _build/nrf51822_xxaa_ble_advertising.c.o
 .bss.m_whitelist_addrs
                0x20002694       0x38 _build/nrf51822_xxaa_ble_advertising.c.o
 .bss.m_whitelist_irks
                0x200026cc       0x80 _build/nrf51822_xxaa_ble_advertising.c.o
 .bss.m_whitelist_reply_expected
                0x2000274c        0x1 _build/nrf51822_xxaa_ble_advertising.c.o
 .bss.m_whitelist_temporarily_disabled
                0x2000274d        0x1 _build/nrf51822_xxaa_ble_advertising.c.o
 .bss.m_change_param
                0x2000274e        0x1 _build/nrf51822_xxaa_ble_conn_params.c.o
 *fill*         0x2000274f        0x1 
 .bss.m_conn_handle
                0x20002750        0x2 _build/nrf51822_xxaa_ble_conn_params.c.o
 *fill*         0x20002752        0x2 
 .bss.m_conn_params_config
                0x20002754       0x1c _build/nrf51822_xxaa_ble_conn_params.c.o
 .bss.m_conn_params_timer_id_data
                0x20002770       0x20 _build/nrf51822_xxaa_ble_conn_params.c.o
 .bss.m_current_conn_params
                0x20002790        0x8 _build/nrf51822_xxaa_ble_conn_params.c.o
 .bss.m_preferred_conn_params
                0x20002798        0x8 _build/nrf51822_xxaa_ble_conn_params.c.o
 .bss.m_update_count
                0x200027a0        0x1 _build/nrf51822_xxaa_ble_conn_params.c.o
 *fill*         0x200027a1        0x1 
 .bss.m_ble_evt_buffer_size
                0x200027a2        0x2 _build/nrf51822_xxaa_softdevice_handler.c.o
 .bss.m_ble_evt_handler
                0x200027a4        0x4 _build/nrf51822_xxaa_softdevice_handler.c.o
 .bss.m_evt_schedule_func
                0x200027a8        0x4 _build/nrf51822_xxaa_softdevice_handler.c.o
 .bss.m_softdevice_enabled
                0x200027ac        0x1 _build/nrf51822_xxaa_softdevice_handler.c.o
 .bss.m_suspended
                0x200027ad        0x1 _build/nrf51822_xxaa_softdevice_handler.c.o
 *fill*         0x200027ae        0x2 
 .bss.m_sys_evt_handler
                0x200027b0        0x4 _build/nrf51822_xxaa_softdevice_handler.c.o
 .bss.mp_ble_evt_buffer
                0x200027b4        0x4 _build/nrf51822_xxaa_softdevice_handler.c.o
 .bss.__malloc_free_list
                0x200027b8        0x4 c:/program files (x86)/gnu tools arm embedded/7 2017-q4-major/bin/../lib/gcc/arm-none-eabi/7.2.1/../../../../arm-none-eabi/lib/thumb/v6-m\libc_nano.a(lib_a-nano-mallocr.o)
                0x200027b8                __malloc_free_list
 .bss.__malloc_sbrk_start
                0x200027bc        0x4 c:/program files (x86)/gnu tools arm embedded/7 2017-q4-major/bin/../lib/gcc/arm-none-eabi/7.2.1/../../../../arm-none-eabi/lib/thumb/v6-m\libc_nano.a(lib_a-nano-mallocr.o)
                0x200027bc                __malloc_sbrk_start
 .bss.heap_end.4102
                0x200027c0        0x4 c:/program files (x86)/gnu tools arm embedded/7 2017-q4-major/bin/../lib/gcc/arm-none-eabi/7.2.1/../../../../arm-none-eabi/lib/thumb/v6-m\libnosys.a(sbrk.o)
 *(COMMON)
 COMMON         0x200027c4        0x8 _build/nrf51822_xxaa_app_util_platform.c.o
                0x200027c4                nrf_nvic_state
 COMMON         0x200027cc        0x4 c:/program files (x86)/gnu tools arm embedded/7 2017-q4-major/bin/../lib/gcc/arm-none-eabi/7.2.1/../../../../arm-none-eabi/lib/thumb/v6-m\libc_nano.a(lib_a-reent.o)
                0x200027cc                errno
                0x200027d0                . = ALIGN (0x4)
                0x200027d0                __bss_end__ = .

.heap           0x200027d0      0x800
                0x200027d0                __HeapBase = .
                0x200027d0                __end__ = .
                0x200027d0                PROVIDE (end, .)
 *(.heap*)
 .heap          0x200027d0      0x800 _build/nrf51822_xxaa_gcc_startup_nrf51.S.o
                0x20002fd0                __HeapLimit = .

.stack_dummy    0x200027d0      0x800
 *(.stack*)
 .stack         0x200027d0      0x800 _build/nrf51822_xxaa_gcc_startup_nrf51.S.o
                0x20004000                __StackTop = (ORIGIN (RAM) + LENGTH (RAM))
                0x20003800                __StackLimit = (__StackTop - SIZEOF (.stack_dummy))
                0x20004000                PROVIDE (__stack, __StackTop)
                0x00000001                ASSERT ((__StackLimit >= __HeapLimit), region RAM overflowed with stack)
OUTPUT(_build/nrf51822_xxaa.out elf32-littlearm)

.ARM.attributes
                0x00000000       0x28
 .ARM.attributes
                0x00000000       0x1e c:/program files (x86)/gnu tools arm embedded/7 2017-q4-major/bin/../lib/gcc/arm-none-eabi/7.2.1/thumb/v6-m/crti.o
 .ARM.attributes
                0x0000001e       0x2c c:/program files (x86)/gnu tools arm embedded/7 2017-q4-major/bin/../lib/gcc/arm-none-eabi/7.2.1/thumb/v6-m/crtbegin.o
 .ARM.attributes
                0x0000004a       0x1b c:/program files (x86)/gnu tools arm embedded/7 2017-q4-major/bin/../lib/gcc/arm-none-eabi/7.2.1/../../../../arm-none-eabi/lib/thumb/v6-m/crt0.o
 .ARM.attributes
                0x00000065       0x2c c:/program files (x86)/gnu tools arm embedded/7 2017-q4-major/bin/../lib/gcc/arm-none-eabi/7.2.1/../../../../arm-none-eabi/lib/thumb/v6-m\libc_nano.a(lib_a-exit.o)
 .ARM.attributes
                0x00000091       0x2c c:/program files (x86)/gnu tools arm embedded/7 2017-q4-major/bin/../lib/gcc/arm-none-eabi/7.2.1/../../../../arm-none-eabi/lib/thumb/v6-m\libc_nano.a(lib_a-impure.o)
 .ARM.attributes
                0x000000bd       0x2c c:/program files (x86)/gnu tools arm embedded/7 2017-q4-major/bin/../lib/gcc/arm-none-eabi/7.2.1/../../../../arm-none-eabi/lib/thumb/v6-m\libc_nano.a(lib_a-init.o)
 .ARM.attributes
                0x000000e9       0x2c c:/program files (x86)/gnu tools arm embedded/7 2017-q4-major/bin/../lib/gcc/arm-none-eabi/7.2.1/../../../../arm-none-eabi/lib/thumb/v6-m\libc_nano.a(lib_a-memset.o)
 .ARM.attributes
                0x00000115       0x2c c:/program files (x86)/gnu tools arm embedded/7 2017-q4-major/bin/../lib/gcc/arm-none-eabi/7.2.1/../../../../arm-none-eabi/lib/thumb/v6-m\libnosys.a(_exit.o)
 .ARM.attributes
                0x00000141       0x31 _build/nrf51822_xxaa_app_button.c.o
 .ARM.attributes
                0x00000172       0x31 _build/nrf51822_xxaa_app_error.c.o
 .ARM.attributes
                0x000001a3       0x31 _build/nrf51822_xxaa_app_error_weak.c.o
 .ARM.attributes
                0x000001d4       0x31 _build/nrf51822_xxaa_app_fifo.c.o
 .ARM.attributes
                0x00000205       0x31 _build/nrf51822_xxaa_app_timer.c.o
 .ARM.attributes
                0x00000236       0x31 _build/nrf51822_xxaa_app_uart_fifo.c.o
 .ARM.attributes
                0x00000267       0x31 _build/nrf51822_xxaa_app_util_platform.c.o
 .ARM.attributes
                0x00000298       0x31 _build/nrf51822_xxaa_fstorage.c.o
 .ARM.attributes
                0x000002c9       0x31 _build/nrf51822_xxaa_retarget.c.o
 .ARM.attributes
                0x000002fa       0x31 _build/nrf51822_xxaa_boards.c.o
 .ARM.attributes
                0x0000032b       0x31 _build/nrf51822_xxaa_nrf_drv_clock.c.o
 .ARM.attributes
                0x0000035c       0x31 _build/nrf51822_xxaa_nrf_drv_common.c.o
 .ARM.attributes
                0x0000038d       0x31 _build/nrf51822_xxaa_nrf_drv_gpiote.c.o
 .ARM.attributes
                0x000003be       0x31 _build/nrf51822_xxaa_nrf_drv_uart.c.o
 .ARM.attributes
                0x000003ef       0x31 _build/nrf51822_xxaa_bsp.c.o
 .ARM.attributes
                0x00000420       0x31 _build/nrf51822_xxaa_bsp_btn_ble.c.o
 .ARM.attributes
                0x00000451       0x31 _build/nrf51822_xxaa_main.c.o
 .ARM.attributes
                0x00000482       0x31 _build/nrf51822_xxaa_ble_advdata.c.o
 .ARM.attributes
                0x000004b3       0x31 _build/nrf51822_xxaa_ble_advertising.c.o
 .ARM.attributes
                0x000004e4       0x31 _build/nrf51822_xxaa_ble_conn_params.c.o
 .ARM.attributes
                0x00000515       0x31 _build/nrf51822_xxaa_ble_srv_common.c.o
 .ARM.attributes
                0x00000546       0x1b _build/nrf51822_xxaa_gcc_startup_nrf51.S.o
 .ARM.attributes
                0x00000561       0x31 _build/nrf51822_xxaa_system_nrf51.c.o
 .ARM.attributes
                0x00000592       0x31 _build/nrf51822_xxaa_ble_nus.c.o
 .ARM.attributes
                0x000005c3       0x31 _build/nrf51822_xxaa_softdevice_handler.c.o
 .ARM.attributes
                0x000005f4       0x1e c:/program files (x86)/gnu tools arm embedded/7 2017-q4-major/bin/../lib/gcc/arm-none-eabi/7.2.1/thumb/v6-m\libgcc.a(_udivsi3.o)
 .ARM.attributes
                0x00000612       0x1e c:/program files (x86)/gnu tools arm embedded/7 2017-q4-major/bin/../lib/gcc/arm-none-eabi/7.2.1/thumb/v6-m\libgcc.a(_divsi3.o)
 .ARM.attributes
                0x00000630       0x1e c:/program files (x86)/gnu tools arm embedded/7 2017-q4-major/bin/../lib/gcc/arm-none-eabi/7.2.1/thumb/v6-m\libgcc.a(_dvmd_tls.o)
 .ARM.attributes
                0x0000064e       0x2c c:/program files (x86)/gnu tools arm embedded/7 2017-q4-major/bin/../lib/gcc/arm-none-eabi/7.2.1/../../../../arm-none-eabi/lib/thumb/v6-m\libc_nano.a(lib_a-memcpy-stub.o)
 .ARM.attributes
                0x0000067a       0x2c c:/program files (x86)/gnu tools arm embedded/7 2017-q4-major/bin/../lib/gcc/arm-none-eabi/7.2.1/../../../../arm-none-eabi/lib/thumb/v6-m\libc_nano.a(lib_a-printf.o)
 .ARM.attributes
                0x000006a6       0x1c c:/program files (x86)/gnu tools arm embedded/7 2017-q4-major/bin/../lib/gcc/arm-none-eabi/7.2.1/../../../../arm-none-eabi/lib/thumb/v6-m\libc_nano.a(lib_a-strlen.o)
 .ARM.attributes
                0x000006c2       0x2c c:/program files (x86)/gnu tools arm embedded/7 2017-q4-major/bin/../lib/gcc/arm-none-eabi/7.2.1/../../../../arm-none-eabi/lib/thumb/v6-m\libc_nano.a(lib_a-findfp.o)
 .ARM.attributes
                0x000006ee       0x2c c:/program files (x86)/gnu tools arm embedded/7 2017-q4-major/bin/../lib/gcc/arm-none-eabi/7.2.1/../../../../arm-none-eabi/lib/thumb/v6-m\libc_nano.a(lib_a-fwalk.o)
 .ARM.attributes
                0x0000071a       0x2c c:/program files (x86)/gnu tools arm embedded/7 2017-q4-major/bin/../lib/gcc/arm-none-eabi/7.2.1/../../../../arm-none-eabi/lib/thumb/v6-m\libc_nano.a(lib_a-nano-mallocr.o)
 .ARM.attributes
                0x00000746       0x2c c:/program files (x86)/gnu tools arm embedded/7 2017-q4-major/bin/../lib/gcc/arm-none-eabi/7.2.1/../../../../arm-none-eabi/lib/thumb/v6-m\libc_nano.a(lib_a-nano-vfprintf.o)
 .ARM.attributes
                0x00000772       0x2c c:/program files (x86)/gnu tools arm embedded/7 2017-q4-major/bin/../lib/gcc/arm-none-eabi/7.2.1/../../../../arm-none-eabi/lib/thumb/v6-m\libc_nano.a(lib_a-nano-vfprintf_i.o)
 .ARM.attributes
                0x0000079e       0x2c c:/program files (x86)/gnu tools arm embedded/7 2017-q4-major/bin/../lib/gcc/arm-none-eabi/7.2.1/../../../../arm-none-eabi/lib/thumb/v6-m\libc_nano.a(lib_a-sbrkr.o)
 .ARM.attributes
                0x000007ca       0x2c c:/program files (x86)/gnu tools arm embedded/7 2017-q4-major/bin/../lib/gcc/arm-none-eabi/7.2.1/../../../../arm-none-eabi/lib/thumb/v6-m\libc_nano.a(lib_a-stdio.o)
 .ARM.attributes
                0x000007f6       0x2c c:/program files (x86)/gnu tools arm embedded/7 2017-q4-major/bin/../lib/gcc/arm-none-eabi/7.2.1/../../../../arm-none-eabi/lib/thumb/v6-m\libc_nano.a(lib_a-wbuf.o)
 .ARM.attributes
                0x00000822       0x2c c:/program files (x86)/gnu tools arm embedded/7 2017-q4-major/bin/../lib/gcc/arm-none-eabi/7.2.1/../../../../arm-none-eabi/lib/thumb/v6-m\libc_nano.a(lib_a-writer.o)
 .ARM.attributes
                0x0000084e       0x2c c:/program files (x86)/gnu tools arm embedded/7 2017-q4-major/bin/../lib/gcc/arm-none-eabi/7.2.1/../../../../arm-none-eabi/lib/thumb/v6-m\libc_nano.a(lib_a-wsetup.o)
 .ARM.attributes
                0x0000087a       0x2c c:/program files (x86)/gnu tools arm embedded/7 2017-q4-major/bin/../lib/gcc/arm-none-eabi/7.2.1/../../../../arm-none-eabi/lib/thumb/v6-m\libc_nano.a(lib_a-closer.o)
 .ARM.attributes
                0x000008a6       0x2c c:/program files (x86)/gnu tools arm embedded/7 2017-q4-major/bin/../lib/gcc/arm-none-eabi/7.2.1/../../../../arm-none-eabi/lib/thumb/v6-m\libc_nano.a(lib_a-fflush.o)
 .ARM.attributes
                0x000008d2       0x2c c:/program files (x86)/gnu tools arm embedded/7 2017-q4-major/bin/../lib/gcc/arm-none-eabi/7.2.1/../../../../arm-none-eabi/lib/thumb/v6-m\libc_nano.a(lib_a-lseekr.o)
 .ARM.attributes
                0x000008fe       0x2c c:/program files (x86)/gnu tools arm embedded/7 2017-q4-major/bin/../lib/gcc/arm-none-eabi/7.2.1/../../../../arm-none-eabi/lib/thumb/v6-m\libc_nano.a(lib_a-makebuf.o)
 .ARM.attributes
                0x0000092a       0x2c c:/program files (x86)/gnu tools arm embedded/7 2017-q4-major/bin/../lib/gcc/arm-none-eabi/7.2.1/../../../../arm-none-eabi/lib/thumb/v6-m\libc_nano.a(lib_a-memchr-stub.o)
 .ARM.attributes
                0x00000956       0x2c c:/program files (x86)/gnu tools arm embedded/7 2017-q4-major/bin/../lib/gcc/arm-none-eabi/7.2.1/../../../../arm-none-eabi/lib/thumb/v6-m\libc_nano.a(lib_a-mlock.o)
 .ARM.attributes
                0x00000982       0x2c c:/program files (x86)/gnu tools arm embedded/7 2017-q4-major/bin/../lib/gcc/arm-none-eabi/7.2.1/../../../../arm-none-eabi/lib/thumb/v6-m\libc_nano.a(lib_a-nano-freer.o)
 .ARM.attributes
                0x000009ae       0x2c c:/program files (x86)/gnu tools arm embedded/7 2017-q4-major/bin/../lib/gcc/arm-none-eabi/7.2.1/../../../../arm-none-eabi/lib/thumb/v6-m\libc_nano.a(lib_a-readr.o)
 .ARM.attributes
                0x000009da       0x2c c:/program files (x86)/gnu tools arm embedded/7 2017-q4-major/bin/../lib/gcc/arm-none-eabi/7.2.1/../../../../arm-none-eabi/lib/thumb/v6-m\libc_nano.a(lib_a-reent.o)
 .ARM.attributes
                0x00000a06       0x2c c:/program files (x86)/gnu tools arm embedded/7 2017-q4-major/bin/../lib/gcc/arm-none-eabi/7.2.1/../../../../arm-none-eabi/lib/thumb/v6-m\libc_nano.a(lib_a-fstatr.o)
 .ARM.attributes
                0x00000a32       0x2c c:/program files (x86)/gnu tools arm embedded/7 2017-q4-major/bin/../lib/gcc/arm-none-eabi/7.2.1/../../../../arm-none-eabi/lib/thumb/v6-m\libc_nano.a(lib_a-isattyr.o)
 .ARM.attributes
                0x00000a5e       0x2c c:/program files (x86)/gnu tools arm embedded/7 2017-q4-major/bin/../lib/gcc/arm-none-eabi/7.2.1/thumb/v6-m/crtend.o
 .ARM.attributes
                0x00000a8a       0x1e c:/program files (x86)/gnu tools arm embedded/7 2017-q4-major/bin/../lib/gcc/arm-none-eabi/7.2.1/thumb/v6-m/crtn.o
 .ARM.attributes
                0x00000aa8       0x2c c:/program files (x86)/gnu tools arm embedded/7 2017-q4-major/bin/../lib/gcc/arm-none-eabi/7.2.1/../../../../arm-none-eabi/lib/thumb/v6-m\libnosys.a(close.o)
 .ARM.attributes
                0x00000ad4       0x2c c:/program files (x86)/gnu tools arm embedded/7 2017-q4-major/bin/../lib/gcc/arm-none-eabi/7.2.1/../../../../arm-none-eabi/lib/thumb/v6-m\libnosys.a(fstat.o)
 .ARM.attributes
                0x00000b00       0x2c c:/program files (x86)/gnu tools arm embedded/7 2017-q4-major/bin/../lib/gcc/arm-none-eabi/7.2.1/../../../../arm-none-eabi/lib/thumb/v6-m\libnosys.a(isatty.o)
 .ARM.attributes
                0x00000b2c       0x2c c:/program files (x86)/gnu tools arm embedded/7 2017-q4-major/bin/../lib/gcc/arm-none-eabi/7.2.1/../../../../arm-none-eabi/lib/thumb/v6-m\libnosys.a(lseek.o)
 .ARM.attributes
                0x00000b58       0x2c c:/program files (x86)/gnu tools arm embedded/7 2017-q4-major/bin/../lib/gcc/arm-none-eabi/7.2.1/../../../../arm-none-eabi/lib/thumb/v6-m\libnosys.a(sbrk.o)

.comment        0x00000000       0x7e
 .comment       0x00000000       0x7e _build/nrf51822_xxaa_app_button.c.o
                                 0x7f (size before relaxing)
 .comment       0x0000007e       0x7f _build/nrf51822_xxaa_app_error.c.o
 .comment       0x0000007e       0x7f _build/nrf51822_xxaa_app_error_weak.c.o
 .comment       0x0000007e       0x7f _build/nrf51822_xxaa_app_fifo.c.o
 .comment       0x0000007e       0x7f _build/nrf51822_xxaa_app_timer.c.o
 .comment       0x0000007e       0x7f _build/nrf51822_xxaa_app_uart_fifo.c.o
 .comment       0x0000007e       0x7f _build/nrf51822_xxaa_app_util_platform.c.o
 .comment       0x0000007e       0x7f _build/nrf51822_xxaa_fstorage.c.o
 .comment       0x0000007e       0x7f _build/nrf51822_xxaa_retarget.c.o
 .comment       0x0000007e       0x7f _build/nrf51822_xxaa_boards.c.o
 .comment       0x0000007e       0x7f _build/nrf51822_xxaa_nrf_drv_clock.c.o
 .comment       0x0000007e       0x7f _build/nrf51822_xxaa_nrf_drv_common.c.o
 .comment       0x0000007e       0x7f _build/nrf51822_xxaa_nrf_drv_gpiote.c.o
 .comment       0x0000007e       0x7f _build/nrf51822_xxaa_nrf_drv_uart.c.o
 .comment       0x0000007e       0x7f _build/nrf51822_xxaa_bsp.c.o
 .comment       0x0000007e       0x7f _build/nrf51822_xxaa_bsp_btn_ble.c.o
 .comment       0x0000007e       0x7f _build/nrf51822_xxaa_main.c.o
 .comment       0x0000007e       0x7f _build/nrf51822_xxaa_ble_advdata.c.o
 .comment       0x0000007e       0x7f _build/nrf51822_xxaa_ble_advertising.c.o
 .comment       0x0000007e       0x7f _build/nrf51822_xxaa_ble_conn_params.c.o
 .comment       0x0000007e       0x7f _build/nrf51822_xxaa_ble_srv_common.c.o
 .comment       0x0000007e       0x7f _build/nrf51822_xxaa_system_nrf51.c.o
 .comment       0x0000007e       0x7f _build/nrf51822_xxaa_ble_nus.c.o
 .comment       0x0000007e       0x7f _build/nrf51822_xxaa_softdevice_handler.c.o

.debug_frame    0x00000000     0x1dd0
 .debug_frame   0x00000000       0x28 c:/program files (x86)/gnu tools arm embedded/7 2017-q4-major/bin/../lib/gcc/arm-none-eabi/7.2.1/../../../../arm-none-eabi/lib/thumb/v6-m\libc_nano.a(lib_a-exit.o)
 .debug_frame   0x00000028       0x2c c:/program files (x86)/gnu tools arm embedded/7 2017-q4-major/bin/../lib/gcc/arm-none-eabi/7.2.1/../../../../arm-none-eabi/lib/thumb/v6-m\libc_nano.a(lib_a-init.o)
 .debug_frame   0x00000054       0x20 c:/program files (x86)/gnu tools arm embedded/7 2017-q4-major/bin/../lib/gcc/arm-none-eabi/7.2.1/../../../../arm-none-eabi/lib/thumb/v6-m\libc_nano.a(lib_a-memset.o)
 .debug_frame   0x00000074       0x20 c:/program files (x86)/gnu tools arm embedded/7 2017-q4-major/bin/../lib/gcc/arm-none-eabi/7.2.1/../../../../arm-none-eabi/lib/thumb/v6-m\libnosys.a(_exit.o)
 .debug_frame   0x00000094       0xd0 _build/nrf51822_xxaa_app_button.c.o
 .debug_frame   0x00000164       0x5c _build/nrf51822_xxaa_app_error.c.o
 .debug_frame   0x000001c0       0x20 _build/nrf51822_xxaa_app_error_weak.c.o
 .debug_frame   0x000001e0       0xac _build/nrf51822_xxaa_app_fifo.c.o
 .debug_frame   0x0000028c      0x120 _build/nrf51822_xxaa_app_timer.c.o
 .debug_frame   0x000003ac       0xb8 _build/nrf51822_xxaa_app_uart_fifo.c.o
 .debug_frame   0x00000464       0x68 _build/nrf51822_xxaa_app_util_platform.c.o
 .debug_frame   0x000004cc      0x13c _build/nrf51822_xxaa_fstorage.c.o
 .debug_frame   0x00000608       0x44 _build/nrf51822_xxaa_retarget.c.o
 .debug_frame   0x0000064c       0xe8 _build/nrf51822_xxaa_boards.c.o
 .debug_frame   0x00000734      0x1c0 _build/nrf51822_xxaa_nrf_drv_clock.c.o
 .debug_frame   0x000008f4       0x3c _build/nrf51822_xxaa_nrf_drv_common.c.o
 .debug_frame   0x00000930      0x1fc _build/nrf51822_xxaa_nrf_drv_gpiote.c.o
 .debug_frame   0x00000b2c      0x14c _build/nrf51822_xxaa_nrf_drv_uart.c.o
 .debug_frame   0x00000c78      0x144 _build/nrf51822_xxaa_bsp.c.o
 .debug_frame   0x00000dbc       0x58 _build/nrf51822_xxaa_bsp_btn_ble.c.o
 .debug_frame   0x00000e14      0x190 _build/nrf51822_xxaa_main.c.o
 .debug_frame   0x00000fa4       0xe4 _build/nrf51822_xxaa_ble_advdata.c.o
 .debug_frame   0x00001088      0x124 _build/nrf51822_xxaa_ble_advertising.c.o
 .debug_frame   0x000011ac       0xf8 _build/nrf51822_xxaa_ble_conn_params.c.o
 .debug_frame   0x000012a4       0xcc _build/nrf51822_xxaa_ble_srv_common.c.o
 .debug_frame   0x00001370       0x30 _build/nrf51822_xxaa_system_nrf51.c.o
 .debug_frame   0x000013a0       0xb4 _build/nrf51822_xxaa_ble_nus.c.o
 .debug_frame   0x00001454      0x1b8 _build/nrf51822_xxaa_softdevice_handler.c.o
 .debug_frame   0x0000160c       0x20 c:/program files (x86)/gnu tools arm embedded/7 2017-q4-major/bin/../lib/gcc/arm-none-eabi/7.2.1/thumb/v6-m\libgcc.a(_udivsi3.o)
 .debug_frame   0x0000162c       0x20 c:/program files (x86)/gnu tools arm embedded/7 2017-q4-major/bin/../lib/gcc/arm-none-eabi/7.2.1/thumb/v6-m\libgcc.a(_divsi3.o)
 .debug_frame   0x0000164c       0x28 c:/program files (x86)/gnu tools arm embedded/7 2017-q4-major/bin/../lib/gcc/arm-none-eabi/7.2.1/../../../../arm-none-eabi/lib/thumb/v6-m\libc_nano.a(lib_a-memcpy-stub.o)
 .debug_frame   0x00001674       0x50 c:/program files (x86)/gnu tools arm embedded/7 2017-q4-major/bin/../lib/gcc/arm-none-eabi/7.2.1/../../../../arm-none-eabi/lib/thumb/v6-m\libc_nano.a(lib_a-printf.o)
 .debug_frame   0x000016c4      0x140 c:/program files (x86)/gnu tools arm embedded/7 2017-q4-major/bin/../lib/gcc/arm-none-eabi/7.2.1/../../../../arm-none-eabi/lib/thumb/v6-m\libc_nano.a(lib_a-findfp.o)
 .debug_frame   0x00001804       0x58 c:/program files (x86)/gnu tools arm embedded/7 2017-q4-major/bin/../lib/gcc/arm-none-eabi/7.2.1/../../../../arm-none-eabi/lib/thumb/v6-m\libc_nano.a(lib_a-fwalk.o)
 .debug_frame   0x0000185c       0x2c c:/program files (x86)/gnu tools arm embedded/7 2017-q4-major/bin/../lib/gcc/arm-none-eabi/7.2.1/../../../../arm-none-eabi/lib/thumb/v6-m\libc_nano.a(lib_a-nano-mallocr.o)
 .debug_frame   0x00001888       0x9c c:/program files (x86)/gnu tools arm embedded/7 2017-q4-major/bin/../lib/gcc/arm-none-eabi/7.2.1/../../../../arm-none-eabi/lib/thumb/v6-m\libc_nano.a(lib_a-nano-vfprintf.o)
 .debug_frame   0x00001924       0x54 c:/program files (x86)/gnu tools arm embedded/7 2017-q4-major/bin/../lib/gcc/arm-none-eabi/7.2.1/../../../../arm-none-eabi/lib/thumb/v6-m\libc_nano.a(lib_a-nano-vfprintf_i.o)
 .debug_frame   0x00001978       0x2c c:/program files (x86)/gnu tools arm embedded/7 2017-q4-major/bin/../lib/gcc/arm-none-eabi/7.2.1/../../../../arm-none-eabi/lib/thumb/v6-m\libc_nano.a(lib_a-sbrkr.o)
 .debug_frame   0x000019a4       0x90 c:/program files (x86)/gnu tools arm embedded/7 2017-q4-major/bin/../lib/gcc/arm-none-eabi/7.2.1/../../../../arm-none-eabi/lib/thumb/v6-m\libc_nano.a(lib_a-stdio.o)
 .debug_frame   0x00001a34       0x48 c:/program files (x86)/gnu tools arm embedded/7 2017-q4-major/bin/../lib/gcc/arm-none-eabi/7.2.1/../../../../arm-none-eabi/lib/thumb/v6-m\libc_nano.a(lib_a-wbuf.o)
 .debug_frame   0x00001a7c       0x2c c:/program files (x86)/gnu tools arm embedded/7 2017-q4-major/bin/../lib/gcc/arm-none-eabi/7.2.1/../../../../arm-none-eabi/lib/thumb/v6-m\libc_nano.a(lib_a-writer.o)
 .debug_frame   0x00001aa8       0x2c c:/program files (x86)/gnu tools arm embedded/7 2017-q4-major/bin/../lib/gcc/arm-none-eabi/7.2.1/../../../../arm-none-eabi/lib/thumb/v6-m\libc_nano.a(lib_a-wsetup.o)
 .debug_frame   0x00001ad4       0x2c c:/program files (x86)/gnu tools arm embedded/7 2017-q4-major/bin/../lib/gcc/arm-none-eabi/7.2.1/../../../../arm-none-eabi/lib/thumb/v6-m\libc_nano.a(lib_a-closer.o)
 .debug_frame   0x00001b00       0x68 c:/program files (x86)/gnu tools arm embedded/7 2017-q4-major/bin/../lib/gcc/arm-none-eabi/7.2.1/../../../../arm-none-eabi/lib/thumb/v6-m\libc_nano.a(lib_a-fflush.o)
 .debug_frame   0x00001b68       0x2c c:/program files (x86)/gnu tools arm embedded/7 2017-q4-major/bin/../lib/gcc/arm-none-eabi/7.2.1/../../../../arm-none-eabi/lib/thumb/v6-m\libc_nano.a(lib_a-lseekr.o)
 .debug_frame   0x00001b94       0x54 c:/program files (x86)/gnu tools arm embedded/7 2017-q4-major/bin/../lib/gcc/arm-none-eabi/7.2.1/../../../../arm-none-eabi/lib/thumb/v6-m\libc_nano.a(lib_a-makebuf.o)
 .debug_frame   0x00001be8       0x20 c:/program files (x86)/gnu tools arm embedded/7 2017-q4-major/bin/../lib/gcc/arm-none-eabi/7.2.1/../../../../arm-none-eabi/lib/thumb/v6-m\libc_nano.a(lib_a-memchr-stub.o)
 .debug_frame   0x00001c08       0x30 c:/program files (x86)/gnu tools arm embedded/7 2017-q4-major/bin/../lib/gcc/arm-none-eabi/7.2.1/../../../../arm-none-eabi/lib/thumb/v6-m\libc_nano.a(lib_a-mlock.o)
 .debug_frame   0x00001c38       0x2c c:/program files (x86)/gnu tools arm embedded/7 2017-q4-major/bin/../lib/gcc/arm-none-eabi/7.2.1/../../../../arm-none-eabi/lib/thumb/v6-m\libc_nano.a(lib_a-nano-freer.o)
 .debug_frame   0x00001c64       0x2c c:/program files (x86)/gnu tools arm embedded/7 2017-q4-major/bin/../lib/gcc/arm-none-eabi/7.2.1/../../../../arm-none-eabi/lib/thumb/v6-m\libc_nano.a(lib_a-readr.o)
 .debug_frame   0x00001c90       0x48 c:/program files (x86)/gnu tools arm embedded/7 2017-q4-major/bin/../lib/gcc/arm-none-eabi/7.2.1/../../../../arm-none-eabi/lib/thumb/v6-m\libc_nano.a(lib_a-reent.o)
 .debug_frame   0x00001cd8       0x2c c:/program files (x86)/gnu tools arm embedded/7 2017-q4-major/bin/../lib/gcc/arm-none-eabi/7.2.1/../../../../arm-none-eabi/lib/thumb/v6-m\libc_nano.a(lib_a-fstatr.o)
 .debug_frame   0x00001d04       0x2c c:/program files (x86)/gnu tools arm embedded/7 2017-q4-major/bin/../lib/gcc/arm-none-eabi/7.2.1/../../../../arm-none-eabi/lib/thumb/v6-m\libc_nano.a(lib_a-isattyr.o)
 .debug_frame   0x00001d30       0x20 c:/program files (x86)/gnu tools arm embedded/7 2017-q4-major/bin/../lib/gcc/arm-none-eabi/7.2.1/../../../../arm-none-eabi/lib/thumb/v6-m\libnosys.a(close.o)
 .debug_frame   0x00001d50       0x20 c:/program files (x86)/gnu tools arm embedded/7 2017-q4-major/bin/../lib/gcc/arm-none-eabi/7.2.1/../../../../arm-none-eabi/lib/thumb/v6-m\libnosys.a(fstat.o)
 .debug_frame   0x00001d70       0x20 c:/program files (x86)/gnu tools arm embedded/7 2017-q4-major/bin/../lib/gcc/arm-none-eabi/7.2.1/../../../../arm-none-eabi/lib/thumb/v6-m\libnosys.a(isatty.o)
 .debug_frame   0x00001d90       0x20 c:/program files (x86)/gnu tools arm embedded/7 2017-q4-major/bin/../lib/gcc/arm-none-eabi/7.2.1/../../../../arm-none-eabi/lib/thumb/v6-m\libnosys.a(lseek.o)
 .debug_frame   0x00001db0       0x20 c:/program files (x86)/gnu tools arm embedded/7 2017-q4-major/bin/../lib/gcc/arm-none-eabi/7.2.1/../../../../arm-none-eabi/lib/thumb/v6-m\libnosys.a(sbrk.o)

.debug_info     0x00000000    0x2949e
 .debug_info    0x00000000      0xe08 _build/nrf51822_xxaa_app_button.c.o
 .debug_info    0x00000e08      0xb47 _build/nrf51822_xxaa_app_error.c.o
 .debug_info    0x0000194f      0xa12 _build/nrf51822_xxaa_app_error_weak.c.o
 .debug_info    0x00002361      0xe01 _build/nrf51822_xxaa_app_fifo.c.o
 .debug_info    0x00003162     0x2325 _build/nrf51822_xxaa_app_timer.c.o
 .debug_info    0x00005487     0x16bd _build/nrf51822_xxaa_app_uart_fifo.c.o
 .debug_info    0x00006b44      0xd56 _build/nrf51822_xxaa_app_util_platform.c.o
 .debug_info    0x0000789a     0x197e _build/nrf51822_xxaa_fstorage.c.o
 .debug_info    0x00009218      0xa01 _build/nrf51822_xxaa_retarget.c.o
 .debug_info    0x00009c19     0x13e7 _build/nrf51822_xxaa_boards.c.o
 .debug_info    0x0000b000     0x1e5d _build/nrf51822_xxaa_nrf_drv_clock.c.o
 .debug_info    0x0000ce5d      0xd10 _build/nrf51822_xxaa_nrf_drv_common.c.o
 .debug_info    0x0000db6d     0x2d35 _build/nrf51822_xxaa_nrf_drv_gpiote.c.o
 .debug_info    0x000108a2     0x330b _build/nrf51822_xxaa_nrf_drv_uart.c.o
 .debug_info    0x00013bad     0x1a9a _build/nrf51822_xxaa_bsp.c.o
 .debug_info    0x00015647     0x1edb _build/nrf51822_xxaa_bsp_btn_ble.c.o
 .debug_info    0x00017522     0x4280 _build/nrf51822_xxaa_main.c.o
 .debug_info    0x0001b7a2     0x234d _build/nrf51822_xxaa_ble_advdata.c.o
 .debug_info    0x0001daef     0x2d3e _build/nrf51822_xxaa_ble_advertising.c.o
 .debug_info    0x0002082d     0x24a7 _build/nrf51822_xxaa_ble_conn_params.c.o
 .debug_info    0x00022cd4     0x14bd _build/nrf51822_xxaa_ble_srv_common.c.o
 .debug_info    0x00024191      0x1e2 _build/nrf51822_xxaa_system_nrf51.c.o
 .debug_info    0x00024373     0x259e _build/nrf51822_xxaa_ble_nus.c.o
 .debug_info    0x00026911     0x2b8d _build/nrf51822_xxaa_softdevice_handler.c.o

.debug_abbrev   0x00000000     0x5824
 .debug_abbrev  0x00000000      0x2af _build/nrf51822_xxaa_app_button.c.o
 .debug_abbrev  0x000002af      0x235 _build/nrf51822_xxaa_app_error.c.o
 .debug_abbrev  0x000004e4      0x20d _build/nrf51822_xxaa_app_error_weak.c.o
 .debug_abbrev  0x000006f1      0x28d _build/nrf51822_xxaa_app_fifo.c.o
 .debug_abbrev  0x0000097e      0x47d _build/nrf51822_xxaa_app_timer.c.o
 .debug_abbrev  0x00000dfb      0x31a _build/nrf51822_xxaa_app_uart_fifo.c.o
 .debug_abbrev  0x00001115      0x326 _build/nrf51822_xxaa_app_util_platform.c.o
 .debug_abbrev  0x0000143b      0x4b6 _build/nrf51822_xxaa_fstorage.c.o
 .debug_abbrev  0x000018f1      0x215 _build/nrf51822_xxaa_retarget.c.o
 .debug_abbrev  0x00001b06      0x386 _build/nrf51822_xxaa_boards.c.o
 .debug_abbrev  0x00001e8c      0x536 _build/nrf51822_xxaa_nrf_drv_clock.c.o
 .debug_abbrev  0x000023c2      0x28d _build/nrf51822_xxaa_nrf_drv_common.c.o
 .debug_abbrev  0x0000264f      0x536 _build/nrf51822_xxaa_nrf_drv_gpiote.c.o
 .debug_abbrev  0x00002b85      0x463 _build/nrf51822_xxaa_nrf_drv_uart.c.o
 .debug_abbrev  0x00002fe8      0x456 _build/nrf51822_xxaa_bsp.c.o
 .debug_abbrev  0x0000343e      0x391 _build/nrf51822_xxaa_bsp_btn_ble.c.o
 .debug_abbrev  0x000037cf      0x4eb _build/nrf51822_xxaa_main.c.o
 .debug_abbrev  0x00003cba      0x41e _build/nrf51822_xxaa_ble_advdata.c.o
 .debug_abbrev  0x000040d8      0x51a _build/nrf51822_xxaa_ble_advertising.c.o
 .debug_abbrev  0x000045f2      0x4de _build/nrf51822_xxaa_ble_conn_params.c.o
 .debug_abbrev  0x00004ad0      0x348 _build/nrf51822_xxaa_ble_srv_common.c.o
 .debug_abbrev  0x00004e18      0x10b _build/nrf51822_xxaa_system_nrf51.c.o
 .debug_abbrev  0x00004f23      0x384 _build/nrf51822_xxaa_ble_nus.c.o
 .debug_abbrev  0x000052a7      0x57d _build/nrf51822_xxaa_softdevice_handler.c.o

.debug_loc      0x00000000     0xb150
 .debug_loc     0x00000000      0x38d _build/nrf51822_xxaa_app_button.c.o
 .debug_loc     0x0000038d      0x149 _build/nrf51822_xxaa_app_error.c.o
 .debug_loc     0x000004d6       0x21 _build/nrf51822_xxaa_app_error_weak.c.o
 .debug_loc     0x000004f7      0x795 _build/nrf51822_xxaa_app_fifo.c.o
 .debug_loc     0x00000c8c      0xfc2 _build/nrf51822_xxaa_app_timer.c.o
 .debug_loc     0x00001c4e      0x362 _build/nrf51822_xxaa_app_uart_fifo.c.o
 .debug_loc     0x00001fb0       0x44 _build/nrf51822_xxaa_app_util_platform.c.o
 .debug_loc     0x00001ff4      0x88b _build/nrf51822_xxaa_fstorage.c.o
 .debug_loc     0x0000287f      0x11a _build/nrf51822_xxaa_retarget.c.o
 .debug_loc     0x00002999      0x726 _build/nrf51822_xxaa_boards.c.o
 .debug_loc     0x000030bf      0x4f6 _build/nrf51822_xxaa_nrf_drv_clock.c.o
 .debug_loc     0x000035b5       0xc4 _build/nrf51822_xxaa_nrf_drv_common.c.o
 .debug_loc     0x00003679     0x1ee6 _build/nrf51822_xxaa_nrf_drv_gpiote.c.o
 .debug_loc     0x0000555f     0x16e9 _build/nrf51822_xxaa_nrf_drv_uart.c.o
 .debug_loc     0x00006c48      0xa30 _build/nrf51822_xxaa_bsp.c.o
 .debug_loc     0x00007678      0x1b3 _build/nrf51822_xxaa_bsp_btn_ble.c.o
 .debug_loc     0x0000782b      0x7e9 _build/nrf51822_xxaa_main.c.o
 .debug_loc     0x00008014     0x17c1 _build/nrf51822_xxaa_ble_advdata.c.o
 .debug_loc     0x000097d5      0x6f6 _build/nrf51822_xxaa_ble_advertising.c.o
 .debug_loc     0x00009ecb      0x478 _build/nrf51822_xxaa_ble_conn_params.c.o
 .debug_loc     0x0000a343      0x3c4 _build/nrf51822_xxaa_ble_srv_common.c.o
 .debug_loc     0x0000a707      0x43e _build/nrf51822_xxaa_ble_nus.c.o
 .debug_loc     0x0000ab45      0x60b _build/nrf51822_xxaa_softdevice_handler.c.o

.debug_aranges  0x00000000      0x8e0
 .debug_aranges
                0x00000000       0x48 _build/nrf51822_xxaa_app_button.c.o
 .debug_aranges
                0x00000048       0x30 _build/nrf51822_xxaa_app_error.c.o
 .debug_aranges
                0x00000078       0x20 _build/nrf51822_xxaa_app_error_weak.c.o
 .debug_aranges
                0x00000098       0x50 _build/nrf51822_xxaa_app_fifo.c.o
 .debug_aranges
                0x000000e8       0x60 _build/nrf51822_xxaa_app_timer.c.o
 .debug_aranges
                0x00000148       0x48 _build/nrf51822_xxaa_app_uart_fifo.c.o
 .debug_aranges
                0x00000190       0x38 _build/nrf51822_xxaa_app_util_platform.c.o
 .debug_aranges
                0x000001c8       0x70 _build/nrf51822_xxaa_fstorage.c.o
 .debug_aranges
                0x00000238       0x28 _build/nrf51822_xxaa_retarget.c.o
 .debug_aranges
                0x00000260       0x80 _build/nrf51822_xxaa_boards.c.o
 .debug_aranges
                0x000002e0       0xb0 _build/nrf51822_xxaa_nrf_drv_clock.c.o
 .debug_aranges
                0x00000390       0x28 _build/nrf51822_xxaa_nrf_drv_common.c.o
 .debug_aranges
                0x000003b8       0xb8 _build/nrf51822_xxaa_nrf_drv_gpiote.c.o
 .debug_aranges
                0x00000470       0x70 _build/nrf51822_xxaa_nrf_drv_uart.c.o
 .debug_aranges
                0x000004e0       0x78 _build/nrf51822_xxaa_bsp.c.o
 .debug_aranges
                0x00000558       0x30 _build/nrf51822_xxaa_bsp_btn_ble.c.o
 .debug_aranges
                0x00000588       0xa8 _build/nrf51822_xxaa_main.c.o
 .debug_aranges
                0x00000630       0x58 _build/nrf51822_xxaa_ble_advdata.c.o
 .debug_aranges
                0x00000688       0x68 _build/nrf51822_xxaa_ble_advertising.c.o
 .debug_aranges
                0x000006f0       0x68 _build/nrf51822_xxaa_ble_conn_params.c.o
 .debug_aranges
                0x00000758       0x58 _build/nrf51822_xxaa_ble_srv_common.c.o
 .debug_aranges
                0x000007b0       0x28 _build/nrf51822_xxaa_system_nrf51.c.o
 .debug_aranges
                0x000007d8       0x50 _build/nrf51822_xxaa_ble_nus.c.o
 .debug_aranges
                0x00000828       0xb8 _build/nrf51822_xxaa_softdevice_handler.c.o

.debug_ranges   0x00000000     0x2b08
 .debug_ranges  0x00000000       0x98 _build/nrf51822_xxaa_app_button.c.o
 .debug_ranges  0x00000098       0x20 _build/nrf51822_xxaa_app_error.c.o
 .debug_ranges  0x000000b8       0x10 _build/nrf51822_xxaa_app_error_weak.c.o
 .debug_ranges  0x000000c8       0xc0 _build/nrf51822_xxaa_app_fifo.c.o
 .debug_ranges  0x00000188      0x5b0 _build/nrf51822_xxaa_app_timer.c.o
 .debug_ranges  0x00000738       0x50 _build/nrf51822_xxaa_app_uart_fifo.c.o
 .debug_ranges  0x00000788       0x40 _build/nrf51822_xxaa_app_util_platform.c.o
 .debug_ranges  0x000007c8      0x250 _build/nrf51822_xxaa_fstorage.c.o
 .debug_ranges  0x00000a18       0x18 _build/nrf51822_xxaa_retarget.c.o
 .debug_ranges  0x00000a30      0x138 _build/nrf51822_xxaa_boards.c.o
 .debug_ranges  0x00000b68      0x368 _build/nrf51822_xxaa_nrf_drv_clock.c.o
 .debug_ranges  0x00000ed0       0x48 _build/nrf51822_xxaa_nrf_drv_common.c.o
 .debug_ranges  0x00000f18      0x9b0 _build/nrf51822_xxaa_nrf_drv_gpiote.c.o
 .debug_ranges  0x000018c8      0x4e8 _build/nrf51822_xxaa_nrf_drv_uart.c.o
 .debug_ranges  0x00001db0      0x140 _build/nrf51822_xxaa_bsp.c.o
 .debug_ranges  0x00001ef0       0xa8 _build/nrf51822_xxaa_bsp_btn_ble.c.o
 .debug_ranges  0x00001f98      0x1e8 _build/nrf51822_xxaa_main.c.o
 .debug_ranges  0x00002180      0x240 _build/nrf51822_xxaa_ble_advdata.c.o
 .debug_ranges  0x000023c0      0x238 _build/nrf51822_xxaa_ble_advertising.c.o
 .debug_ranges  0x000025f8      0x148 _build/nrf51822_xxaa_ble_conn_params.c.o
 .debug_ranges  0x00002740      0x130 _build/nrf51822_xxaa_ble_srv_common.c.o
 .debug_ranges  0x00002870       0x68 _build/nrf51822_xxaa_system_nrf51.c.o
 .debug_ranges  0x000028d8       0x40 _build/nrf51822_xxaa_ble_nus.c.o
 .debug_ranges  0x00002918      0x1f0 _build/nrf51822_xxaa_softdevice_handler.c.o

.debug_macro    0x00000000     0x7292
 .debug_macro   0x00000000      0x2fa _build/nrf51822_xxaa_app_button.c.o
 .debug_macro   0x000002fa       0x1c _build/nrf51822_xxaa_app_button.c.o
 .debug_macro   0x00000316       0x10 _build/nrf51822_xxaa_app_button.c.o
 .debug_macro   0x00000326       0x10 _build/nrf51822_xxaa_app_button.c.o
 .debug_macro   0x00000336       0xb6 _build/nrf51822_xxaa_app_button.c.o
 .debug_macro   0x000003ec       0x16 _build/nrf51822_xxaa_app_button.c.o
 .debug_macro   0x00000402      0x129 _build/nrf51822_xxaa_app_button.c.o
 .debug_macro   0x0000052b       0x2b _build/nrf51822_xxaa_app_button.c.o
 .debug_macro   0x00000556      0x168 _build/nrf51822_xxaa_app_button.c.o
 .debug_macro   0x000006be       0x10 _build/nrf51822_xxaa_app_button.c.o
 .debug_macro   0x000006ce       0x16 _build/nrf51822_xxaa_app_button.c.o
 .debug_macro   0x000006e4       0x22 _build/nrf51822_xxaa_app_button.c.o
 .debug_macro   0x00000706       0x16 _build/nrf51822_xxaa_app_button.c.o
 .debug_macro   0x0000071c       0x1c _build/nrf51822_xxaa_app_button.c.o
 .debug_macro   0x00000738       0x36 _build/nrf51822_xxaa_app_button.c.o
 .debug_macro   0x0000076e       0x11 _build/nrf51822_xxaa_app_button.c.o
 .debug_macro   0x0000077f       0x30 _build/nrf51822_xxaa_app_button.c.o
 .debug_macro   0x000007af      0x28f _build/nrf51822_xxaa_app_error.c.o
 .debug_macro   0x00000a3e       0x34 _build/nrf51822_xxaa_app_error.c.o
 .debug_macro   0x00000a72       0x22 _build/nrf51822_xxaa_app_error.c.o
 .debug_macro   0x00000a94       0x16 _build/nrf51822_xxaa_app_error.c.o
 .debug_macro   0x00000aaa       0x97 _build/nrf51822_xxaa_app_error.c.o
 .debug_macro   0x00000b41       0xf6 _build/nrf51822_xxaa_app_error.c.o
 .debug_macro   0x00000c37       0x22 _build/nrf51822_xxaa_app_error.c.o
 .debug_macro   0x00000c59       0x16 _build/nrf51822_xxaa_app_error.c.o
 .debug_macro   0x00000c6f      0x39b _build/nrf51822_xxaa_app_error.c.o
 .debug_macro   0x0000100a      0x170 _build/nrf51822_xxaa_app_error.c.o
 .debug_macro   0x0000117a       0x5a _build/nrf51822_xxaa_app_error.c.o
 .debug_macro   0x000011d4       0x28 _build/nrf51822_xxaa_app_error.c.o
 .debug_macro   0x000011fc       0x22 _build/nrf51822_xxaa_app_error.c.o
 .debug_macro   0x0000121e      0x28f _build/nrf51822_xxaa_app_error_weak.c.o
 .debug_macro   0x000014ad       0x1c _build/nrf51822_xxaa_app_error_weak.c.o
 .debug_macro   0x000014c9      0x216 _build/nrf51822_xxaa_app_fifo.c.o
 .debug_macro   0x000016df      0x326 _build/nrf51822_xxaa_app_timer.c.o
 .debug_macro   0x00001a05       0x16 _build/nrf51822_xxaa_app_timer.c.o
 .debug_macro   0x00001a1b       0x40 _build/nrf51822_xxaa_app_timer.c.o
 .debug_macro   0x00001a5b       0x64 _build/nrf51822_xxaa_app_timer.c.o
 .debug_macro   0x00001abf       0x10 _build/nrf51822_xxaa_app_timer.c.o
 .debug_macro   0x00001acf       0x22 _build/nrf51822_xxaa_app_timer.c.o
 .debug_macro   0x00001af1       0x72 _build/nrf51822_xxaa_app_timer.c.o
 .debug_macro   0x00001b63      0x32b _build/nrf51822_xxaa_app_uart_fifo.c.o
 .debug_macro   0x00001e8e       0x18 _build/nrf51822_xxaa_app_uart_fifo.c.o
 .debug_macro   0x00001ea6       0x10 _build/nrf51822_xxaa_app_uart_fifo.c.o
 .debug_macro   0x00001eb6       0x36 _build/nrf51822_xxaa_app_uart_fifo.c.o
 .debug_macro   0x00001eec      0x262 _build/nrf51822_xxaa_app_util_platform.c.o
 .debug_macro   0x0000214e      0x229 _build/nrf51822_xxaa_fstorage.c.o
 .debug_macro   0x00002377       0x4d _build/nrf51822_xxaa_fstorage.c.o
 .debug_macro   0x000023c4       0x4f _build/nrf51822_xxaa_fstorage.c.o
 .debug_macro   0x00002413      0x2b3 _build/nrf51822_xxaa_retarget.c.o
 .debug_macro   0x000026c6      0x286 _build/nrf51822_xxaa_boards.c.o
 .debug_macro   0x0000294c       0xfa _build/nrf51822_xxaa_boards.c.o
 .debug_macro   0x00002a46      0x115 _build/nrf51822_xxaa_boards.c.o
 .debug_macro   0x00002b5b      0x420 _build/nrf51822_xxaa_nrf_drv_clock.c.o
 .debug_macro   0x00002f7b       0x10 _build/nrf51822_xxaa_nrf_drv_clock.c.o
 .debug_macro   0x00002f8b       0x28 _build/nrf51822_xxaa_nrf_drv_clock.c.o
 .debug_macro   0x00002fb3       0x1c _build/nrf51822_xxaa_nrf_drv_clock.c.o
 .debug_macro   0x00002fcf       0x8f _build/nrf51822_xxaa_nrf_drv_clock.c.o
 .debug_macro   0x0000305e       0xd6 _build/nrf51822_xxaa_nrf_drv_clock.c.o
 .debug_macro   0x00003134      0x1fb _build/nrf51822_xxaa_nrf_drv_clock.c.o
 .debug_macro   0x0000332f      0x3fa _build/nrf51822_xxaa_nrf_drv_clock.c.o
 .debug_macro   0x00003729       0x40 _build/nrf51822_xxaa_nrf_drv_clock.c.o
 .debug_macro   0x00003769       0x22 _build/nrf51822_xxaa_nrf_drv_clock.c.o
 .debug_macro   0x0000378b      0x201 _build/nrf51822_xxaa_nrf_drv_clock.c.o
 .debug_macro   0x0000398c       0x1c _build/nrf51822_xxaa_nrf_drv_clock.c.o
 .debug_macro   0x000039a8       0xdb _build/nrf51822_xxaa_nrf_drv_clock.c.o
 .debug_macro   0x00003a83       0x24 _build/nrf51822_xxaa_nrf_drv_clock.c.o
 .debug_macro   0x00003aa7       0x16 _build/nrf51822_xxaa_nrf_drv_clock.c.o
 .debug_macro   0x00003abd       0x10 _build/nrf51822_xxaa_nrf_drv_clock.c.o
 .debug_macro   0x00003acd      0x18a _build/nrf51822_xxaa_nrf_drv_clock.c.o
 .debug_macro   0x00003c57       0x1c _build/nrf51822_xxaa_nrf_drv_clock.c.o
 .debug_macro   0x00003c73       0x16 _build/nrf51822_xxaa_nrf_drv_clock.c.o
 .debug_macro   0x00003c89      0x176 _build/nrf51822_xxaa_nrf_drv_clock.c.o
 .debug_macro   0x00003dff      0x2cc _build/nrf51822_xxaa_nrf_drv_common.c.o
 .debug_macro   0x000040cb       0x22 _build/nrf51822_xxaa_nrf_drv_common.c.o
 .debug_macro   0x000040ed      0x3a2 _build/nrf51822_xxaa_nrf_drv_gpiote.c.o
 .debug_macro   0x0000448f       0x16 _build/nrf51822_xxaa_nrf_drv_gpiote.c.o
 .debug_macro   0x000044a5      0x387 _build/nrf51822_xxaa_nrf_drv_uart.c.o
 .debug_macro   0x0000482c      0x2da _build/nrf51822_xxaa_bsp.c.o
 .debug_macro   0x00004b06       0x16 _build/nrf51822_xxaa_bsp.c.o
 .debug_macro   0x00004b1c       0x1c _build/nrf51822_xxaa_bsp.c.o
 .debug_macro   0x00004b38      0x101 _build/nrf51822_xxaa_bsp.c.o
 .debug_macro   0x00004c39      0x373 _build/nrf51822_xxaa_bsp_btn_ble.c.o
 .debug_macro   0x00004fac      0x3f4 _build/nrf51822_xxaa_bsp_btn_ble.c.o
 .debug_macro   0x000053a0       0x3a _build/nrf51822_xxaa_bsp_btn_ble.c.o
 .debug_macro   0x000053da      0x4bc _build/nrf51822_xxaa_main.c.o
 .debug_macro   0x00005896       0xa6 _build/nrf51822_xxaa_main.c.o
 .debug_macro   0x0000593c       0x64 _build/nrf51822_xxaa_main.c.o
 .debug_macro   0x000059a0      0x2ea _build/nrf51822_xxaa_main.c.o
 .debug_macro   0x00005c8a       0x46 _build/nrf51822_xxaa_main.c.o
 .debug_macro   0x00005cd0       0x1c _build/nrf51822_xxaa_main.c.o